[装] 在 9080 上等这台机器人连过来…
[装] 接上了。先听一帧,认这台机器人报的东西长什么样。
[装] 这一帧没有观测 · func_name=(没有 func_name) · payload 的键=Some([])
[线] #0 收 hello · payload 键=Some([])
[装] 收到过的消息类型:[("hello", 1)]
[线] #1 收 reset · payload 键=Some(["trial_id"])
[线] #2 收 reset · payload 键=Some(["trial_id"])
[线] #3 收 call · payload 键=Some(["func_name", "obs"])
[认] 关节角:state.arm_joint_state · action.arm_joint_state
[认] 末端位姿:state.ee_pose
[认] 夹爪:state.ee_joint_state · action.ee_joint_state
[认] 相机:vision.cam_head.color
[认] 叶子:vision.cam_head.color=映射{} | vision.cam_head.shape=数组[3] | vision.cam_head.depth=映射{} | state.arm_joint_state=映射{} | state.ee_pose=映射{} | state.ee_joint_state=数组[1]
[认] 叶子:action.arm_joint_state=映射{} | action.ee_joint_state=数组[1] | data_format_version=String(Utf8String  | additional_info.frequency=Integer(PosInt(25) | instruction=String(Utf8String  | env_idx=Integer(PosInt(0))
[装] 从 /root/M0/cal.json 装回 6 格 —— 日程只会安排还欠的那几格
[装] 相机装回 1 台
[量] 第 1 轮:image_jacobian —— 因为 NeverMeasured
      [步数] 这具身体每步只交付 0.584 ⇒ 本相步数 300 × 1.7 = 513
      [协议] 静置 8 拍(由这具身体的延迟+交付率推出),周期 14 拍
      [归位] 锚点换成**量到的原位** (0.300,-0.005,0.962)
      [计时] 近 50 帧:等帧 139.7 ms/帧 · 解图 4.4 ms/帧 · 相机 1 台
      [计时] 近 50 帧:等帧 146.4 ms/帧 · 解图 4.4 ms/帧 · 相机 1 台
      [计时] 近 50 帧:等帧 143.4 ms/帧 · 解图 4.7 ms/帧 · 相机 1 台
      [计时] 近 50 帧:等帧 142.7 ms/帧 · 解图 4.8 ms/帧 · 相机 1 台
      [样] 命令 0.00008 m ⇒ 实到 0.00004 m(比 0.496)
      [样] 命令 0.00012 m ⇒ 实到 0.00001 m(比 0.097)
      [样] 命令 0.00013 m ⇒ 实到 0.00000 m(比 0.028)
      [样] 命令 0.00013 m ⇒ 实到 0.00000 m(比 0.006)
      [样] 命令 0.00013 m ⇒ 实到 0.00000 m(比 0.003)
      [样] 命令 0.00013 m ⇒ 实到 0.00000 m(比 0.000)
      [计时] 近 50 帧:等帧 143.0 ms/帧 · 解图 4.7 ms/帧 · 相机 1 台
      [样] 命令 0.00013 m ⇒ 实到 0.00000 m(比 0.000)
      [样] 命令 0.00013 m ⇒ 实到 0.00000 m(比 0.000)
      [样] 命令 0.00013 m ⇒ 实到 0.00000 m(比 0.000)
      [样] 命令 0.00013 m ⇒ 实到 0.00294 m(比 22.011)
      [样] 命令 0.00306 m ⇒ 实到 0.00131 m(比 0.428)
      [样] 命令 0.00263 m ⇒ 实到 0.00121 m(比 0.458)
      [相机强弱] 最强是第 0 台(共 1 台)· 各台(配对,双响)=[(8, 13607)] · 各台门槛=[4] · **这一格用第 0 台**(-1 = 还没定下来)
      [认手] 像素 (0.8934,0.5914) · 双响 13607 · 配对 8 · 地板 4
      [认手] 像素 (0.8623,0.1192) · 双响 10547 · 配对 9 · 地板 11
      [认手] 像素 (0.7625,0.2613) · 双响 10651 · 配对 6 · 地板 10
      [认手] 像素 (0.8227,0.2064) · 双响 8833 · 配对 5 · 地板 18
      [计时] 近 50 帧:等帧 144.7 ms/帧 · 解图 3.7 ms/帧 · 相机 1 台
      [认手] 像素 (0.7411,0.2496) · 双响 10186 · 配对 4 · 地板 10
      [认手] 像素 (0.7290,0.2474) · 双响 10536 · 配对 4 · 地板 9
      [计时] 近 50 帧:等帧 187.9 ms/帧 · 解图 4.1 ms/帧 · 相机 1 台
      [计时] 近 50 帧:等帧 135.4 ms/帧 · 解图 4.0 ms/帧 · 相机 1 台
      [计时] 近 50 帧:等帧 132.2 ms/帧 · 解图 4.2 ms/帧 · 相机 1 台
      [计时] 近 50 帧:等帧 137.2 ms/帧 · 解图 4.1 ms/帧 · 相机 1 台
      [计时] 近 50 帧:等帧 140.7 ms/帧 · 解图 4.1 ms/帧 · 相机 1 台
      [计时] 近 50 帧:等帧 138.2 ms/帧 · 解图 4.1 ms/帧 · 相机 1 台
      [计时] 近 50 帧:等帧 140.1 ms/帧 · 解图 4.1 ms/帧 · 相机 1 台
      [计时] 近 50 帧:等帧 143.5 ms/帧 · 解图 4.2 ms/帧 · 相机 1 台
      [计时] 近 50 帧:等帧 149.1 ms/帧 · 解图 4.1 ms/帧 · 相机 1 台
      [归位] 开跑时离目标 0.0001 m(容差 0.0160 m = 这一相自己的探针幅度)
      [认手] 攒到 35 个样本,交给估计器
      🟢 量到:6 维 · 非零 {0:0.460 1:1.813 2:1.086 3:-2.159 4:0.867 5:-0.304} —— 已收下
[量] 第 2 轮:hand_pixel —— 因为 NeverMeasured
      [步数] 这具身体每步只交付 0.584 ⇒ 本相步数 300 × 1.7 = 513
      [协议] 静置 8 拍(由这具身体的延迟+交付率推出),周期 14 拍
      [计时] 近 50 帧:等帧 142.9 ms/帧 · 解图 5.0 ms/帧 · 相机 1 台
      [计时] 近 50 帧:等帧 143.7 ms/帧 · 解图 5.0 ms/帧 · 相机 1 台
      [计时] 近 50 帧:等帧 142.6 ms/帧 · 解图 4.9 ms/帧 · 相机 1 台
      [计时] 近 50 帧:等帧 142.6 ms/帧 · 解图 5.0 ms/帧 · 相机 1 台
      [样] 命令 0.13826 m ⇒ 实到 0.03347 m(比 0.242)
      [计时] 近 50 帧:等帧 140.4 ms/帧 · 解图 4.9 ms/帧 · 相机 1 台
      [样] 命令 0.10633 m ⇒ 实到 0.03326 m(比 0.313)
      [样] 命令 0.07446 m ⇒ 实到 0.04057 m(比 0.545)
      [样] 命令 0.03394 m ⇒ 实到 0.02506 m(比 0.738)
      [样] 命令 0.00923 m ⇒ 实到 0.00634 m(比 0.687)
      [样] 命令 0.00289 m ⇒ 实到 0.00191 m(比 0.661)
      [样] 命令 0.00098 m ⇒ 实到 0.00063 m(比 0.638)
      [样] 命令 0.00037 m ⇒ 实到 0.00021 m(比 0.554)
      [样] 命令 0.00021 m ⇒ 实到 0.00007 m(比 0.335)
      [样] 命令 0.00017 m ⇒ 实到 0.00079 m(比 4.550)
      [样] 命令 0.00062 m ⇒ 实到 0.00114 m(比 1.831)
      [样] 命令 0.00057 m ⇒ 实到 0.00183 m(比 3.197)
      [相机强弱] 最强是第 0 台(共 1 台)· 各台(配对,双响)=[(9, 1708)] · 各台门槛=[28] · **这一格用第 0 台**(-1 = 还没定下来)
      [认手] 像素 (0.8124,0.1198) · 双响 1708 · 配对 9 · 地板 28
      [认手] 没有候选 · 双响 13 · **噪声地板 163**(满量程 255;地板高 = 空转不空)
      [认手] 像素 (0.6258,0.2156) · 双响 15 · 配对 0 · 地板 137
      [计时] 近 50 帧:等帧 140.0 ms/帧 · 解图 3.6 ms/帧 · 相机 1 台
      [认手] 没有候选 · 双响 4 · **噪声地板 168**(满量程 255;地板高 = 空转不空)
      [认手] 没有候选 · 双响 0 · **噪声地板 176**(满量程 255;地板高 = 空转不空)
      [认手] 像素 (0.9474,0.2612) · 双响 42 · 配对 0 · 地板 164
      [计时] 近 50 帧:等帧 140.6 ms/帧 · 解图 3.1 ms/帧 · 相机 1 台
      [认手] 像素 (0.9226,0.2250) · 双响 8651 · 配对 7 · 地板 17
      [计时] 近 50 帧:等帧 127.9 ms/帧 · 解图 2.6 ms/帧 · 相机 1 台
      [认手] 像素 (0.8554,0.1022) · 双响 7361 · 配对 2 · 地板 21
      [认手] 像素 (0.8657,0.1661) · 双响 11221 · 配对 5 · 地板 27
      [计时] 近 50 帧:等帧 136.8 ms/帧 · 解图 3.0 ms/帧 · 相机 1 台
      [计时] 近 50 帧:等帧 132.0 ms/帧 · 解图 2.8 ms/帧 · 相机 1 台
      [计时] 近 50 帧:等帧 136.1 ms/帧 · 解图 3.1 ms/帧 · 相机 1 台
      [计时] 近 50 帧:等帧 133.2 ms/帧 · 解图 3.0 ms/帧 · 相机 1 台
      [计时] 近 50 帧:等帧 134.8 ms/帧 · 解图 2.9 ms/帧 · 相机 1 台
      [计时] 近 50 帧:等帧 138.7 ms/帧 · 解图 3.1 ms/帧 · 相机 1 台
      [计时] 近 50 帧:等帧 127.8 ms/帧 · 解图 2.7 ms/帧 · 相机 1 台
      [归位] 开跑时离目标 0.0001 m(容差 0.0160 m = 这一相自己的探针幅度)
      🟡 严格跟踪器弃权(NoResponse)⇒ 退到形心:26 个候选加权 ⇒ (0.8751,0.1974),1σ=0.1070
      🟢 量到:[0.8751054305257794, 0.1973785053418116] —— 已收下
[量] 第 3 轮:gripper_span —— 因为 NeverMeasured
      [步数] 这具身体每步只交付 0.584 ⇒ 本相步数 1200 × 1.7 = 2054
      [协议] 静置 8 拍(由这具身体的延迟+交付率推出),周期 14 拍
      [跨度分档] 一档 0.0160 m —— 几何阶梯第 4 档(16 mm)
      [计时] 近 50 帧:等帧 114.8 ms/帧 · 解图 2.8 ms/帧 · 相机 1 台
      [计时] 近 50 帧:等帧 113.2 ms/帧 · 解图 2.4 ms/帧 · 相机 1 台
      [计时] 近 50 帧:等帧 139.2 ms/帧 · 解图 3.1 ms/帧 · 相机 1 台
      [计时] 近 50 帧:等帧 118.1 ms/帧 · 解图 2.4 ms/帧 · 相机 1 台
      [计时] 近 50 帧:等帧 116.0 ms/帧 · 解图 2.4 ms/帧 · 相机 1 台
      [样] 命令 0.00565 m ⇒ 实到 0.00396 m(比 0.702)
      [样] 命令 0.00169 m ⇒ 实到 0.00113 m(比 0.665)
      [样] 命令 0.00058 m ⇒ 实到 0.00038 m(比 0.649)
      [样] 命令 0.00023 m ⇒ 实到 0.00013 m(比 0.543)
      [样] 命令 0.00015 m ⇒ 实到 0.00004 m(比 0.274)
      [样] 命令 0.00014 m ⇒ 实到 0.00002 m(比 0.117)
      [样] 命令 0.00013 m ⇒ 实到 0.00001 m(比 0.040)
      [样] 命令 0.00013 m ⇒ 实到 0.00000 m(比 0.017)
      [样] 命令 0.00013 m ⇒ 实到 0.00000 m(比 0.007)
      [样] 命令 0.00013 m ⇒ 实到 0.00000 m(比 0.003)
      [样] 命令 0.00013 m ⇒ 实到 0.00000 m(比 0.002)
      [样] 命令 0.00013 m ⇒ 实到 0.00000 m(比 0.002)
      [钳口通道] 命令 0.0000 ⇒ 回读 [0.45, 0.45](两者恒等 ⇒ 回声,没有停住信号)
      [跨度] 第 0 台 · 平均开度 0.23 ⇒ 画面里两瓣相距 0.02386(配对 1)
      [相机强弱] 最强是第 0 台(共 1 台)· 各台(配对,双响)=[(1, 224)] · 各台门槛=[3] · **这一格用第 -1 台**(-1 = 还没定下来)
      [计时] 近 50 帧:等帧 118.4 ms/帧 · 解图 2.5 ms/帧 · 相机 1 台
      [钳口通道] 命令 0.0000 ⇒ 回读 [0.56, 0.56](两者恒等 ⇒ 回声,没有停住信号)
      [跨度] 第 0 台 · 平均开度 0.34 ⇒ 画面里两瓣相距 0.01635(配对 1)
      [计时] 近 50 帧:等帧 133.0 ms/帧 · 解图 3.0 ms/帧 · 相机 1 台
      [钳口通道] 命令 0.0000 ⇒ 回读 [0.67, 0.67](两者恒等 ⇒ 回声,没有停住信号)
      [跨度] 第 0 台 · 平均开度 0.45 ⇒ 画面里两瓣相距 0.02309(配对 1)
      [计时] 近 50 帧:等帧 133.0 ms/帧 · 解图 3.0 ms/帧 · 相机 1 台
      [钳口通道] 命令 0.0000 ⇒ 回读 [0.7800000000000001, 0.7800000000000001](两者恒等 ⇒ 回声,没有停住信号)
      [跨度] 第 0 台 · 平均开度 0.56 ⇒ 画面里两瓣相距 0.02991(配对 1)
      [钳口通道] 命令 0.0000 ⇒ 回读 [0.89, 0.89](两者恒等 ⇒ 回声,没有停住信号)
      [计时] 近 50 帧:等帧 134.3 ms/帧 · 解图 2.9 ms/帧 · 相机 1 台
      [钳口通道] 命令 0.0000 ⇒ 回读 [1.0, 1.0](两者恒等 ⇒ 回声,没有停住信号)
      [跨度] 第 0 台 · 平均开度 0.78 ⇒ 画面里两瓣相距 0.05645(配对 1)
      [计时] 近 50 帧:等帧 128.3 ms/帧 · 解图 2.8 ms/帧 · 相机 1 台
      [钳口通道] 命令 0.0000 ⇒ 回读 [0.45, 0.45](两者恒等 ⇒ 回声,没有停住信号)
      [跨度] 第 0 台 · 平均开度 0.23 ⇒ 画面里两瓣相距 0.04932(配对 3)
      [计时] 近 50 帧:等帧 135.1 ms/帧 · 解图 3.0 ms/帧 · 相机 1 台
      [钳口通道] 命令 0.0000 ⇒ 回读 [0.56, 0.56](两者恒等 ⇒ 回声,没有停住信号)
      [跨度] 第 0 台 · 平均开度 0.34 ⇒ 画面里两瓣相距 0.07543(配对 3)
      [钳口通道] 命令 0.0000 ⇒ 回读 [0.67, 0.67](两者恒等 ⇒ 回声,没有停住信号)
      [跨度] 第 0 台 · 平均开度 0.45 ⇒ 画面里两瓣相距 0.01099(配对 1)
      [计时] 近 50 帧:等帧 126.2 ms/帧 · 解图 2.6 ms/帧 · 相机 1 台
      [钳口通道] 命令 0.0000 ⇒ 回读 [0.7800000000000001, 0.7800000000000001](两者恒等 ⇒ 回声,没有停住信号)
      [计时] 近 50 帧:等帧 129.8 ms/帧 · 解图 3.0 ms/帧 · 相机 1 台
      [钳口通道] 命令 0.0000 ⇒ 回读 [0.89, 0.89](两者恒等 ⇒ 回声,没有停住信号)
      [计时] 近 50 帧:等帧 131.5 ms/帧 · 解图 3.0 ms/帧 · 相机 1 台
      [钳口通道] 命令 0.0000 ⇒ 回读 [1.0, 1.0](两者恒等 ⇒ 回声,没有停住信号)
      [钳口通道] 命令 0.0000 ⇒ 回读 [0.45, 0.45](两者恒等 ⇒ 回声,没有停住信号)
      [计时] 近 50 帧:等帧 173.3 ms/帧 · 解图 3.3 ms/帧 · 相机 1 台
      [钳口通道] 命令 0.0000 ⇒ 回读 [0.56, 0.56](两者恒等 ⇒ 回声,没有停住信号)
      [计时] 近 50 帧:等帧 135.0 ms/帧 · 解图 3.1 ms/帧 · 相机 1 台
      [钳口通道] 命令 0.0000 ⇒ 回读 [0.67, 0.67](两者恒等 ⇒ 回声,没有停住信号)
      [计时] 近 50 帧:等帧 124.8 ms/帧 · 解图 2.7 ms/帧 · 相机 1 台
      [钳口通道] 命令 0.0000 ⇒ 回读 [0.7800000000000001, 0.7800000000000001](两者恒等 ⇒ 回声,没有停住信号)
      [钳口通道] 命令 0.0000 ⇒ 回读 [0.89, 0.89](两者恒等 ⇒ 回声,没有停住信号)
      [计时] 近 50 帧:等帧 165.5 ms/帧 · 解图 3.2 ms/帧 · 相机 1 台
      [钳口通道] 命令 0.0000 ⇒ 回读 [1.0, 1.0](两者恒等 ⇒ 回声,没有停住信号)
      [计时] 近 50 帧:等帧 185.5 ms/帧 · 解图 3.4 ms/帧 · 相机 1 台
      [计时] 近 50 帧:等帧 152.9 ms/帧 · 解图 3.1 ms/帧 · 相机 1 台
      [计时] 近 50 帧:等帧 150.6 ms/帧 · 解图 3.2 ms/帧 · 相机 1 台
      [计时] 近 50 帧:等帧 175.1 ms/帧 · 解图 3.4 ms/帧 · 相机 1 台
      [计时] 近 50 帧:等帧 149.9 ms/帧 · 解图 3.1 ms/帧 · 相机 1 台
      [计时] 近 50 帧:等帧 134.4 ms/帧 · 解图 2.8 ms/帧 · 相机 1 台
      [计时] 近 50 帧:等帧 170.0 ms/帧 · 解图 3.5 ms/帧 · 相机 1 台
      [计时] 近 50 帧:等帧 158.4 ms/帧 · 解图 3.3 ms/帧 · 相机 1 台
      [计时] 近 50 帧:等帧 132.2 ms/帧 · 解图 3.0 ms/帧 · 相机 1 台
      [计时] 近 50 帧:等帧 179.4 ms/帧 · 解图 3.3 ms/帧 · 相机 1 台
      [计时] 近 50 帧:等帧 163.0 ms/帧 · 解图 3.3 ms/帧 · 相机 1 台
      [计时] 近 50 帧:等帧 137.5 ms/帧 · 解图 3.1 ms/帧 · 相机 1 台
      [计时] 近 50 帧:等帧 143.6 ms/帧 · 解图 3.1 ms/帧 · 相机 1 台
      [计时] 近 50 帧:等帧 175.3 ms/帧 · 解图 3.2 ms/帧 · 相机 1 台
      [计时] 近 50 帧:等帧 144.8 ms/帧 · 解图 3.2 ms/帧 · 相机 1 台
      [计时] 近 50 帧:等帧 146.6 ms/帧 · 解图 3.2 ms/帧 · 相机 1 台
      [计时] 近 50 帧:等帧 171.6 ms/帧 · 解图 3.2 ms/帧 · 相机 1 台
      [计时] 近 50 帧:等帧 142.4 ms/帧 · 解图 3.2 ms/帧 · 相机 1 台
      [计时] 近 50 帧:等帧 189.7 ms/帧 · 解图 3.3 ms/帧 · 相机 1 台
      [计时] 近 50 帧:等帧 170.5 ms/帧 · 解图 3.2 ms/帧 · 相机 1 台
      [计时] 近 50 帧:等帧 139.1 ms/帧 · 解图 3.2 ms/帧 · 相机 1 台
      [计时] 近 50 帧:等帧 176.8 ms/帧 · 解图 3.1 ms/帧 · 相机 1 台
      [计时] 近 50 帧:等帧 162.7 ms/帧 · 解图 3.2 ms/帧 · 相机 1 台
      [计时] 近 50 帧:等帧 141.6 ms/帧 · 解图 3.3 ms/帧 · 相机 1 台
      [计时] 近 50 帧:等帧 156.3 ms/帧 · 解图 3.3 ms/帧 · 相机 1 台
      [计时] 近 50 帧:等帧 175.7 ms/帧 · 解图 3.2 ms/帧 · 相机 1 台
      [计时] 近 50 帧:等帧 137.6 ms/帧 · 解图 3.2 ms/帧 · 相机 1 台
      [计时] 近 50 帧:等帧 185.0 ms/帧 · 解图 3.4 ms/帧 · 相机 1 台
      [归位] 开跑时离目标 0.0001 m(容差 0.0160 m = 这一相自己的探针幅度)
      [全相机] 第 0 台:19 个样本 · **8 个不同的位置**(解一台完整相机至少要 6 个、且不共面)
[针孔] 斜切按 0 处理(无约束解里是 0.0);回代最大残差 0.0 px
[针孔] 斜切按 0 处理(无约束解里是 0.0);回代最大残差 0.0 px
[针孔] 斜切按 0 处理(无约束解里是 0.0);回代最大残差 0.0 px
[针孔] 斜切按 0 处理(无约束解里是 0.0);回代最大残差 0.0 px
[针孔] 斜切按 0 处理(无约束解里是 0.0);回代最大残差 0.0 px
[针孔] 斜切按 0 处理(无约束解里是 0.0);回代最大残差 0.1 px
[针孔] 斜切按 0 处理(无约束解里是 0.0);回代最大残差 0.1 px
[针孔] 斜切按 0 处理(无约束解里是 -0.0);回代最大残差 0.1 px
[针孔] 斜切按 0 处理(无约束解里是 -0.0);回代最大残差 0.1 px
[针孔] 斜切按 0 处理(无约束解里是 0.0);回代最大残差 0.1 px
[针孔] 斜切按 0 处理(无约束解里是 0.0);回代最大残差 0.1 px
[针孔] 斜切按 0 处理(无约束解里是 0.0);回代最大残差 0.1 px
[针孔] 斜切按 0 处理(无约束解里是 -0.0);回代最大残差 0.1 px
[针孔] 斜切按 0 处理(无约束解里是 -0.0);回代最大残差 0.1 px
[针孔] 斜切按 0 处理(无约束解里是 -0.0);回代最大残差 0.1 px
[针孔] 斜切按 0 处理(无约束解里是 -0.0);回代最大残差 0.1 px
[针孔] 斜切按 0 处理(无约束解里是 -0.0);回代最大残差 0.1 px
[针孔] 斜切按 0 处理(无约束解里是 -0.0);回代最大残差 0.1 px
[针孔] 斜切按 0 处理(无约束解里是 -0.0);回代最大残差 0.1 px
[针孔] 斜切按 0 处理(无约束解里是 -0.0);回代最大残差 0.1 px
[针孔] 斜切按 0 处理(无约束解里是 -0.0);回代最大残差 0.1 px
[针孔] 斜切按 0 处理(无约束解里是 -0.0);回代最大残差 0.1 px
[针孔] 斜切按 0 处理(无约束解里是 -0.0);回代最大残差 0.1 px
[针孔] 斜切按 0 处理(无约束解里是 -0.0);回代最大残差 0.1 px
[针孔] 斜切按 0 处理(无约束解里是 -0.0);回代最大残差 0.1 px
[针孔] 斜切按 0 处理(无约束解里是 -0.0);回代最大残差 0.1 px
[针孔] 斜切按 0 处理(无约束解里是 -0.0);回代最大残差 0.1 px
[针孔] 斜切按 0 处理(无约束解里是 -0.0);回代最大残差 0.1 px
[针孔] 斜切按 0 处理(无约束解里是 -0.0);回代最大残差 0.1 px
[针孔] 斜切按 0 处理(无约束解里是 -0.0);回代最大残差 0.1 px
[针孔] 斜切按 0 处理(无约束解里是 -0.0);回代最大残差 0.1 px
[针孔] 斜切按 0 处理(无约束解里是 -0.0);回代最大残差 0.1 px
[针孔] 斜切按 0 处理(无约束解里是 -0.0);回代最大残差 0.1 px
[针孔] 斜切按 0 处理(无约束解里是 -0.0);回代最大残差 0.1 px
[针孔] 斜切按 0 处理(无约束解里是 -0.0);回代最大残差 0.1 px
[针孔] 斜切按 0 处理(无约束解里是 -0.0);回代最大残差 0.1 px
[针孔] 斜切按 0 处理(无约束解里是 -0.0);回代最大残差 0.1 px
[针孔] 斜切按 0 处理(无约束解里是 -0.0);回代最大残差 0.1 px
[针孔] 斜切按 0 处理(无约束解里是 0.1);回代最大残差 0.1 px
[针孔] 斜切按 0 处理(无约束解里是 0.1);回代最大残差 0.1 px
[针孔] 斜切按 0 处理(无约束解里是 0.1);回代最大残差 0.1 px
[针孔] 斜切按 0 处理(无约束解里是 -0.2);回代最大残差 0.2 px
[针孔] 斜切按 0 处理(无约束解里是 -0.1);回代最大残差 0.0 px
[针孔] 斜切按 0 处理(无约束解里是 -0.0);回代最大残差 0.0 px
[针孔] 斜切按 0 处理(无约束解里是 0.0);回代最大残差 0.0 px
[针孔] 斜切按 0 处理(无约束解里是 0.0);回代最大残差 0.0 px
[针孔] 斜切按 0 处理(无约束解里是 0.1);回代最大残差 0.0 px
[针孔] 斜切按 0 处理(无约束解里是 0.1);回代最大残差 0.0 px
[针孔] 斜切按 0 处理(无约束解里是 0.1);回代最大残差 0.0 px
[针孔] 斜切按 0 处理(无约束解里是 -0.1);回代最大残差 0.1 px
[针孔] 斜切按 0 处理(无约束解里是 -0.1);回代最大残差 0.1 px
[针孔] 斜切按 0 处理(无约束解里是 -0.1);回代最大残差 0.0 px
[针孔] 斜切按 0 处理(无约束解里是 -0.0);回代最大残差 0.0 px
[针孔] 斜切按 0 处理(无约束解里是 -0.0);回代最大残差 0.0 px
[针孔] 斜切按 0 处理(无约束解里是 -0.0);回代最大残差 0.0 px
[针孔] 斜切按 0 处理(无约束解里是 0.0);回代最大残差 0.0 px
[针孔] 斜切按 0 处理(无约束解里是 0.0);回代最大残差 0.0 px
[针孔] 斜切按 0 处理(无约束解里是 0.0);回代最大残差 0.0 px
[针孔] 斜切按 0 处理(无约束解里是 0.0);回代最大残差 0.0 px
[针孔] 斜切按 0 处理(无约束解里是 0.0);回代最大残差 0.0 px
[针孔] 斜切按 0 处理(无约束解里是 -0.1);回代最大残差 0.0 px
[针孔] 斜切按 0 处理(无约束解里是 -0.0);回代最大残差 0.0 px
[针孔] 斜切按 0 处理(无约束解里是 -0.0);回代最大残差 0.0 px
[针孔] 斜切按 0 处理(无约束解里是 -0.0);回代最大残差 0.0 px
[针孔] 斜切按 0 处理(无约束解里是 -0.0);回代最大残差 0.0 px
[针孔] 斜切按 0 处理(无约束解里是 -0.0);回代最大残差 0.0 px
[针孔] 斜切按 0 处理(无约束解里是 -0.0);回代最大残差 0.0 px
[针孔] 斜切按 0 处理(无约束解里是 -0.0);回代最大残差 0.0 px
[针孔] 斜切按 0 处理(无约束解里是 -0.0);回代最大残差 0.0 px
[针孔] 斜切按 0 处理(无约束解里是 -0.0);回代最大残差 0.0 px
[针孔] 斜切按 0 处理(无约束解里是 -0.0);回代最大残差 0.0 px
[针孔] 斜切按 0 处理(无约束解里是 -0.0);回代最大残差 0.0 px
[针孔] 斜切按 0 处理(无约束解里是 -0.0);回代最大残差 0.0 px
[针孔] 斜切按 0 处理(无约束解里是 -0.0);回代最大残差 0.0 px
[针孔] 斜切按 0 处理(无约束解里是 -0.0);回代最大残差 0.0 px
[针孔] 斜切按 0 处理(无约束解里是 -0.0);回代最大残差 0.0 px
[针孔] 斜切按 0 处理(无约束解里是 -0.0);回代最大残差 0.0 px
[针孔] 斜切按 0 处理(无约束解里是 -0.0);回代最大残差 0.0 px
[针孔] 斜切按 0 处理(无约束解里是 -0.0);回代最大残差 0.0 px
[针孔] 斜切按 0 处理(无约束解里是 -0.0);回代最大残差 0.0 px
      [全相机] 第 0 台解不出来:AxisAmbiguous(1.0104306933758127) —— 退回那把 2×2 的局部尺
      [跨度] 第 0 台 (x,y) 这一对:行列式 -0.72128 vs 1σ 0.16245 ⇒ |det|/σ = 4.44
      [跨度] 第 0 台 (x,z) 这一对:行列式 -1.40523 vs 1σ 0.81181 ⇒ |det|/σ = 1.73
      [跨度] 第 0 台 (y,z) 这一对:行列式 1.15929 vs 1σ 0.36734 ⇒ |det|/σ = 3.16
      [跨度] 第 0 台的尺:用 (x,y) · J=[0.9041,-0.0307,0.1221,-0.8019] · |det|/σ = 4.44(31 样本 · 自由度 24)
      [跨度喂] n=13 前几个 (开度,米)= (0.45,0.0300) (0.23,0.0637) (0.67,0.0871) (0.45,0.0720) (0.23,0.0469) (0.67,0.0703) 
      [跨度] 第 0 台 · 腕角 1.00 · 配对 13 → 换成米 13 个 · 尺 = 2×2 局部尺 J=[0.9041,-0.0307,0.1221,-0.8019] ⇒ NoResponse
      [跨度喂] n=13 前几个 (开度,米)= (0.56,0.0348) (0.34,0.0886) (0.78,0.0405) (0.56,0.1151) (0.34,0.0291) (0.78,0.1239) 
      [跨度] 第 0 台 · 腕角 1.50 · 配对 13 → 换成米 13 个 · 尺 = 2×2 局部尺 J=[0.9041,-0.0307,0.1221,-0.8019] ⇒ NoResponse
      [跨度喂] n=3 前几个 (开度,米)= (0.34,0.0195) (0.78,0.0695) (0.56,0.0454) 
      [跨度] 第 0 台 · 腕角 0.50 · 配对 3 → 换成米 3 个 · 尺 = 2×2 局部尺 J=[0.9041,-0.0307,0.1221,-0.8019] ⇒ NotEnoughSamples
      [跨度喂] n=2 前几个 (开度,米)= (0.23,0.0261) (0.45,0.0124) 
      [跨度] 第 0 台 · 腕角 0.00 · 配对 2 → 换成米 2 个 · 尺 = 2×2 局部尺 J=[0.9041,-0.0307,0.1221,-0.8019] ⇒ NotEnoughSamples
      🔴 拒绝:NotEnoughSamples —— 这一格仍然欠着,而且现在有名字
[量] 第 4 轮:arm_weight —— 因为 NeverMeasured
      [步数] 这具身体每步只交付 0.584 ⇒ 本相步数 300 × 1.7 = 513
      [计时] 近 50 帧:等帧 175.8 ms/帧 · 解图 3.3 ms/帧 · 相机 1 台
      [计时] 近 50 帧:等帧 183.8 ms/帧 · 解图 3.3 ms/帧 · 相机 1 台
      [计时] 近 50 帧:等帧 183.0 ms/帧 · 解图 3.3 ms/帧 · 相机 1 台
      [计时] 近 50 帧:等帧 181.0 ms/帧 · 解图 3.3 ms/帧 · 相机 1 台
      [计时] 近 50 帧:等帧 179.8 ms/帧 · 解图 3.2 ms/帧 · 相机 1 台
      [样] 命令 0.44834 m ⇒ 实到 0.02592 m(比 0.058)
      [样] 命令 0.42430 m ⇒ 实到 0.05032 m(比 0.119)
      [样] 命令 0.38056 m ⇒ 实到 0.04274 m(比 0.112)
      [样] 命令 0.34392 m ⇒ 实到 0.02062 m(比 0.060)
      [样] 命令 0.33842 m ⇒ 实到 0.02237 m(比 0.066)
      [样] 命令 0.27984 m ⇒ 实到 0.02619 m(比 0.094)
      [样] 命令 0.29934 m ⇒ 实到 0.02581 m(比 0.086)
      [样] 命令 0.32070 m ⇒ 实到 0.04129 m(比 0.129)
      [样] 命令 0.31025 m ⇒ 实到 0.05070 m(比 0.163)
      [样] 命令 0.29429 m ⇒ 实到 0.01867 m(比 0.063)
      [样] 命令 0.27986 m ⇒ 实到 0.02736 m(比 0.098)
      [样] 命令 0.20349 m ⇒ 实到 0.01970 m(比 0.097)
      [计时] 近 50 帧:等帧 156.7 ms/帧 · 解图 3.3 ms/帧 · 相机 1 台
      [计时] 近 50 帧:等帧 167.2 ms/帧 · 解图 3.2 ms/帧 · 相机 1 台
      [计时] 近 50 帧:等帧 154.6 ms/帧 · 解图 3.3 ms/帧 · 相机 1 台
      [计时] 近 50 帧:等帧 143.5 ms/帧 · 解图 3.4 ms/帧 · 相机 1 台
      [计时] 近 50 帧:等帧 135.9 ms/帧 · 解图 3.5 ms/帧 · 相机 1 台
      [计时] 近 50 帧:等帧 137.1 ms/帧 · 解图 3.3 ms/帧 · 相机 1 台
      [计时] 近 50 帧:等帧 145.7 ms/帧 · 解图 3.3 ms/帧 · 相机 1 台
      [计时] 近 50 帧:等帧 150.9 ms/帧 · 解图 3.2 ms/帧 · 相机 1 台
      [计时] 近 50 帧:等帧 142.0 ms/帧 · 解图 3.1 ms/帧 · 相机 1 台
      [计时] 近 50 帧:等帧 137.7 ms/帧 · 解图 3.2 ms/帧 · 相机 1 台
      [归位] 开跑时离目标 0.0001 m(容差 0.0160 m = 这一相自己的探针幅度)
      🔴 拒绝:MissingDependency —— 这一格仍然欠着,而且现在有名字
[量] 第 5 轮:self_occlusion —— 因为 NeverMeasured
      [步数] 这具身体每步只交付 0.584 ⇒ 本相步数 300 × 1.7 = 513
      [协议] 静置 8 拍(由这具身体的延迟+交付率推出),周期 14 拍
      [计时] 近 50 帧:等帧 140.0 ms/帧 · 解图 3.1 ms/帧 · 相机 1 台
      [计时] 近 50 帧:等帧 147.1 ms/帧 · 解图 3.1 ms/帧 · 相机 1 台
      [计时] 近 50 帧:等帧 143.5 ms/帧 · 解图 3.2 ms/帧 · 相机 1 台
      [计时] 近 50 帧:等帧 144.3 ms/帧 · 解图 3.1 ms/帧 · 相机 1 台
      [计时] 近 50 帧:等帧 142.3 ms/帧 · 解图 3.2 ms/帧 · 相机 1 台
      [样] 命令 0.19521 m ⇒ 实到 0.02316 m(比 0.119)
      [样] 命令 0.17352 m ⇒ 实到 0.03750 m(比 0.216)
      [样] 命令 0.14619 m ⇒ 实到 0.04161 m(比 0.285)
      [样] 命令 0.10883 m ⇒ 实到 0.02099 m(比 0.193)
      [样] 命令 0.09014 m ⇒ 实到 0.01012 m(比 0.112)
      [样] 命令 0.08033 m ⇒ 实到 0.04496 m(比 0.560)
      [样] 命令 0.11218 m ⇒ 实到 0.02761 m(比 0.246)
      [样] 命令 0.13647 m ⇒ 实到 0.03264 m(比 0.239)
      [样] 命令 0.11596 m ⇒ 实到 0.02468 m(比 0.213)
      [样] 命令 0.09484 m ⇒ 实到 0.02602 m(比 0.274)
      [样] 命令 0.11261 m ⇒ 实到 0.01411 m(比 0.125)
      [样] 命令 0.10087 m ⇒ 实到 0.04903 m(比 0.486)
      [相机强弱] 最强是第 0 台(共 1 台)· 各台(配对,双响)=[(0, 13)] · 各台门槛=[162] · **这一格用第 0 台**(-1 = 还没定下来)
      [遮挡] 位姿 0 · 格子掩膜 0b010000 · 双响 13 · 地板 162
      [遮挡] 位姿 1 · 格子掩膜 0b000000 · 双响 0 · 地板 196
      [遮挡] 位姿 2 · 格子掩膜 0b000000 · 双响 0 · 地板 181
      [计时] 近 50 帧:等帧 146.0 ms/帧 · 解图 3.2 ms/帧 · 相机 1 台
      [遮挡] 位姿 3 · 格子掩膜 0b10000000000 · 双响 270 · 地板 10
      [计时] 近 50 帧:等帧 142.3 ms/帧 · 解图 3.2 ms/帧 · 相机 1 台
      [计时] 近 50 帧:等帧 159.9 ms/帧 · 解图 3.1 ms/帧 · 相机 1 台
      [计时] 近 50 帧:等帧 134.1 ms/帧 · 解图 3.3 ms/帧 · 相机 1 台
      [计时] 近 50 帧:等帧 168.3 ms/帧 · 解图 3.1 ms/帧 · 相机 1 台
      [计时] 近 50 帧:等帧 136.9 ms/帧 · 解图 3.2 ms/帧 · 相机 1 台
      [计时] 近 50 帧:等帧 160.8 ms/帧 · 解图 3.1 ms/帧 · 相机 1 台
      [计时] 近 50 帧:等帧 137.8 ms/帧 · 解图 3.2 ms/帧 · 相机 1 台
      [计时] 近 50 帧:等帧 184.6 ms/帧 · 解图 3.1 ms/帧 · 相机 1 台
      [计时] 近 50 帧:等帧 150.5 ms/帧 · 解图 3.1 ms/帧 · 相机 1 台
      [归位] 开跑时离目标 0.0000 m(容差 0.0160 m = 这一相自己的探针幅度)
      [遮挡] 攒到 36 张掩膜
      🟢 量到:24 维 · 非零 {1:0.028 3:0.028 4:0.028 7:0.028 8:0.028 10:0.194 11:0.111 13:0.028 14:0.028 15:0.056 21:0.056 22:0.028 23:0.028} —— 已收下
[量] 第 6 轮:tool_axis_column —— 因为 NeverMeasured
      [步数] 这具身体每步只交付 0.584 ⇒ 本相步数 400 × 1.7 = 684
      [协议] 静置 8 拍(由这具身体的延迟+交付率推出),周期 14 拍
      [计时] 近 50 帧:等帧 181.9 ms/帧 · 解图 3.2 ms/帧 · 相机 1 台
      [计时] 近 50 帧:等帧 182.4 ms/帧 · 解图 3.2 ms/帧 · 相机 1 台
      [计时] 近 50 帧:等帧 182.5 ms/帧 · 解图 3.1 ms/帧 · 相机 1 台
      [计时] 近 50 帧:等帧 183.0 ms/帧 · 解图 3.2 ms/帧 · 相机 1 台
      [计时] 近 50 帧:等帧 181.8 ms/帧 · 解图 3.1 ms/帧 · 相机 1 台
      [样] 命令 0.00009 m ⇒ 实到 0.00003 m(比 0.368)
      [样] 命令 0.00012 m ⇒ 实到 0.00001 m(比 0.089)
      [样] 命令 0.00013 m ⇒ 实到 0.00000 m(比 0.031)
      [样] 命令 0.00013 m ⇒ 实到 0.00000 m(比 0.000)
      [样] 命令 0.00013 m ⇒ 实到 0.00000 m(比 0.000)
      [样] 命令 0.00013 m ⇒ 实到 0.00000 m(比 0.000)
      [样] 命令 0.00013 m ⇒ 实到 0.00000 m(比 0.000)
      [样] 命令 0.00013 m ⇒ 实到 0.00000 m(比 0.000)
      [样] 命令 0.00013 m ⇒ 实到 0.00000 m(比 0.000)
      [样] 命令 0.00013 m ⇒ 实到 0.00000 m(比 0.000)
      [样] 命令 0.00013 m ⇒ 实到 0.00000 m(比 0.000)
      [样] 命令 0.00013 m ⇒ 实到 0.00000 m(比 0.000)
      [相机强弱] 最强是第 0 台(共 1 台)· 各台(配对,双响)=[(0, 0)] · 各台门槛=[3] · **这一格用第 0 台**(-1 = 还没定下来)
      [认手] 没有候选 · 双响 0 · **噪声地板 3**(满量程 255;地板高 = 空转不空)
      [认手] 没有候选 · 双响 10 · **噪声地板 6**(满量程 255;地板高 = 空转不空)
      [认手] 没有候选 · 双响 14 · **噪声地板 8**(满量程 255;地板高 = 空转不空)
      [计时] 近 50 帧:等帧 176.3 ms/帧 · 解图 3.1 ms/帧 · 相机 1 台
      [计时] 近 50 帧:等帧 166.0 ms/帧 · 解图 3.2 ms/帧 · 相机 1 台
      [工具] 第 1 列 · 腕角 0.15 ⇒ 工作点 (0.7465,0.2892)
      [计时] 近 50 帧:等帧 154.1 ms/帧 · 解图 3.1 ms/帧 · 相机 1 台
      [工具] 第 1 列 · 腕角 0.30 ⇒ 工作点 (0.7873,0.3200)
      [工具] 第 1 列 · 腕角 0.45 ⇒ 工作点 (0.7345,0.3120)
      [计时] 近 50 帧:等帧 147.3 ms/帧 · 解图 3.3 ms/帧 · 相机 1 台
      [工具] 第 1 列 · 腕角 0.75 ⇒ 工作点 (0.7380,0.3163)
      [工具] 第 1 列 · 腕角 0.90 ⇒ 工作点 (0.7380,0.3218)
      [工具] 第 1 列 · 腕角 1.05 ⇒ 工作点 (0.7322,0.3315)
      [计时] 近 50 帧:等帧 138.0 ms/帧 · 解图 3.2 ms/帧 · 相机 1 台
      [计时] 近 50 帧:等帧 132.4 ms/帧 · 解图 3.3 ms/帧 · 相机 1 台
      [计时] 近 50 帧:等帧 136.8 ms/帧 · 解图 3.2 ms/帧 · 相机 1 台
      [计时] 近 50 帧:等帧 139.8 ms/帧 · 解图 3.3 ms/帧 · 相机 1 台
      [计时] 近 50 帧:等帧 166.4 ms/帧 · 解图 3.2 ms/帧 · 相机 1 台
      [计时] 近 50 帧:等帧 147.8 ms/帧 · 解图 3.2 ms/帧 · 相机 1 台
      [计时] 近 50 帧:等帧 142.8 ms/帧 · 解图 3.3 ms/帧 · 相机 1 台
      [计时] 近 50 帧:等帧 141.4 ms/帧 · 解图 3.3 ms/帧 · 相机 1 台
      [计时] 近 50 帧:等帧 139.6 ms/帧 · 解图 3.3 ms/帧 · 相机 1 台
      [归位] 开跑时离目标 0.0001 m(容差 0.0160 m = 这一相自己的探针幅度)
      [工具] 三列共 27 个弧点,换成米之后交给估计器
      🔴 拒绝:NotEnoughSamples —— 这一格仍然欠着,而且现在有名字
[量] 第 7 轮:floor —— 因为 NeverMeasured
      [步数] 这具身体每步只交付 0.584 ⇒ 本相步数 240 × 1.7 = 410
      [计时] 近 50 帧:等帧 138.3 ms/帧 · 解图 3.2 ms/帧 · 相机 1 台
      [计时] 近 50 帧:等帧 141.9 ms/帧 · 解图 3.1 ms/帧 · 相机 1 台
      [计时] 近 50 帧:等帧 128.9 ms/帧 · 解图 3.2 ms/帧 · 相机 1 台
      [计时] 近 50 帧:等帧 140.4 ms/帧 · 解图 3.1 ms/帧 · 相机 1 台
      [计时] 近 50 帧:等帧 123.2 ms/帧 · 解图 3.3 ms/帧 · 相机 1 台
      [样] 命令 0.01780 m ⇒ 实到 0.01155 m(比 0.649)
      [样] 命令 0.01780 m ⇒ 实到 0.01155 m(比 0.649)
      [样] 命令 0.01780 m ⇒ 实到 0.01156 m(比 0.649)
      [样] 命令 0.01780 m ⇒ 实到 0.01157 m(比 0.650)
      [样] 命令 0.01780 m ⇒ 实到 0.01157 m(比 0.650)
      [样] 命令 0.01780 m ⇒ 实到 0.01157 m(比 0.650)
      [样] 命令 0.01780 m ⇒ 实到 0.01160 m(比 0.651)
      [样] 命令 0.01780 m ⇒ 实到 0.01127 m(比 0.633)
      [样] 命令 0.01780 m ⇒ 实到 0.00570 m(比 0.320)
      [样] 命令 0.01780 m ⇒ 实到 0.00452 m(比 0.254)
      [样] 命令 0.01780 m ⇒ 实到 0.00402 m(比 0.226)
      [样] 命令 0.01780 m ⇒ 实到 0.00403 m(比 0.226)
      [计时] 近 50 帧:等帧 130.2 ms/帧 · 解图 3.2 ms/帧 · 相机 1 台
      [计时] 近 50 帧:等帧 138.4 ms/帧 · 解图 3.1 ms/帧 · 相机 1 台
      [计时] 近 50 帧:等帧 134.3 ms/帧 · 解图 3.2 ms/帧 · 相机 1 台
      [计时] 近 50 帧:等帧 141.2 ms/帧 · 解图 3.2 ms/帧 · 相机 1 台
      [计时] 近 50 帧:等帧 143.4 ms/帧 · 解图 3.2 ms/帧 · 相机 1 台
      [计时] 近 50 帧:等帧 144.4 ms/帧 · 解图 3.1 ms/帧 · 相机 1 台
      [计时] 近 50 帧:等帧 135.0 ms/帧 · 解图 3.2 ms/帧 · 相机 1 台
      [计时] 近 50 帧:等帧 123.2 ms/帧 · 解图 3.3 ms/帧 · 相机 1 台
      [归位] 开跑时离目标 0.0001 m(容差 0.0160 m = 这一相自己的探针幅度)
      [桌面] 界 0.292 = 自由空间交付率 0.584 的一半(本相中位 0.642 —— **只作参考,不再当界**;接触阈那格是 0.305,不搬用)
      [桌面] 压住 93 个 z∈[0.8221,0.9268] · 自由 146 个 z∈[0.8239,0.9510]
      [桌面] 扔掉 53 个高于「起点 − 相尺」(z ≥ 0.926)的样本 —— 高处的塌是限位,不是桌子
      🟢 量到:[0.8712117756190507] —— 已收下
[装] 欠的 {"arm_weight", "gripper_span", "tool_axis_column"} 全部可装回或不挡开工 ⇒ 不补摇,直接进干活模式
[装] 🟢 走完一轮:量到 4 格,点名拒绝 3 格。
[装]    量到:["image_jacobian", "hand_pixel", "self_occlusion", "floor"]
[装]    还欠:{"arm_weight", "gripper_span", "tool_axis_column"}
[问] 夹一个 3 cm 宽的东西 ⇒ 🔴 不行:NeverMeasured · 卡在 gripper_span
[问] 把手伸到离基座 0.30 m ⇒ 🟢 可以
[问] 走一步 2 cm,要准到 1 mm ⇒ 🔴 不行:UncertaintyTooHigh · 卡在 step_delivery
[问] 判断我碰到桌面了没有 ⇒ 🟢 可以
[装] 每一相开跑时离原位:
[装]    image_jacobian       0.0001 m
[装]    hand_pixel           0.0001 m
[装]    gripper_span         0.0001 m
[装]    arm_weight           0.0001 m
[装]    self_occlusion       0.0000 m
[装]    tool_axis_column     0.0001 m
[装]    floor                0.0001 m
[装] 标定写到 /root/N40/cal.json(量到 4 格)
[服] 标定日程走完 —— 进入干活模式:观测里给什么指令,就做什么。
[服] gripper_span 本轮没量到 ⇒ 从 --in 装回 [0.06838092631018086](耐久身体常数,先前炮实测过闸)
[服] tool_offset 本轮没量到 ⇒ 从 --in 装回 [0.18444444444444444](耐久身体常数,先前炮实测过闸)
[服] tool_axis_column 本轮没量到 ⇒ 从 --in 装回 [2.0](耐久身体常数,先前炮实测过闸)
[服] 指令:"Pick up the cube by 10 cm." —— 整句直接问眼(它的提示词本来就是 Task: ...)
[服] 眼重问:(0.500,0.520)→(0.500,0.519) 分歧 0.0012 ⇒ 宽容 1.50
[链] 渲图落盘 ⇒ /root/N40/look/mask.bmp(红=圈中的像素,绿十字=眼指的点)
[链] 🔴 **只有一个视角** —— 背面没看过。下游拿到的接触集是【从一面算出来的】,
[链]    而它和多视角算出来的长得一模一样。要它更可信,就再看一眼(移一下 / 换台相机)。
[链] 减支撑面:657 点里 370 在面上(法向 [0.79, -0.06, -0.61])⇒ 剩 287
[链] 圈住 657 像素 ⇒ 287 个三维点 · 高度 0.2133..0.2541(跨 40.8 mm)
[链] 候选筛:宽超钳口拒 8 条;选中的那条离手 0.806 m
[链] 倾角是算的:离手 0.806 m · 够得着上界 0.356 m ⇒ 缺 0.0 mm ⇒ 倾 0.0°
[链] 下手姿态:倾 0° ⇒ 手腕能退后 0.0 mm(0 = 这一把钳口方向倾了没收益,老实竖着下)
[链] 候选 161 条 ⇒ 下手宽 26.7 mm ⇒ 航点 2 步(贴上那步第一个接触点 [0.0315, 0.0306, 0.2507])
[链] 手腕:接触集要工具轴 [-0.2, -0.98, 0.0] · 钳口张开方向 [-0.98, 0.2, 0.0]
[链] 不接触测高:桌面 0.2133 · 顶面 0.2507 ⇒ 厚 37.4 mm ⇒ 腰 0.2320 + 偏置 0 mm ⇒ 命令指尖 0.2320
[服] 🟢 计划:候选 161 · 航点 2 · 下手宽 26.7 mm · 指尖 (0.029,0.017,0.232) · 抬 0.10 m
      [计时] 近 50 帧:等帧 136.1 ms/帧 · 解图 3.2 ms/帧 · 相机 1 台
[服] 接近:差 0.000 m · 手 (0.306,0.355,0.978) · 钳口指令 1.0
[服]   晃认:双响 0 · 配对 0 · 地板 184 · m1 0 m2 0
[服]   晃爪认手这轮没认出 ⇒ 再晃(1/3)
[服] 接近:差 0.000 m · 手 (0.303,0.355,0.978) · 钳口指令 1.0
      [计时] 近 50 帧:等帧 143.3 ms/帧 · 解图 3.2 ms/帧 · 相机 1 台
[服]   晃认:双响 360 · 配对 1 · 地板 16 · m1 692 m2 760
[服]   晃爪认手:爪 (0.683,0.136) ⇒ 快眼开跟(半 19 px)
[服] 接近:差 0.009 m · 手 (0.301,0.355,0.978) · 钳口指令 1.0
[服] 接近:爪估 (0.681,0.135) 物 (0.500,0.519) 差 0.4240 · 手 (0.301,0.355,0.978) · z到底 2
[服] 快眼失守:命动 0.061 应动 0.019 ⇒ 模板作废,晃爪重认
[服] 接近:差 0.000 m · 手 (0.313,0.340,0.963) · 钳口指令 1.0
      [计时] 近 50 帧:等帧 144.6 ms/帧 · 解图 3.1 ms/帧 · 相机 1 台
[服]   晃认:双响 223 · 配对 1 · 地板 23 · m1 451 m2 553
[服]   晃爪认手:爪 (0.686,0.157) ⇒ 快眼开跟(半 19 px)
[服] 快眼失守:命动 0.051 应动 0.016 ⇒ 模板作废,晃爪重认
[服] 接近:差 0.011 m · 手 (0.310,0.322,0.958) · 钳口指令 1.0
[服] 接近:差 0.000 m · 手 (0.309,0.323,0.960) · 钳口指令 1.0
      [计时] 近 50 帧:等帧 144.3 ms/帧 · 解图 3.2 ms/帧 · 相机 1 台
[服]   晃认:双响 289 · 配对 1 · 地板 22 · m1 611 m2 667
[服]   晃爪认手:爪 (0.686,0.168) ⇒ 快眼开跟(半 19 px)
[服] 接近:差 0.005 m · 手 (0.305,0.284,0.930) · 钳口指令 1.0
[服] 接近:爪估 (0.683,0.206) 物 (0.500,0.519) 差 0.3620 · 手 (0.305,0.284,0.930) · z到底 0
[服] 接近:差 0.005 m · 手 (0.284,0.222,0.879) · 钳口指令 1.0
[服]   避物窗:物(0.50,0.52) 爪估(0.66,0.28) ⇒ 窗 [265..585)×[12..225)
[服]   身份复核过(离 0.024)
[服] 接近:爪估 (0.664,0.277) 物 (0.500,0.519) 差 0.2921 · 手 (0.284,0.222,0.879) · z到底 0
      [计时] 近 50 帧:等帧 155.5 ms/帧 · 解图 3.1 ms/帧 · 相机 1 台
[服] 接近:差 0.004 m · 手 (0.287,0.176,0.878) · 钳口指令 1.0
[服] 接近:爪估 (0.673,0.304) 物 (0.500,0.519) 差 0.2759 · 手 (0.287,0.176,0.878) · z到底 10
[服]   身份复核过(离 0.039)
[服] 接近:差 0.004 m · 手 (0.263,0.112,0.878) · 钳口指令 1.0
[服] 接近:爪估 (0.667,0.344) 物 (0.500,0.519) 差 0.2420 · 手 (0.263,0.112,0.878) · z到底 10
      [计时] 近 50 帧:等帧 158.9 ms/帧 · 解图 2.9 ms/帧 · 相机 1 台
[服] 接近:差 0.004 m · 手 (0.238,0.049,0.878) · 钳口指令 1.0
[服] 接近:爪估 (0.659,0.388) 物 (0.500,0.519) 差 0.2065 · 手 (0.238,0.049,0.878) · z到底 10
[服]   身份复核失败(慢眼 (0.729,0.299) vs 快眼 (0.652,0.394) 离 0.123)且已在 z 底 ⇒ 换下手点
[服] 指令:"Pick up the cube by 10 cm." —— 整句直接问眼(它的提示词本来就是 Task: ...)
[服] 眼重问:(0.490,0.520)→(0.492,0.543) 分歧 0.0228 ⇒ 宽容 1.76
[链] 渲图落盘 ⇒ /root/N40/look/mask.bmp(红=圈中的像素,绿十字=眼指的点)
[链] 🔴 **只有一个视角** —— 背面没看过。下游拿到的接触集是【从一面算出来的】,
[链]    而它和多视角算出来的长得一模一样。要它更可信,就再看一眼(移一下 / 换台相机)。
[链] 减支撑面:898 点里 563 在面上(法向 [0.97, 0.09, -0.22])⇒ 剩 335
[链] ⚠️ 面不太水平(法向 z=-0.22)—— 照常往下走
[链] 圈住 898 像素 ⇒ 335 个三维点 · 高度 0.1163..0.2363(跨 120.0 mm)
[链] 候选筛:宽超钳口拒 0 条;选中的那条离手 0.736 m
[链] 倾角是算的:离手 0.736 m · 够得着上界 0.356 m ⇒ 缺 0.0 mm ⇒ 倾 0.0°
[链] 下手姿态:倾 0° ⇒ 手腕能退后 0.0 mm(0 = 这一把钳口方向倾了没收益,老实竖着下)
[链] 候选 252 条 ⇒ 下手宽 10.8 mm ⇒ 航点 2 步(贴上那步第一个接触点 [0.0497, 0.0034, 0.1663])
[链] 手腕:接触集要工具轴 [-0.38, 0.92, 0.0] · 钳口张开方向 [0.92, 0.38, 0.0]
[链] 不接触测高:桌面 0.1163 · 顶面 0.1663 ⇒ 厚 50.0 mm ⇒ 腰 0.1413 + 偏置 0 mm ⇒ 命令指尖 0.1413
[服] 🟢 计划:候选 252 · 航点 2 · 下手宽 10.8 mm · 指尖 (0.048,0.008,0.141) · 抬 0.10 m
[服] 接近:差 0.003 m · 手 (0.139,-0.118,0.878) · 钳口指令 1.0
      [计时] 近 50 帧:等帧 144.0 ms/帧 · 解图 2.7 ms/帧 · 相机 1 台
[服]   晃认:双响 0 · 配对 0 · 地板 183 · m1 10 m2 0
[服]   晃爪认手这轮没认出 ⇒ 再晃(1/3)
[服] 接近:差 0.000 m · 手 (0.149,-0.157,0.883) · 钳口指令 1.0
[服] 接近:差 0.000 m · 手 (0.148,-0.157,0.883) · 钳口指令 1.0
      [计时] 近 50 帧:等帧 120.6 ms/帧 · 解图 2.4 ms/帧 · 相机 1 台
[服]   晃认:双响 184 · 配对 0 · 地板 18 · m1 365 m2 358
[服]   晃爪认手:爪 (0.603,0.559) ⇒ 快眼开跟(半 19 px)
[服] 接近:差 0.004 m · 手 (0.105,-0.174,0.877) · 钳口指令 1.0
[服] 接近:爪估 (0.575,0.573) 物 (0.492,0.543) 差 0.0883 · 手 (0.105,-0.174,0.877) · z到底 10
[服] 接近:差 0.004 m · 手 (0.042,-0.198,0.877) · 钳口指令 1.0
[服] 接近:爪估 (0.520,0.602) 物 (0.492,0.543) 差 0.0657 · 手 (0.042,-0.198,0.877) · z到底 10
      [计时] 近 50 帧:等帧 157.4 ms/帧 · 解图 2.8 ms/帧 · 相机 1 台
[服] 接近:差 0.004 m · 手 (0.004,-0.161,0.877) · 钳口指令 1.0
[服] 接近:爪估 (0.466,0.573) 物 (0.492,0.543) 差 0.0401 · 手 (0.004,-0.161,0.877) · z到底 10
[服] 🟢 收敛(差 0.0120)且 z 到底 ⇒ 合爪
[服] 有指通道被撑住(读数停在半途)⇒ 合完,抬
[服] 抬:差 0.180 m · 手 (0.088,-0.117,0.905) · 钳口指令 0.0
[服] 新的一集 —— 计划清空
[服] 指令:"Pick up the cube by 10 cm." —— 整句直接问眼(它的提示词本来就是 Task: ...)
[服] 眼重问:(0.520,0.520)→(0.524,0.552) 分歧 0.0323 ⇒ 宽容 2.08
[链] 渲图落盘 ⇒ /root/N40/look/mask.bmp(红=圈中的像素,绿十字=眼指的点)
[链] 🔴 **只有一个视角** —— 背面没看过。下游拿到的接触集是【从一面算出来的】,
[链]    而它和多视角算出来的长得一模一样。要它更可信,就再看一眼(移一下 / 换台相机)。
[链] 减支撑面:1244 点里 889 在面上(法向 [0.79, -0.06, -0.61])⇒ 剩 355
[链] 圈住 1244 像素 ⇒ 355 个三维点 · 高度 0.2202..0.3129(跨 92.7 mm)
[链] 候选筛:宽超钳口拒 0 条;选中的那条离手 0.694 m
[链] 倾角是算的:离手 0.694 m · 够得着上界 0.356 m ⇒ 缺 0.0 mm ⇒ 倾 0.0°
[链] 下手姿态:倾 0° ⇒ 手腕能退后 0.0 mm(0 = 这一把钳口方向倾了没收益,老实竖着下)
[链] 候选 162 条 ⇒ 下手宽 26.2 mm ⇒ 航点 2 步(贴上那步第一个接触点 [0.0792, -0.0586, 0.3051])
[链] 手腕:接触集要工具轴 [-0.56, 0.83, 0.0] · 钳口张开方向 [0.83, 0.56, 0.0]
[链] 不接触测高:桌面 0.2202 · 顶面 0.3051 ⇒ 厚 85.0 mm ⇒ 腰 0.2627 + 偏置 0 mm ⇒ 命令指尖 0.2627
[服] 🟢 计划:候选 162 · 航点 2 · 下手宽 26.2 mm · 指尖 (0.072,-0.048,0.263) · 抬 0.10 m
      [计时] 近 50 帧:等帧 372.8 ms/帧 · 解图 2.7 ms/帧 · 相机 1 台
[服] 接近:差 0.000 m · 手 (0.294,-0.004,0.959) · 钳口指令 1.0
[服]   晃认:双响 126 · 配对 0 · 地板 23 · m1 317 m2 361
[服]   晃爪认手:爪 (0.736,0.367) ⇒ 快眼开跟(半 19 px)
[服] 接近:差 0.005 m · 手 (0.286,-0.022,0.944) · 钳口指令 1.0
[服] 接近:爪估 (0.725,0.394) 物 (0.524,0.552) 差 0.2561 · 手 (0.286,-0.022,0.944) · z到底 0
      [计时] 近 50 帧:等帧 149.0 ms/帧 · 解图 3.3 ms/帧 · 相机 1 台
[服] 接近:差 0.005 m · 手 (0.246,-0.077,0.891) · 钳口指令 1.0
[服] 接近:爪估 (0.716,0.546) 物 (0.524,0.552) 差 0.1920 · 手 (0.246,-0.077,0.891) · z到底 0
[服]   方向自证 v:连续两次矛盾 ⇒ 翻 ⇒ -1
[服]   身份复核失败(慢眼 (0.789,0.451) vs 快眼 (0.645,0.596) 离 0.204)⇒ 晃爪重认
[服] 接近:差 0.000 m · 手 (0.218,-0.093,0.877) · 钳口指令 1.0
      [计时] 近 50 帧:等帧 150.1 ms/帧 · 解图 3.0 ms/帧 · 相机 1 台
[服] 接近:差 0.000 m · 手 (0.217,-0.093,0.877) · 钳口指令 1.0
[服]   晃认:双响 259 · 配对 0 · 地板 13 · m1 556 m2 509
[服]   晃爪认手这轮没认出 ⇒ 再晃(1/3)
[服] 接近:差 0.000 m · 手 (0.216,-0.093,0.877) · 钳口指令 1.0
      [计时] 近 50 帧:等帧 132.4 ms/帧 · 解图 2.7 ms/帧 · 相机 1 台
[服]   晃认:双响 336 · 配对 0 · 地板 12 · m1 548 m2 573
[服]   晃爪认手这轮没认出 ⇒ 再晃(2/3)
[服] 接近:差 0.000 m · 手 (0.215,-0.093,0.877) · 钳口指令 1.0
[服]   晃认:双响 319 · 配对 0 · 地板 12 · m1 538 m2 549
[服]   晃爪认手:爪 (0.953,0.196) ⇒ 快眼开跟(半 19 px)
[服] 接近:差 0.007 m · 手 (0.212,-0.096,0.877) · 钳口指令 1.0
[服] 接近:爪估 (0.953,0.196) 物 (0.524,0.552) 差 0.5579 · 手 (0.212,-0.096,0.877) · z到底 10
      [计时] 近 50 帧:等帧 149.5 ms/帧 · 解图 3.2 ms/帧 · 相机 1 台
[服] 接近:差 0.004 m · 手 (0.182,-0.155,0.877) · 钳口指令 1.0
[服] 接近:爪估 (0.944,0.296) 物 (0.524,0.552) 差 0.4920 · 手 (0.182,-0.155,0.877) · z到底 10
[服]   身份复核失败(慢眼 (0.603,0.523) vs 快眼 (0.933,0.358) 离 0.369)且已在 z 底 ⇒ 换下手点
[服] 指令:"Pick up the cube by 10 cm." —— 整句直接问眼(它的提示词本来就是 Task: ...)
[服] 眼重问:(0.510,0.520)→(0.512,0.543) 分歧 0.0229 ⇒ 宽容 1.76
[链] 渲图落盘 ⇒ /root/N40/look/mask.bmp(红=圈中的像素,绿十字=眼指的点)
[链] 🔴 **只有一个视角** —— 背面没看过。下游拿到的接触集是【从一面算出来的】,
[链]    而它和多视角算出来的长得一模一样。要它更可信,就再看一眼(移一下 / 换台相机)。
[链] 减支撑面:898 点里 729 在面上(法向 [0.79, -0.06, -0.61])⇒ 剩 169
[链] 圈住 898 像素 ⇒ 169 个三维点 · 高度 0.2202..0.2903(跨 70.2 mm)
[链] 候选筛:宽超钳口拒 0 条;选中的那条离手 179769313486231570814527423731704356798070567525844996598917476803157260780028538760589558632766878171540458953514382464234321326889464182768467546703537516986049910576551282076245490090389328944075868508455133942304583236903222948165808559332123348274797826204144723168738177180919299881250404026184124858368.000 m
[链] 下手姿态:倾 0° ⇒ 手腕能退后 0.0 mm(0 = 这一把钳口方向倾了没收益,老实竖着下)
[链] 候选 136 条 ⇒ 下手宽 14.5 mm ⇒ 航点 2 步(贴上那步第一个接触点 [0.0591, -0.0465, 0.2611])
[链] 手腕:接触集要工具轴 [-0.0, 1.0, 0.0] · 钳口张开方向 [1.0, 0.0, 0.0]
[链] 不接触测高:桌面 0.2202 · 顶面 0.2611 ⇒ 厚 40.9 mm ⇒ 腰 0.2406 + 偏置 0 mm ⇒ 命令指尖 0.2406
[服] 🟢 计划:候选 136 · 航点 2 · 下手宽 14.5 mm · 指尖 (0.059,-0.039,0.241) · 抬 0.10 m
[服] 接近:差 0.000 m · 手 (0.156,-0.190,0.878) · 钳口指令 1.0
      [计时] 近 50 帧:等帧 151.3 ms/帧 · 解图 3.2 ms/帧 · 相机 1 台
[服] 接近:差 0.000 m · 手 (0.156,-0.190,0.878) · 钳口指令 1.0
[服]   晃认:双响 42 · 配对 0 · 地板 27 · m1 129 m2 125
[服]   晃爪认手这轮没认出 ⇒ 再晃(1/3)
[服] 接近:差 0.000 m · 手 (0.155,-0.191,0.878) · 钳口指令 1.0
      [计时] 近 50 帧:等帧 144.3 ms/帧 · 解图 3.1 ms/帧 · 相机 1 台
[服]   晃认:双响 208 · 配对 0 · 地板 16 · m1 412 m2 412
[服]   晃爪认手这轮没认出 ⇒ 再晃(2/3)
[服] 接近:差 0.000 m · 手 (0.154,-0.191,0.878) · 钳口指令 1.0
[服]   晃认:双响 182 · 配对 0 · 地板 16 · m1 390 m2 369
[服]   晃爪 3 轮没认出 —— 按帧证判爪不在画面里 ⇒ 去量到的原位重认(本计划仅此一次)
[服] 接近:差 0.000 m · 手 (0.153,-0.192,0.878) · 钳口指令 1.0
[服]   去原位重认爪:还差 0.252 m
      [计时] 近 50 帧:等帧 129.2 ms/帧 · 解图 2.6 ms/帧 · 相机 1 台
[服]   已到量到的原位(差 0.010 m)⇒ 重新晃爪认手
[服] 接近:差 0.000 m · 手 (0.297,-0.005,0.961) · 钳口指令 1.0
[服]   晃认:双响 421 · 配对 1 · 地板 17 · m1 764 m2 925
[服]   晃爪认手:爪 (0.815,0.284) ⇒ 快眼开跟(半 19 px)
[服] 接近:差 0.005 m · 手 (0.290,-0.021,0.948) · 钳口指令 1.0
[服] 接近:爪估 (0.806,0.312) 物 (0.512,0.543) 差 0.3733 · 手 (0.290,-0.021,0.948) · z到底 0
      [计时] 近 50 帧:等帧 145.3 ms/帧 · 解图 3.1 ms/帧 · 相机 1 台
[服] 接近:差 0.005 m · 手 (0.256,-0.080,0.895) · 钳口指令 1.0
[服] 接近:爪估 (0.758,0.440) 物 (0.512,0.543) 差 0.2662 · 手 (0.256,-0.080,0.895) · z到底 0
[服]   身份复核过(离 0.033)
[服] 接近:差 0.004 m · 手 (0.221,-0.113,0.877) · 钳口指令 1.0
[服] 接近:爪估 (0.709,0.506) 物 (0.512,0.543) 差 0.2004 · 手 (0.221,-0.113,0.877) · z到底 10
      [计时] 近 50 帧:等帧 157.7 ms/帧 · 解图 3.0 ms/帧 · 相机 1 台
[服] 接近:差 0.004 m · 手 (0.170,-0.158,0.877) · 钳口指令 1.0
[服] 接近:爪估 (0.680,0.590) 物 (0.512,0.543) 差 0.1737 · 手 (0.170,-0.158,0.877) · z到底 10
[服]   身份复核失败(慢眼 (0.652,0.479) vs 快眼 (0.673,0.604) 离 0.127)且已在 z 底 ⇒ 换下手点
[服] 指令:"Pick up the cube by 10 cm." —— 整句直接问眼(它的提示词本来就是 Task: ...)
[服] 眼重问:(0.530,0.520)→(0.536,0.551) 分歧 0.0313 ⇒ 宽容 2.02
[链] 渲图落盘 ⇒ /root/N40/look/mask.bmp(红=圈中的像素,绿十字=眼指的点)
[链] 🔴 **只有一个视角** —— 背面没看过。下游拿到的接触集是【从一面算出来的】,
[链]    而它和多视角算出来的长得一模一样。要它更可信,就再看一眼(移一下 / 换台相机)。
[链] 减支撑面:1057 点里 624 在面上(法向 [-0.79, 0.06, 0.61])⇒ 剩 433
[链] 圈住 1057 像素 ⇒ 433 个三维点 · 高度 0.2202..0.4575(跨 237.3 mm)
[链] 候选筛:宽超钳口拒 0 条;选中的那条离手 0.461 m
[链] 倾角是算的:离手 0.461 m · 够得着上界 0.356 m ⇒ 缺 0.0 mm ⇒ 倾 0.0°
[链] 下手姿态:倾 0° ⇒ 手腕能退后 0.0 mm(0 = 这一把钳口方向倾了没收益,老实竖着下)
[链] 候选 134 条 ⇒ 下手宽 4.5 mm ⇒ 航点 2 步(贴上那步第一个接触点 [0.0684, -0.0631, 0.4377])
[链] 手腕:接触集要工具轴 [-0.2, 0.98, 0.0] · 钳口张开方向 [0.98, 0.2, 0.0]
[链] 不接触测高:桌面 0.2202 · 顶面 0.4377 ⇒ 厚 217.6 mm ⇒ 腰 0.3159 + 偏置 0 mm ⇒ 命令指尖 0.3159
[服] 🟢 计划:候选 134 · 航点 2 · 下手宽 4.5 mm · 指尖 (0.068,-0.061,0.316) · 抬 0.10 m
[服] 接近:差 0.000 m · 手 (0.154,-0.169,0.877) · 钳口指令 1.0
      [计时] 近 50 帧:等帧 146.6 ms/帧 · 解图 2.9 ms/帧 · 相机 1 台
[服]   晃认:双响 162 · 配对 0 · 地板 16 · m1 336 m2 326
[服]   晃爪认手这轮没认出 ⇒ 再晃(1/3)
[服] 接近:差 0.000 m · 手 (0.153,-0.169,0.877) · 钳口指令 1.0
[服] 接近:差 0.000 m · 手 (0.152,-0.170,0.877) · 钳口指令 1.0
      [计时] 近 50 帧:等帧 123.4 ms/帧 · 解图 2.5 ms/帧 · 相机 1 台
[服]   晃认:双响 329 · 配对 0 · 地板 12 · m1 550 m2 544
[服]   晃爪认手这轮没认出 ⇒ 再晃(2/3)
[服] 接近:差 0.000 m · 手 (0.151,-0.170,0.877) · 钳口指令 1.0
[服]   晃认:双响 276 · 配对 0 · 地板 13 · m1 478 m2 481
[服]   晃爪认手:爪 (0.725,0.497) ⇒ 快眼开跟(半 19 px)
[服] 接近:差 0.008 m · 手 (0.140,-0.174,0.878) · 钳口指令 1.0
[服] 接近:爪估 (0.716,0.506) 物 (0.536,0.551) 差 0.1854 · 手 (0.140,-0.174,0.878) · z到底 8
      [计时] 近 50 帧:等帧 131.6 ms/帧 · 解图 2.5 ms/帧 · 相机 1 台
[服] 接近:差 0.004 m · 手 (0.091,-0.215,0.878) · 钳口指令 1.0
[服] 接近:爪估 (0.684,0.594) 物 (0.536,0.551) 差 0.1548 · 手 (0.091,-0.215,0.878) · z到底 10
[服]   方向自证 v:连续两次矛盾 ⇒ 翻 ⇒ -1
[服]   身份复核失败(慢眼 (0.566,0.891) vs 快眼 (0.611,0.681) 离 0.215)且已在 z 底 ⇒ 换下手点
[服] 指令:"Pick up the cube by 10 cm." —— 整句直接问眼(它的提示词本来就是 Task: ...)
[服] 眼重问:(0.500,0.900)→(0.493,0.891) 分歧 0.0110 ⇒ 宽容 1.50
[链] 渲图落盘 ⇒ /root/N40/look/mask.bmp(红=圈中的像素,绿十字=眼指的点)
[链] 🔴 **只有一个视角** —— 背面没看过。下游拿到的接触集是【从一面算出来的】,
[链]    而它和多视角算出来的长得一模一样。要它更可信,就再看一眼(移一下 / 换台相机)。
[链] 减支撑面:16551 点里 12697 在面上(法向 [0.77, -0.11, -0.62])⇒ 剩 3854
[链] 滤高点:3854 个点里 2638 个比桌面高 12 cm 以上(多半是自己的胳膊)⇒ 剩 1216
[链] 圈住 16551 像素 ⇒ 3854 个三维点 · 高度 0.0588..0.3074(跨 248.6 mm)
[链] 候选筛:宽超钳口拒 1 条;选中的那条离手 0.630 m
[链] 倾角是算的:离手 0.630 m · 够得着上界 0.356 m ⇒ 缺 0.0 mm ⇒ 倾 0.0°
[链] 下手姿态:倾 0° ⇒ 手腕能退后 0.0 mm(0 = 这一把钳口方向倾了没收益,老实竖着下)
[链] 候选 195 条 ⇒ 下手宽 25.3 mm ⇒ 航点 2 步(贴上那步第一个接触点 [-0.0016, -0.4457, 0.2867])
[链] 手腕:接触集要工具轴 [-0.38, 0.92, 0.0] · 钳口张开方向 [0.92, 0.38, 0.0]
[链] 不接触测高:桌面 0.0588 · 顶面 0.2867 ⇒ 厚 227.9 mm ⇒ 腰 0.1546 + 偏置 0 mm ⇒ 命令指尖 0.1546
[服] 🟢 计划:候选 195 · 航点 2 · 下手宽 25.3 mm · 指尖 (-0.006,-0.434,0.155) · 抬 0.10 m
[服] 接近:差 0.000 m · 手 (0.049,-0.222,0.878) · 钳口指令 1.0
      [计时] 近 50 帧:等帧 168.0 ms/帧 · 解图 3.0 ms/帧 · 相机 1 台
[服] 接近:差 0.000 m · 手 (0.048,-0.223,0.878) · 钳口指令 1.0
[服]   晃认:双响 153 · 配对 0 · 地板 43 · m1 433 m2 446
[服]   晃爪认手这轮没认出 ⇒ 再晃(1/3)
[服] 接近:差 0.000 m · 手 (0.048,-0.223,0.878) · 钳口指令 1.0
      [计时] 近 50 帧:等帧 166.4 ms/帧 · 解图 3.3 ms/帧 · 相机 1 台
[服]   晃认:双响 177 · 配对 0 · 地板 45 · m1 444 m2 439
[服]   晃爪认手这轮没认出 ⇒ 再晃(2/3)
[服] 接近:差 0.000 m · 手 (0.047,-0.224,0.878) · 钳口指令 1.0
[服] 接近:差 0.000 m · 手 (0.046,-0.225,0.877) · 钳口指令 1.0
[服]   晃认:双响 186 · 配对 0 · 地板 42 · m1 463 m2 458
[服]   晃爪 3 轮没认出 —— 按帧证判爪不在画面里 ⇒ 去量到的原位重认(本计划仅此一次)
      [计时] 近 50 帧:等帧 162.7 ms/帧 · 解图 3.2 ms/帧 · 相机 1 台
[服]   已到量到的原位(差 0.015 m)⇒ 重新晃爪认手
[服] 接近:差 0.000 m · 手 (0.297,-0.005,0.962) · 钳口指令 1.0
[服]   晃认:双响 304 · 配对 1 · 地板 18 · m1 546 m2 720
[服]   晃爪认手:爪 (0.726,0.373) ⇒ 快眼开跟(半 19 px)
[服] 接近:差 0.003 m · 手 (0.296,-0.009,0.958) · 钳口指令 1.0
[服] 接近:爪估 (0.725,0.373) 物 (0.493,0.891) 差 0.5677 · 手 (0.296,-0.009,0.958) · z到底 0
      [计时] 近 50 帧:等帧 121.7 ms/帧 · 解图 2.5 ms/帧 · 相机 1 台
[服] 接近:差 0.005 m · 手 (0.292,-0.075,0.906) · 钳口指令 1.0
[服] 接近:爪估 (0.716,0.469) 物 (0.493,0.891) 差 0.4774 · 手 (0.292,-0.075,0.906) · z到底 0
[服]   身份复核过(离 0.186)
[服] 接近:差 0.008 m · 手 (0.287,-0.117,0.879) · 钳口指令 1.0
[服] 接近:爪估 (0.686,0.537) 物 (0.493,0.891) 差 0.4028 · 手 (0.287,-0.117,0.879) · z到底 10
      [计时] 近 50 帧:等帧 148.5 ms/帧 · 解图 2.8 ms/帧 · 相机 1 台
