关节组: ['state.left_arm_joint_state', 'state.right_arm_joint_state', 'action.left_arm_joint_state', 'action.right_arm_joint_state']
板上的停: 30

===== 臂 0(left,眼 1,焦距 397.5):15 停,6 个关节
每个关节在这些停里转过的范围(度): [7.9, 9.6, 4.0, 5.3, 6.8, 4.1]
  配对 0/45(1 s)
  配对 25/45(21 s)
可用配对:41 / 45
配对 41(平移方向可信 41)
转动拟合:每对残差中位 0.186°、最大 0.570°
线性解 p:最小两个奇异值 0.00142 / 0.00285
精修后:转动残差中位 0.957° 最大 1.641°;平移方向残差中位 2.76° 最大 10.58°
对齐:倍数 0.0103(模型单位 → 米),眼离手 (69.5, -2.4, 57.4) mm
训练停(10):眼的位置差 中位 0.52 mm、最大 0.95 mm;朝向差 中位 0.564°
考试停(5,只给关节读数):眼的位置差 中位 0.95 mm、最大 81.42 mm;朝向差 中位 1.378°、最大 4.623°
考试逐停(mm): [0.31, 81.42, 1.44, 0.08, 0.95]
  焦距 373.6:拟合残差 转动 0.3881° / 平移方向 1.887°(不看真值) · 考试停误差 中位 0.39 mm(看真值)
  焦距 385.6:拟合残差 转动 0.2992° / 平移方向 8.515°(不看真值) · 考试停误差 中位 0.81 mm(看真值)
  焦距 397.5:拟合残差 转动 0.9571° / 平移方向 2.760°(不看真值) · 考试停误差 中位 0.95 mm(看真值)
  焦距 409.4:拟合残差 转动 0.8785° / 平移方向 2.775°(不看真值) · 考试停误差 中位 0.81 mm(看真值)
  焦距 421.3:拟合残差 转动 0.8596° / 平移方向 2.854°(不看真值) · 考试停误差 中位 0.75 mm(看真值)
外推考试:5444 个静止帧(只给关节读数)
  离标定停  0–  2°: 3473 帧,眼的位置误差 中位    0.70 mm、最大    1.44 mm
  离标定停  2–  5°:  154 帧,眼的位置误差 中位    0.95 mm、最大   81.42 mm
  离标定停 10– 20°:   58 帧,眼的位置误差 中位  510.34 mm、最大  510.34 mm
  离标定停 20– 40°: 1490 帧,眼的位置误差 中位  713.79 mm、最大  713.79 mm
  离标定停 40–180°:  269 帧,眼的位置误差 中位  529.15 mm、最大  877.24 mm

===== 臂 1(right,眼 2,焦距 397.5):15 停,6 个关节
每个关节在这些停里转过的范围(度): [15.1, 15.5, 7.3, 9.2, 12.8, 7.7]
  配对 0/45(1 s)
  配对 25/45(21 s)
可用配对:41 / 45
配对 41(平移方向可信 41)
转动拟合:每对残差中位 0.160°、最大 0.465°
线性解 p:最小两个奇异值 0.00148 / 0.00403
精修后:转动残差中位 0.705° 最大 1.354°;平移方向残差中位 3.27° 最大 179.05°
对齐:倍数 0.0179(模型单位 → 米),眼离手 (127.1, 1.1, -164.8) mm
训练停(10):眼的位置差 中位 1.25 mm、最大 2.25 mm;朝向差 中位 0.399°
考试停(5,只给关节读数):眼的位置差 中位 1.84 mm、最大 252.72 mm;朝向差 中位 1.278°、最大 7.746°
考试逐停(mm): [0.14, 252.72, 1.84, 0.54, 9.31]
  焦距 373.7:拟合残差 转动 0.5573° / 平移方向 5.070°(不看真值) · 考试停误差 中位 2.05 mm(看真值)
  焦距 385.6:拟合残差 转动 1.0905° / 平移方向 4.421°(不看真值) · 考试停误差 中位 2.68 mm(看真值)
  焦距 397.5:拟合残差 转动 0.4541° / 平移方向 3.969°(不看真值) · 考试停误差 中位 2.31 mm(看真值)
  焦距 409.5:拟合残差 转动 0.5230° / 平移方向 3.672°(不看真值) · 考试停误差 中位 1.71 mm(看真值)
  焦距 421.4:拟合残差 转动 0.8505° / 平移方向 5.024°(不看真值) · 考试停误差 中位 2.40 mm(看真值)
外推考试:5221 个静止帧(只给关节读数)
  离标定停  0–  2°: 2672 帧,眼的位置误差 中位    2.25 mm、最大    3.33 mm
  离标定停  2–  5°:  312 帧,眼的位置误差 中位    1.84 mm、最大  252.72 mm
  离标定停  5– 10°:  123 帧,眼的位置误差 中位    9.31 mm、最大    9.31 mm
  离标定停 10– 20°:   70 帧,眼的位置误差 中位 1465.77 mm、最大 1465.77 mm
  离标定停 20– 40°: 1656 帧,眼的位置误差 中位 1474.91 mm、最大 1526.49 mm
  离标定停 40–180°:  388 帧,眼的位置误差 中位 1421.33 mm、最大 1535.13 mm

结果存在 /root/NV1B1/v1b/report.json
