关节组: ['state.left_arm_joint_state', 'state.right_arm_joint_state', 'action.left_arm_joint_state', 'action.right_arm_joint_state'] · 板停 30 · 扫描帧 275
臂 0 扫描时,另一组 state.right_arm_joint_state 最多漂 0.000°

===== 臂 0(left,眼 1):扫描 136 帧 + 板停 15;扫描里每个关节转过的范围(度):[74.5, 92.0, 46.3, 81.0, 76.9, 216.3]
配对 746
  配对 0/746(0 s)
  配对 50/746(0 s)
  配对 100/746(0 s)
  配对 150/746(0 s)
  配对 200/746(0 s)
  配对 250/746(0 s)
  配对 300/746(0 s)
  配对 350/746(0 s)
  配对 400/746(0 s)
  配对 450/746(0 s)
  配对 500/746(0 s)
  配对 550/746(0 s)
  配对 600/746(0 s)
  配对 650/746(0 s)
  配对 700/746(0 s)
配得上的对 743 / 746
  关节 0:25 帧 98 对,转角 -37.5…37.0°
  关节 1:21 格里有 8 格别的关节被带偏(最多 21.86°)⇒ 起步不用
  关节 1:14 帧 42 对,转角 -28.2…12.3°
  关节 2:18 格里有 2 格别的关节被带偏(最多 0.61°)⇒ 起步不用
  关节 2:17 帧 60 对,转角 -6.3…38.2°
  关节 3:24 格里有 5 格别的关节被带偏(最多 6.94°)⇒ 起步不用
  关节 3:20 帧 69 对,转角 -16.9…43.8°
  关节 4:25 帧 97 对,转角 -37.2…39.7°
  关节 5:25 帧 94 对,转角 -105.5…110.8°
    6 个关节的网格铺完(12 个进程)
    各档焦距的网格总分:224:6.61 240:6.27 256:5.83 274:5.46 293:4.90 313:4.35 335:3.22 358:2.23 383:1.45 410:1.50 438:2.28 468:3.40 501:4.28 536:4.66 573:4.96 612:5.37 655:5.71 700:5.93 749:5.66 801:5.64 856:5.65 916:5.89 979:6.06 1047:6.16 1120:6.41 ⇒ 取 383.0
  关节 0 ⇒ 轴 [0.528, -0.38, -0.76] · 残差中位 0.092 px(网格 2.910)
  关节 1 ⇒ 轴 [-0.849, -0.16, -0.503] · 残差中位 0.226 px(网格 1.995)
  关节 2 ⇒ 轴 [0.852, 0.157, 0.5] · 残差中位 0.388 px(网格 0.372)
  关节 3 ⇒ 轴 [0.86, 0.155, 0.486] · 残差中位 0.245 px(网格 2.083)
  关节 4 ⇒ 轴 [-0.403, 0.786, 0.469] · 残差中位 0.039 px(网格 2.220)
  关节 5 ⇒ 轴 [-0.001, -0.516, 0.857] · 残差中位 0.126 px(网格 1.116)
  起步焦距 383.0(690 s)
  各轴离眼远近的比例(以关节 0 为 1):[1.0, -0.8767, -2.065, 0.8893, 0.6081, -0.2609] · 残差中位 0.141 px
  按起步模型挑内点(门 3.00 px):738 对
按像素一起解:迭代 43 次(`ftol` termination condition is satisfied.),代价 4386.86
按像素一起解:220446 个配点、0 对只给转动;Sampson 残差 中位 0.038 px、九成 0.162 px;焦距 383.0 → 396.5 px
对齐:倍数 0.0692(模型单位 → 米),眼离手 (84.4, -0.1, 51.1) mm
训练停(146):眼的位置差 中位 0.10 mm、最大 0.73 mm;朝向差 中位 0.043°
考试停(5,只给关节读数):眼的位置差 中位 0.12 mm、最大 0.15 mm;朝向差 中位 0.101°、最大 0.113°
考试逐停(mm): [0.08, 0.12, 0.15, 0.12, 0.07]
外推考试:8235 个静止帧(只给关节读数),其中不同姿势 317 个
  离标定停  0–  2°:不同姿势  166 个,眼的位置误差 中位    0.06 mm、最大    0.73 mm
  离标定停  2–  5°:不同姿势    7 个,眼的位置误差 中位    0.07 mm、最大    0.12 mm
  离标定停  5– 10°:不同姿势    2 个,眼的位置误差 中位    0.13 mm、最大    0.15 mm
  离标定停 10– 20°:不同姿势    5 个,眼的位置误差 中位    0.15 mm、最大    0.23 mm
  离标定停 20– 40°:不同姿势   43 个,眼的位置误差 中位    0.53 mm、最大    0.86 mm
  离标定停 40–180°:不同姿势   94 个,眼的位置误差 中位    0.72 mm、最大    2.47 mm
臂 1 扫描时,另一组 state.left_arm_joint_state 最多漂 0.000°

===== 臂 1(right,眼 2):扫描 139 帧 + 板停 15;扫描里每个关节转过的范围(度):[70.2, 86.2, 43.2, 65.7, 72.3, 220.0]
配对 748
  配对 0/748(0 s)
  配对 50/748(0 s)
  配对 100/748(0 s)
  配对 150/748(0 s)
  配对 200/748(0 s)
  配对 250/748(0 s)
  配对 300/748(0 s)
  配对 350/748(0 s)
  配对 400/748(0 s)
  配对 450/748(0 s)
  配对 500/748(0 s)
  配对 550/748(0 s)
  配对 600/748(0 s)
  配对 650/748(0 s)
  配对 700/748(0 s)
配得上的对 744 / 748
  关节 0:25 帧 97 对,转角 -34.8…35.4°
  关节 1:23 格里有 6 格别的关节被带偏(最多 17.68°)⇒ 起步不用
  关节 1:18 帧 61 对,转角 -34.9…16.1°
  关节 2:19 格里有 2 格别的关节被带偏(最多 0.70°)⇒ 起步不用
  关节 2:18 帧 62 对,转角 -7.8…33.9°
  关节 3:24 格里有 2 格别的关节被带偏(最多 0.90°)⇒ 起步不用
  关节 3:23 帧 81 对,转角 -23.3…38.1°
  关节 4:25 帧 94 对,转角 -38.2…34.1°
  关节 5:25 帧 92 对,转角 -113.2…106.8°
    6 个关节的网格铺完(12 个进程)
    各档焦距的网格总分:224:6.30 240:5.60 256:5.32 274:5.21 293:4.76 313:4.01 335:3.44 358:2.59 383:1.49 410:1.68 438:2.78 468:3.69 501:4.33 536:4.64 573:4.69 612:5.13 655:5.16 700:5.67 749:5.68 801:5.50 856:5.59 916:5.80 979:5.84 1047:6.25 1120:6.41 ⇒ 取 383.0
  关节 0 ⇒ 轴 [-0.411, -0.311, -0.857] · 残差中位 0.025 px(网格 0.244)
  关节 1 ⇒ 轴 [-0.904, 0.021, 0.426] · 残差中位 0.255 px(网格 1.032)
  关节 2 ⇒ 轴 [0.894, 0.002, -0.447] · 残差中位 0.289 px(网格 0.832)
  关节 3 ⇒ 轴 [0.9, -0.001, -0.436] · 残差中位 0.218 px(网格 1.360)
  关节 4 ⇒ 轴 [0.23, 0.837, 0.496] · 残差中位 0.042 px(网格 2.305)
  关节 5 ⇒ 轴 [0.0, -0.52, 0.854] · 残差中位 0.146 px(网格 1.348)
  起步焦距 383.0(710 s)
  各轴离眼远近的比例(以关节 0 为 1):[1.0, 0.8499, -2.0155, -0.9109, -0.6022, -0.2535] · 残差中位 0.107 px
  按起步模型挑内点(门 3.00 px):738 对
按像素一起解:迭代 54 次(`ftol` termination condition is satisfied.),代价 3079.44
按像素一起解:219120 个配点、0 对只给转动;Sampson 残差 中位 0.031 px、九成 0.131 px;焦距 383.0 → 396.9 px
对齐:倍数 0.0647(模型单位 → 米),眼离手 (85.1, -0.0, 51.1) mm
训练停(149):眼的位置差 中位 0.04 mm、最大 0.29 mm;朝向差 中位 0.016°
考试停(5,只给关节读数):眼的位置差 中位 0.06 mm、最大 0.08 mm;朝向差 中位 0.039°、最大 0.049°
考试逐停(mm): [0.06, 0.08, 0.02, 0.04, 0.08]
外推考试:8196 个静止帧(只给关节读数),其中不同姿势 228 个
  离标定停  0–  2°:不同姿势  142 个,眼的位置误差 中位    0.04 mm、最大    0.28 mm
  离标定停  2–  5°:不同姿势    4 个,眼的位置误差 中位    0.04 mm、最大    0.08 mm
  离标定停  5– 10°:不同姿势    2 个,眼的位置误差 中位    0.09 mm、最大    0.10 mm
  离标定停 10– 20°:不同姿势    3 个,眼的位置误差 中位    0.17 mm、最大    0.23 mm
  离标定停 20– 40°:不同姿势   44 个,眼的位置误差 中位    0.28 mm、最大    1.14 mm
  离标定停 40–180°:不同姿势   33 个,眼的位置误差 中位    0.95 mm、最大    1.76 mm

结果存在 /root/NV1B2/v1b/report_sweep.json
