关节组: ['state.left_arm_joint_state', 'state.right_arm_joint_state', 'action.left_arm_joint_state', 'action.right_arm_joint_state'] · 板停 30 · 扫描帧 275
臂 0 扫描时,另一组 state.right_arm_joint_state 最多漂 0.000°

===== 臂 0(left,眼 1):扫描 136 帧 + 板停 15;扫描里每个关节转过的范围(度):[74.5, 92.0, 46.3, 81.0, 76.9, 216.3]
配对 746
  配对 0/746(1 s)
  配对 50/746(50 s)
  配对 100/746(98 s)
  配对 150/746(147 s)
  配对 200/746(195 s)
  配对 250/746(243 s)
  配对 300/746(291 s)
  配对 350/746(339 s)
  配对 400/746(387 s)
  配对 450/746(436 s)
  配对 500/746(484 s)
  配对 550/746(532 s)
  配对 600/746(581 s)
  配对 650/746(629 s)
  配对 700/746(678 s)
配得上的对 743 / 746
  关节 0:25 帧 98 对,转角 -37.5…37.0°
  关节 1:22 帧 90 对,转角 -32.1…59.8°
  关节 2:19 帧 71 对,转角 -8.1…38.2°
  关节 3:25 帧 97 对,转角 -37.2…43.8°
  关节 4:25 帧 97 对,转角 -37.2…39.7°
  关节 5:25 帧 94 对,转角 -105.5…110.8°
    6 个关节的网格铺完(12 个进程)
    各档焦距的网格总分:224:8.24 240:7.86 256:7.38 274:6.75 293:6.21 313:5.64 335:4.49 358:3.15 383:2.00 410:2.12 438:3.15 468:4.62 501:5.56 536:6.04 573:6.28 612:6.81 655:7.39 700:7.87 749:7.93 801:7.95 856:7.97 916:8.08 979:8.12 1047:8.10 1120:8.05 ⇒ 取 383.0
  关节 0 ⇒ 轴 [0.528, -0.38, -0.76] · 残差中位 0.092 px(网格 2.910)
  关节 1 ⇒ 轴 [0.807, -0.096, 0.583] · 残差中位 6.696 px(网格 3.035)
  关节 2 ⇒ 轴 [0.847, 0.149, 0.51] · 残差中位 0.460 px(网格 1.285)
  关节 3 ⇒ 轴 [0.868, 0.167, 0.467] · 残差中位 0.502 px(网格 2.382)
  关节 4 ⇒ 轴 [-0.403, 0.786, 0.469] · 残差中位 0.039 px(网格 2.220)
  关节 5 ⇒ 轴 [-0.001, -0.516, 0.857] · 残差中位 0.126 px(网格 1.116)
  起步焦距 383.0(735 s)
  各轴离眼远近的比例(以关节 0 为 1):[1.0, 3.9458, -1.5554, 0.727, 0.7991, -0.1897] · 残差中位 0.281 px
  按起步模型挑内点(门 3.00 px):724 对
按像素一起解:迭代 75 次(`ftol` termination condition is satisfied.),代价 40773.1
按像素一起解:209886 个配点、0 对只给转动;Sampson 残差 中位 0.105 px、九成 1.341 px;焦距 383.0 → 394.5 px
对齐:倍数 0.0089(模型单位 → 米),眼离手 (-53.5, 6.3, -18.8) mm
训练停(146):眼的位置差 中位 15.54 mm、最大 159.14 mm;朝向差 中位 4.352°
考试停(5,只给关节读数):眼的位置差 中位 17.23 mm、最大 19.20 mm;朝向差 中位 9.543°、最大 14.175°
考试逐停(mm): [11.39, 17.23, 19.2, 18.72, 13.21]
外推考试:8235 个静止帧(只给关节读数)
  离标定停  0–  2°: 6304 帧,眼的位置误差 中位   10.78 mm、最大  159.14 mm
  离标定停  2–  5°:  175 帧,眼的位置误差 中位   17.23 mm、最大   18.72 mm
  离标定停  5– 10°:   10 帧,眼的位置误差 中位   13.23 mm、最大   16.93 mm
  离标定停 10– 20°:   83 帧,眼的位置误差 中位   55.26 mm、最大   55.26 mm
  离标定停 20– 40°:  853 帧,眼的位置误差 中位   52.61 mm、最大  231.08 mm
  离标定停 40–180°:  810 帧,眼的位置误差 中位  228.89 mm、最大  418.55 mm
臂 1 扫描时,另一组 state.left_arm_joint_state 最多漂 0.000°

===== 臂 1(right,眼 2):扫描 139 帧 + 板停 15;扫描里每个关节转过的范围(度):[70.2, 86.2, 43.2, 65.7, 72.3, 220.0]
配对 748
  配对 0/748(1 s)
  配对 50/748(41 s)
  配对 100/748(82 s)
  配对 150/748(122 s)
  配对 200/748(163 s)
  配对 250/748(203 s)
  配对 300/748(244 s)
  配对 350/748(285 s)
  配对 400/748(325 s)
  配对 450/748(366 s)
  配对 500/748(407 s)
  配对 550/748(447 s)
  配对 600/748(488 s)
  配对 650/748(528 s)
  配对 700/748(569 s)
配得上的对 744 / 748
  关节 0:25 帧 97 对,转角 -34.8…35.4°
  关节 1:24 帧 94 对,转角 -34.9…51.3°
  关节 2:20 帧 75 对,转角 -9.3…33.9°
  关节 3:25 帧 94 对,转角 -27.6…38.1°
  关节 4:25 帧 94 对,转角 -38.2…34.1°
  关节 5:25 帧 92 对,转角 -113.2…106.8°
