关节组: ['state.left_arm_joint_state', 'state.right_arm_joint_state', 'action.left_arm_joint_state', 'action.right_arm_joint_state']
板上的停: 30

===== 臂 0(left,眼 1,焦距 397.5):15 停,6 个关节
每个关节在这些停里转过的范围(度): [7.9, 9.6, 4.0, 5.3, 6.8, 4.1]
加进录像里关节离得远的静止帧 29 个 ⇒ 训练停里每个关节转过的范围(度): [110.8, 86.9, 117.4, 124.4, 110.7, 25.3]
可用配对:94 / 178
配对 94(平移方向可信 94)
转动拟合:每对残差中位 0.213°、最大 9.853°
线性解 p:最小两个奇异值 0.12 / 0.148
精修后:转动残差中位 0.306° 最大 14.887°;平移方向残差中位 1.98° 最大 146.11°
对齐:倍数 0.0972(模型单位 → 米),眼离手 (110.6, -4.4, 4.7) mm
训练停(39):眼的位置差 中位 1.56 mm、最大 12.74 mm;朝向差 中位 0.418°
考试停(5,只给关节读数):眼的位置差 中位 1.84 mm、最大 2.55 mm;朝向差 中位 0.668°、最大 0.723°
考试逐停(mm): [1.57, 1.19, 2.38, 2.55, 1.84]
外推考试:5444 个静止帧(只给关节读数)
  离标定停  0–  2°: 5262 帧,眼的位置误差 中位    1.58 mm、最大   12.74 mm
  离标定停  2–  5°:  156 帧,眼的位置误差 中位    1.84 mm、最大    2.55 mm
  离标定停 10– 20°:    6 帧,眼的位置误差 中位    9.35 mm、最大   10.85 mm
  离标定停 20– 40°:   11 帧,眼的位置误差 中位   23.35 mm、最大   23.35 mm
  离标定停 40–180°:    9 帧,眼的位置误差 中位   22.53 mm、最大   23.80 mm

===== 臂 1(right,眼 2,焦距 397.5):15 停,6 个关节
每个关节在这些停里转过的范围(度): [15.1, 15.5, 7.3, 9.2, 12.8, 7.7]
加进录像里关节离得远的静止帧 30 个 ⇒ 训练停里每个关节转过的范围(度): [110.8, 124.4, 117.3, 124.4, 110.7, 39.9]
可用配对:100 / 169
配对 100(平移方向可信 100)
转动拟合:每对残差中位 0.541°、最大 140.277°
线性解 p:最小两个奇异值 0.222 / 0.486
精修后:转动残差中位 0.503° 最大 148.625°;平移方向残差中位 1.97° 最大 153.47°
对齐:倍数 0.1150(模型单位 → 米),眼离手 (74.1, 1.5, 49.2) mm
训练停(40):眼的位置差 中位 1.31 mm、最大 5.93 mm;朝向差 中位 1.127°
考试停(5,只给关节读数):眼的位置差 中位 1.11 mm、最大 1.97 mm;朝向差 中位 0.794°、最大 1.123°
考试逐停(mm): [1.11, 0.69, 1.97, 1.74, 0.91]
外推考试:5221 个静止帧(只给关节读数)
  离标定停  0–  2°: 4749 帧,眼的位置误差 中位    1.12 mm、最大    5.93 mm
  离标定停  2–  5°:  322 帧,眼的位置误差 中位    1.74 mm、最大    4.49 mm
  离标定停  5– 10°:  137 帧,眼的位置误差 中位    0.91 mm、最大    6.09 mm
  离标定停 10– 20°:    8 帧,眼的位置误差 中位    3.52 mm、最大    4.59 mm
  离标定停 20– 40°:    5 帧,眼的位置误差 中位    6.37 mm、最大    6.37 mm

结果存在 /root/NV1B1/v1b/report.json
