关节组: ['state.left_arm_joint_state', 'state.right_arm_joint_state', 'action.left_arm_joint_state', 'action.right_arm_joint_state'] · 板停 30 · 扫描帧 275
臂 0 扫描时,另一组 state.right_arm_joint_state 最多漂 0.000°

===== 臂 0(left,眼 1):扫描 136 帧 + 板停 15;扫描里每个关节转过的范围(度):[74.5, 92.0, 46.3, 81.0, 76.9, 216.3]
只拿扫描帧拟合,板停 15 个全部当考试
配对 706
  配对 0/706(0 s)
  配对 50/706(0 s)
  配对 100/706(0 s)
  配对 150/706(0 s)
  配对 200/706(0 s)
  配对 250/706(0 s)
  配对 300/706(0 s)
  配对 350/706(0 s)
  配对 400/706(0 s)
  配对 450/706(0 s)
  配对 500/706(0 s)
  配对 550/706(0 s)
  配对 600/706(1 s)
  配对 650/706(1 s)
  配对 700/706(5 s)
配得上的对 703 / 706
  关节 0:25 帧 98 对,转角 -37.5…37.0°
  关节 1:21 格里有 8 格别的关节被带偏(最多 21.86°)⇒ 起步不用
  关节 1:14 帧 42 对,转角 -28.2…12.3°
  关节 2:18 格里有 2 格别的关节被带偏(最多 0.61°)⇒ 起步不用
  关节 2:17 帧 60 对,转角 -6.3…38.2°
  关节 3:24 格里有 5 格别的关节被带偏(最多 6.94°)⇒ 起步不用
  关节 3:20 帧 69 对,转角 -16.9…43.8°
  关节 4:25 帧 98 对,转角 -37.2…39.7°
  关节 5:25 帧 99 对,转角 -105.5…110.8°
    6 个关节的网格铺完(12 个进程)
    各档焦距的网格总分:224:6.61 240:6.25 256:5.82 274:5.47 293:4.89 313:4.34 335:3.21 358:2.23 383:1.45 410:1.50 438:2.28 468:3.40 501:4.29 536:4.66 573:4.96 612:5.37 655:5.70 700:5.92 749:5.66 801:5.63 856:5.65 916:5.89 979:6.06 1047:6.17 1120:6.42 ⇒ 取 383.0
  关节 0 ⇒ 轴 [0.528, -0.38, -0.76] · 残差中位 0.092 px(网格 2.910)
  关节 1 ⇒ 轴 [-0.849, -0.16, -0.503] · 残差中位 0.226 px(网格 1.995)
  关节 2 ⇒ 轴 [0.852, 0.157, 0.5] · 残差中位 0.388 px(网格 0.372)
  关节 3 ⇒ 轴 [0.86, 0.155, 0.486] · 残差中位 0.245 px(网格 2.083)
  关节 4 ⇒ 轴 [-0.403, 0.786, 0.469] · 残差中位 0.039 px(网格 3.187)
  关节 5 ⇒ 轴 [-0.001, -0.516, 0.857] · 残差中位 0.127 px(网格 0.566)
  起步焦距 383.0(704 s)
  各轴离眼远近的比例(以关节 0 为 1):[1.0, -0.8427, -1.9852, 0.8544, 0.578, -0.2607] · 残差中位 0.141 px
  按起步模型挑内点(门 3.00 px):698 对
按像素一起解:迭代 52 次(`ftol` termination condition is satisfied.),代价 4060.2
按像素一起解:208446 个配点、0 对只给转动;Sampson 残差 中位 0.038 px、九成 0.161 px;焦距 383.0 → 396.6 px
对齐:倍数 0.0716(模型单位 → 米),眼离手 (84.4, -0.1, 50.8) mm
训练停(136):眼的位置差 中位 0.11 mm、最大 0.75 mm;朝向差 中位 0.033°
考试停(15,只给关节读数):眼的位置差 中位 0.40 mm、最大 0.51 mm;朝向差 中位 0.092°、最大 0.106°
考试逐停(mm): [0.33, 0.4, 0.33, 0.4, 0.33, 0.37, 0.33, 0.42, 0.51, 0.5, 0.48, 0.48, 0.48, 0.39, 0.31]
外推考试:8235 个静止帧(只给关节读数),其中不同姿势 317 个
  离标定停  0–  2°:不同姿势  154 个,眼的位置误差 中位    0.06 mm、最大    0.75 mm
  离标定停  2–  5°:不同姿势    4 个,眼的位置误差 中位    0.13 mm、最大    0.14 mm
  离标定停  5– 10°:不同姿势    2 个,眼的位置误差 中位    0.18 mm、最大    0.22 mm
  离标定停 10– 20°:不同姿势    9 个,眼的位置误差 中位    0.48 mm、最大    0.51 mm
  离标定停 20– 40°:不同姿势   54 个,眼的位置误差 中位    0.75 mm、最大    1.28 mm
  离标定停 40–180°:不同姿势   94 个,眼的位置误差 中位    1.13 mm、最大    2.71 mm
臂 1 扫描时,另一组 state.left_arm_joint_state 最多漂 0.000°

===== 臂 1(right,眼 2):扫描 139 帧 + 板停 15;扫描里每个关节转过的范围(度):[70.2, 86.2, 43.2, 65.7, 72.3, 220.0]
只拿扫描帧拟合,板停 15 个全部当考试
配对 709
  配对 0/709(0 s)
  配对 50/709(0 s)
  配对 100/709(0 s)
  配对 150/709(0 s)
  配对 200/709(0 s)
  配对 250/709(0 s)
  配对 300/709(0 s)
  配对 350/709(0 s)
  配对 400/709(0 s)
  配对 450/709(1 s)
  配对 500/709(1 s)
  配对 550/709(1 s)
  配对 600/709(1 s)
  配对 650/709(10 s)
  配对 700/709(10 s)
配得上的对 705 / 709
  关节 0:25 帧 97 对,转角 -34.8…35.4°
  关节 1:23 格里有 6 格别的关节被带偏(最多 17.68°)⇒ 起步不用
  关节 1:18 帧 61 对,转角 -34.9…16.1°
  关节 2:19 格里有 2 格别的关节被带偏(最多 0.70°)⇒ 起步不用
  关节 2:18 帧 62 对,转角 -7.8…33.9°
  关节 3:24 格里有 2 格别的关节被带偏(最多 0.90°)⇒ 起步不用
  关节 3:23 帧 81 对,转角 -23.3…38.1°
  关节 4:25 帧 97 对,转角 -38.2…34.1°
  关节 5:25 帧 100 对,转角 -113.2…106.8°
    6 个关节的网格铺完(12 个进程)
    各档焦距的网格总分:224:6.29 240:5.59 256:5.31 274:5.21 293:4.75 313:4.00 335:3.43 358:2.59 383:1.48 410:1.68 438:2.77 468:3.69 501:4.32 536:4.64 573:4.69 612:5.13 655:5.16 700:5.68 749:5.68 801:5.51 856:5.59 916:5.80 979:5.84 1047:6.25 1120:6.41 ⇒ 取 383.0
  关节 0 ⇒ 轴 [-0.411, -0.311, -0.857] · 残差中位 0.025 px(网格 0.244)
  关节 1 ⇒ 轴 [-0.904, 0.021, 0.426] · 残差中位 0.255 px(网格 1.032)
  关节 2 ⇒ 轴 [0.894, 0.002, -0.447] · 残差中位 0.289 px(网格 0.832)
  关节 3 ⇒ 轴 [0.9, -0.001, -0.436] · 残差中位 0.218 px(网格 1.360)
  关节 4 ⇒ 轴 [0.23, 0.837, 0.496] · 残差中位 0.043 px(网格 2.322)
  关节 5 ⇒ 轴 [0.0, -0.519, 0.855] · 残差中位 0.141 px(网格 0.875)
  起步焦距 383.0(714 s)
  各轴离眼远近的比例(以关节 0 为 1):[1.0, 0.8276, -1.9652, -0.9098, -0.56, -0.2534] · 残差中位 0.107 px
  按起步模型挑内点(门 3.00 px):699 对
按像素一起解:迭代 41 次(`ftol` termination condition is satisfied.),代价 2958.14
按像素一起解:207421 个配点、0 对只给转动;Sampson 残差 中位 0.031 px、九成 0.133 px;焦距 383.0 → 396.9 px
对齐:倍数 0.0664(模型单位 → 米),眼离手 (85.2, -0.0, 51.1) mm
训练停(139):眼的位置差 中位 0.03 mm、最大 0.25 mm;朝向差 中位 0.014°
考试停(15,只给关节读数):眼的位置差 中位 0.03 mm、最大 0.06 mm;朝向差 中位 0.037°、最大 0.048°
考试逐停(mm): [0.03, 0.02, 0.03, 0.02, 0.03, 0.05, 0.03, 0.02, 0.02, 0.02, 0.02, 0.03, 0.06, 0.06, 0.06]
外推考试:8196 个静止帧(只给关节读数),其中不同姿势 228 个
  离标定停  0–  2°:不同姿势  131 个,眼的位置误差 中位    0.03 mm、最大    0.25 mm
  离标定停  2–  5°:不同姿势    1 个,眼的位置误差 中位    0.06 mm、最大    0.06 mm
  离标定停  5– 10°:不同姿势    1 个,眼的位置误差 中位    0.14 mm、最大    0.14 mm
  离标定停 10– 20°:不同姿势   16 个,眼的位置误差 中位    0.03 mm、最大    0.28 mm
  离标定停 20– 40°:不同姿势   46 个,眼的位置误差 中位    0.24 mm、最大    1.31 mm
  离标定停 40–180°:不同姿势   33 个,眼的位置误差 中位    1.18 mm、最大    2.22 mm

结果存在 /root/NV1B2/v1b/report_sweep.json
