[手] 形心 0.0743,0.6282(粗段)· 候选 2 地板 5 双响 1054 配对 2 两步各 1936/2175 @ 末端 (-0.4088,-0.2714,1.0115) 朝向 (0.5589,-0.4265,0.5571,0.4421)
[重复性] 第 1/12 次:(0.07430,0.62823)
[手] 形心 0.0697,0.6203(粗段)· 候选 2 地板 5 双响 1014 配对 1 两步各 1834/2069 @ 末端 (-0.4089,-0.2714,1.0115) 朝向 (0.5986,-0.3755,0.5985,0.3775)
[重复性] 朝向还在转(11.50°)⇒ 作废已攒的 1 次,重来(第 1 次作废)
[重复性] 第 1/12 次:(0.06972,0.62029)
[手] 形心 0.0740,0.6423(粗段)· 候选 2 地板 4 双响 1052 配对 1 两步各 1861/2147 @ 末端 (-0.4089,-0.2714,1.0115) 朝向 (0.6331,-0.3148,0.6331,0.3150)
[重复性] 朝向还在转(11.45°)⇒ 作废已攒的 1 次,重来(第 2 次作废)
[重复性] 第 1/12 次:(0.07400,0.64228)
[手] 形心 0.0586,0.6557(粗段)· 候选 2 地板 5 双响 1248 配对 1 两步各 1926/2474 @ 末端 (-0.4090,-0.2715,1.0115) 朝向 (0.6614,-0.2502,0.6614,0.2502)
[重复性] 朝向还在转(11.45°)⇒ 作废已攒的 1 次,重来(第 3 次作废)
[重复性] 第 1/12 次:(0.05862,0.65571)
[手] 形心 0.0632,0.6348(粗段)· 候选 3 地板 5 双响 1046 配对 1 两步各 1884/2340 @ 末端 (-0.4090,-0.2715,1.0115) 朝向 (0.6830,-0.1831,0.6830,0.1831)
[重复性] 朝向还在转(11.43°)⇒ 作废已攒的 1 次,重来(第 4 次作废)
[重复性] 第 1/12 次:(0.06316,0.63482)
[手] 形心 0.0504,0.6443(粗段)· 候选 1 地板 11 双响 722 配对 1 两步各 1395/2003 @ 末端 (-0.4091,-0.2715,1.0115) 朝向 (0.6978,-0.1144,0.6978,0.1144)
[重复性] 朝向还在转(11.39°)⇒ 作废已攒的 1 次,重来(第 5 次作废)
[重复性] 第 1/12 次:(0.05036,0.64426)
[手] 形心 0.0409,0.6396(粗段)· 候选 2 地板 7 双响 807 配对 2 两步各 1359/2087 @ 末端 (-0.4091,-0.2715,1.0115) 朝向 (0.7055,-0.0471,0.7055,0.0471)
[重复性] 朝向还在转(10.98°)⇒ 作废已攒的 1 次,重来(第 6 次作废)
[重复性] 第 1/12 次:(0.04092,0.63962)
[手] 形心 0.0440,0.5868(粗段)· 候选 3 地板 5 双响 852 配对 1 两步各 1337/2203 @ 末端 (-0.4092,-0.2716,1.0115) 朝向 (0.7071,-0.0061,0.7071,0.0061)
[重复性] 朝向还在转(6.66°)⇒ 作废已攒的 1 次,重来(第 7 次作废)
[重复性] 第 1/12 次:(0.04404,0.58682)
[手] 形心 0.0447,0.6379(粗段)· 候选 3 地板 4 双响 948 配对 2 两步各 1387/2275 @ 末端 (-0.4092,-0.2716,1.0115) 朝向 (0.7071,-0.0009,0.7071,0.0009)
[重复性] 朝向还在转(0.85°)⇒ 作废已攒的 1 次,重来(第 8 次作废)
[重复性] 第 1/12 次:(0.04470,0.63791)
[手] 形心 0.0450,0.6364(粗段)· 候选 3 地板 6 双响 838 配对 1 两步各 1287/2161 @ 末端 (-0.4092,-0.2716,1.0115) 朝向 (0.7071,-0.0002,0.7071,0.0002)
[重复性] 第 2/12 次:(0.04496,0.63642)
[手] 形心 0.0594,0.6048(粗段)· 候选 1 地板 6 双响 819 配对 1 两步各 1297/2085 @ 末端 (-0.4093,-0.2717,1.0115) 朝向 (0.7071,-0.0001,0.7071,0.0001)
[重复性] 第 3/12 次:(0.05944,0.60478)
[手] 形心 0.0512,0.6149(粗段)· 候选 3 地板 5 双响 875 配对 2 两步各 1304/2148 @ 末端 (-0.4093,-0.2717,1.0115) 朝向 (0.7071,-0.0001,0.7071,0.0001)
[重复性] 第 4/12 次:(0.05116,0.61491)
[手] 形心 0.0564,0.5960(粗段)· 候选 2 地板 3 双响 1053 配对 1 两步各 1538/2417 @ 末端 (-0.4094,-0.2717,1.0115) 朝向 (0.7071,-0.0001,0.7071,0.0001)
[重复性] 第 5/12 次:(0.05640,0.59603)
[手] 形心 0.0343,0.6697(粗段)· 候选 2 地板 21 双响 518 配对 1 两步各 1008/1693 @ 末端 (-0.4094,-0.2717,1.0115) 朝向 (0.7071,-0.0001,0.7071,0.0001)
[重复性] 第 6/12 次:(0.03426,0.66975)
[手] 形心 0.0578,0.6059(粗段)· 候选 2 地板 7 双响 735 配对 2 两步各 1230/1972 @ 末端 (-0.4095,-0.2718,1.0115) 朝向 (0.7071,-0.0001,0.7071,0.0001)
[重复性] 第 7/12 次:(0.05776,0.60591)
[手] 形心 0.0352,0.6674(粗段)· 候选 2 地板 19 双响 549 配对 1 两步各 1037/1740 @ 末端 (-0.4095,-0.2718,1.0115) 朝向 (0.7071,-0.0001,0.7071,0.0001)
[重复性] 第 8/12 次:(0.03516,0.66742)
[手] 形心 0.0430,0.5872(粗段)· 候选 2 地板 3 双响 1013 配对 1 两步各 1490/2341 @ 末端 (-0.4096,-0.2718,1.0115) 朝向 (0.7071,-0.0001,0.7071,0.0001)
[重复性] 第 9/12 次:(0.04301,0.58721)
[手] 形心 0.0393,0.6445(粗段)· 候选 3 地板 9 双响 709 配对 1 两步各 1195/1934 @ 末端 (-0.4096,-0.2719,1.0115) 朝向 (0.7071,-0.0001,0.7071,0.0001)
[重复性] 第 10/12 次:(0.03930,0.64447)
[手] 形心 0.0583,0.5912(粗段)· 候选 3 地板 5 双响 882 配对 2 两步各 1307/2215 @ 末端 (-0.4097,-0.2719,1.0115) 朝向 (0.7071,-0.0001,0.7071,0.0001)
[重复性] 第 11/12 次:(0.05834,0.59120)
[手] 形心 0.0408,0.6547(粗段)· 候选 2 地板 5 双响 874 配对 1 两步各 1300/2201 @ 末端 (-0.4097,-0.2719,1.0115) 朝向 (0.7071,-0.0001,0.7071,0.0001)
[重复性] 第 12/12 次:(0.04080,0.65468)
[重复性] n=12 手一步没动 ⇒ 离均值:中位 18.9 px · 90% 27.7 px · 最大 29.2 px
[重复性] 🔴 判据 8 px:地板 ≥ 8 px ⇒ 该改的是认手,不是相机模型
[重复性] ⚠️ 全程朝向锁定(作废重来 8 次)—— 这 12 次之间手腕没转过 0.5°
[手] 形心 0.0406,0.6416(粗段)· 候选 3 地板 6 双响 818 配对 1 两步各 1280/2064 @ 末端 (-0.4098,-0.2719,1.0115) 朝向 (0.7071,-0.0001,0.7071,0.0001)
[重复性] 第 1/12 次:(0.04057,0.64155)
[手] 形心 0.0442,0.6397(粗段)· 候选 3 地板 4 双响 904 配对 1 两步各 1341/2232 @ 末端 (-0.4098,-0.2720,1.0115) 朝向 (0.7071,-0.0001,0.7071,0.0001)
[重复性] 第 2/12 次:(0.04418,0.63966)
[手] 形心 0.0592,0.6060(粗段)· 候选 1 地板 6 双响 790 配对 1 两步各 1264/2062 @ 末端 (-0.4099,-0.2720,1.0115) 朝向 (0.7071,-0.0001,0.7071,0.0001)
[重复性] 第 3/12 次:(0.05919,0.60602)
