[手] 形心 0.0735,0.6133(粗段)· 候选 2 地板 5 双响 1425 配对 1 两步各 3042/2961 @ 末端 (-0.4088,-0.2714,1.0115) 朝向 (0.5589,-0.4265,0.5571,0.4421)
[重复性] 第 1/12 次:(0.07349,0.61327)
[手] 形心 0.0670,0.6180(粗段)· 候选 3 地板 5 双响 1442 配对 2 两步各 2760/3072 @ 末端 (-0.4089,-0.2714,1.0115) 朝向 (0.5986,-0.3755,0.5985,0.3775)
[重复性] 朝向还在转(11.50°)⇒ 作废已攒的 1 次,重来(第 1 次作废)
[重复性] 第 1/12 次:(0.06698,0.61799)
[手] 形心 0.0727,0.6422(粗段)· 候选 2 地板 4 双响 1471 配对 1 两步各 2669/3722 @ 末端 (-0.4089,-0.2714,1.0115) 朝向 (0.6331,-0.3148,0.6331,0.3150)
[重复性] 朝向还在转(11.45°)⇒ 作废已攒的 1 次,重来(第 2 次作废)
[重复性] 第 1/12 次:(0.07269,0.64223)
[手] 形心 0.0494,0.6438(粗段)· 候选 3 地板 4 双响 2148 配对 2 两步各 3801/4088 @ 末端 (-0.4090,-0.2715,1.0115) 朝向 (0.6614,-0.2502,0.6614,0.2502)
[重复性] 朝向还在转(11.45°)⇒ 作废已攒的 1 次,重来(第 3 次作废)
[重复性] 第 1/12 次:(0.04937,0.64379)
[手] 形心 0.0629,0.6359(粗段)· 候选 3 地板 6 双响 1327 配对 1 两步各 2519/3067 @ 末端 (-0.4090,-0.2715,1.0115) 朝向 (0.6830,-0.1831,0.6830,0.1831)
[重复性] 朝向还在转(11.43°)⇒ 作废已攒的 1 次,重来(第 4 次作废)
[重复性] 第 1/12 次:(0.06285,0.63592)
[手] 形心 0.0525,0.6436(粗段)· 候选 1 地板 10 双响 875 配对 1 两步各 1686/2347 @ 末端 (-0.4091,-0.2715,1.0115) 朝向 (0.6978,-0.1144,0.6978,0.1144)
[重复性] 朝向还在转(11.39°)⇒ 作废已攒的 1 次,重来(第 5 次作废)
[重复性] 第 1/12 次:(0.05246,0.64355)
[手] 形心 0.0451,0.6566(粗段)· 候选 3 地板 8 双响 1003 配对 0 两步各 1754/2578 @ 末端 (-0.4091,-0.2715,1.0115) 朝向 (0.7055,-0.0471,0.7055,0.0471)
[重复性] 朝向还在转(10.98°)⇒ 作废已攒的 1 次,重来(第 6 次作废)
[重复性] 第 1/12 次:(0.04510,0.65661)
[手] 形心 0.0437,0.6373(粗段)· 候选 4 地板 5 双响 1235 配对 1 两步各 2018/3121 @ 末端 (-0.4092,-0.2716,1.0115) 朝向 (0.7071,-0.0061,0.7071,0.0061)
[重复性] 朝向还在转(6.66°)⇒ 作废已攒的 1 次,重来(第 7 次作废)
[重复性] 第 1/12 次:(0.04365,0.63729)
[手] 形心 0.0423,0.6311(粗段)· 候选 3 地板 4 双响 1437 配对 1 两步各 2157/3525 @ 末端 (-0.4092,-0.2716,1.0115) 朝向 (0.7071,-0.0009,0.7071,0.0009)
[重复性] 朝向还在转(0.85°)⇒ 作废已攒的 1 次,重来(第 8 次作废)
[重复性] 第 1/12 次:(0.04226,0.63108)
[手] 形心 0.0424,0.6342(粗段)· 候选 3 地板 6 双响 1135 配对 1 两步各 1830/2808 @ 末端 (-0.4092,-0.2716,1.0115) 朝向 (0.7071,-0.0002,0.7071,0.0002)
[重复性] 第 2/12 次:(0.04245,0.63423)
[手] 形心 0.0467,0.6382(粗段)· 候选 4 地板 7 双响 998 配对 0 两步各 1657/2664 @ 末端 (-0.4093,-0.2717,1.0115) 朝向 (0.7071,-0.0001,0.7071,0.0001)
[重复性] 第 3/12 次:(0.04668,0.63815)
[手] 形心 0.0526,0.6004(粗段)· 候选 2 地板 4 双响 1416 配对 2 两步各 2317/3515 @ 末端 (-0.4093,-0.2717,1.0115) 朝向 (0.7071,-0.0001,0.7071,0.0001)
[重复性] 第 4/12 次:(0.05262,0.60039)
[手] 形心 0.0528,0.5862(粗段)· 候选 3 地板 3 双响 1844 配对 3 两步各 2720/4257 @ 末端 (-0.4094,-0.2717,1.0115) 朝向 (0.7071,-0.0001,0.7071,0.0001)
[重复性] 第 5/12 次:(0.05277,0.58625)
[手] 形心 0.0479,0.6566(粗段)· 候选 2 地板 25 双响 507 配对 0 两步各 1019/1637 @ 末端 (-0.4094,-0.2718,1.0115) 朝向 (0.7071,-0.0001,0.7071,0.0001)
[重复性] 第 6/12 次:(0.04792,0.65664)
[手] 形心 0.0359,0.6633(粗段)· 候选 2 地板 9 双响 809 配对 1 两步各 1460/2281 @ 末端 (-0.4095,-0.2718,1.0115) 朝向 (0.7071,-0.0001,0.7071,0.0001)
[重复性] 第 7/12 次:(0.03591,0.66328)
[手] 形心 0.0356,0.6662(粗段)· 候选 2 地板 19 双响 589 配对 1 两步各 1105/1792 @ 末端 (-0.4095,-0.2718,1.0115) 朝向 (0.7071,-0.0001,0.7071,0.0001)
[重复性] 第 8/12 次:(0.03562,0.66618)
[手] 形心 0.0430,0.6165(粗段)· 候选 3 地板 4 双响 1447 配对 1 两步各 2199/3571 @ 末端 (-0.4096,-0.2718,1.0115) 朝向 (0.7071,-0.0001,0.7071,0.0001)
[重复性] 第 9/12 次:(0.04299,0.61651)
[手] 形心 0.0413,0.6013(粗段)· 候选 3 地板 9 双响 836 配对 1 两步各 1478/2243 @ 末端 (-0.4096,-0.2719,1.0115) 朝向 (0.7071,-0.0001,0.7071,0.0001)
[重复性] 第 10/12 次:(0.04134,0.60133)
[手] 形心 0.0434,0.6374(粗段)· 候选 3 地板 4 双响 1381 配对 2 两步各 2117/3638 @ 末端 (-0.4097,-0.2719,1.0115) 朝向 (0.7071,-0.0001,0.7071,0.0001)
[重复性] 第 11/12 次:(0.04341,0.63742)
[手] 形心 0.0565,0.6022(粗段)· 候选 2 地板 6 双响 1061 配对 1 两步各 1779/2763 @ 末端 (-0.4097,-0.2719,1.0115) 朝向 (0.7071,-0.0001,0.7071,0.0001)
[重复性] 第 12/12 次:(0.05655,0.60223)
[重复性] n=12 手一步没动 ⇒ 离均值:中位 17.9 px · 90% 25.3 px · 最大 27.1 px
[重复性] 🔴 判据 8 px:地板 ≥ 8 px ⇒ 该改的是认手,不是相机模型
[重复性] ⚠️ 全程朝向锁定(作废重来 8 次)—— 这 12 次之间手腕没转过 0.5°
[手] 形心 0.0386,0.5953(粗段)· 候选 2 地板 6 双响 1082 配对 1 两步各 1804/2777 @ 末端 (-0.4098,-0.2720,1.0115) 朝向 (0.7071,-0.0001,0.7071,0.0001)
[重复性] 第 1/12 次:(0.03857,0.59529)
[手] 形心 0.0438,0.6233(粗段)· 候选 2 地板 4 双响 1430 配对 1 两步各 2265/3478 @ 末端 (-0.4098,-0.2720,1.0115) 朝向 (0.7071,-0.0001,0.7071,0.0001)
[重复性] 第 2/12 次:(0.04378,0.62331)
[手] 形心 0.0442,0.6264(粗段)· 候选 2 地板 6 双响 1081 配对 1 两步各 1776/2857 @ 末端 (-0.4099,-0.2720,1.0115) 朝向 (0.7071,-0.0001,0.7071,0.0001)
[重复性] 第 3/12 次:(0.04415,0.62645)
[手] 形心 0.0423,0.6410(粗段)· 候选 3 地板 9 双响 838 配对 1 两步各 1448/2227 @ 末端 (-0.4099,-0.2720,1.0115) 朝向 (0.7071,-0.0001,0.7071,0.0001)
[重复性] 第 4/12 次:(0.04227,0.64096)
[手] 形心 0.0450,0.6373(粗段)· 候选 3 地板 7 双响 906 配对 0 两步各 1605/2525 @ 末端 (-0.4100,-0.2721,1.0115) 朝向 (0.7071,-0.0001,0.7071,0.0001)
[重复性] 第 5/12 次:(0.04505,0.63733)
[手] 形心 0.0426,0.6375(粗段)· 候选 4 地板 7 双响 983 配对 0 两步各 1696/2601 @ 末端 (-0.4100,-0.2721,1.0115) 朝向 (0.7071,-0.0001,0.7071,0.0001)
[重复性] 第 6/12 次:(0.04256,0.63751)
