[装] 在 9077 上等这台机器人连过来…
[装] 接上了。先听一帧,认这台机器人报的东西长什么样。
[装] 这一帧没有观测 · func_name=(没有 func_name) · payload 的键=Some([])
[线] #0 收 hello · payload 键=Some([])
[装] 收到过的消息类型:[("hello", 1)]
[线] #1 收 reset · payload 键=Some(["trial_id"])
[线] #2 收 reset · payload 键=Some(["trial_id"])
[线] #3 收 call · payload 键=Some(["func_name", "obs"])
[认] 关节角:state.arm_joint_state · action.arm_joint_state
[认] 末端位姿:state.ee_pose
[认] 夹爪:state.ee_joint_state · action.ee_joint_state
[认] 相机:vision.cam_head.color
[认] 叶子:vision.cam_head.color=映射{} | vision.cam_head.shape=数组[3] | vision.cam_head.depth=映射{} | state.arm_joint_state=映射{} | state.ee_pose=映射{} | state.ee_joint_state=数组[1]
[认] 叶子:action.arm_joint_state=映射{} | action.ee_joint_state=数组[1] | data_format_version=String(Utf8String  | additional_info.frequency=Integer(PosInt(25) | instruction=String(Utf8String  | env_idx=Integer(PosInt(0))
[序] 先量原位 —— 它是每一相的回位锚点,排在 latency 前面
[量] 第 1 轮:home_pose —— 因为 NeverMeasured
      [归位] 原位还没量到,暂用连上来时的位置 (0.300,-0.005,0.960)
      [样] 命令 0.00363 m ⇒ 实到 0.00180 m(比 0.497)
      [样] 命令 0.00507 m ⇒ 实到 0.00055 m(比 0.108)
      [样] 命令 0.00452 m ⇒ 实到 0.00052 m(比 0.114)
      [样] 命令 0.04401 m ⇒ 实到 0.00319 m(比 0.073)
      [样] 命令 0.00712 m ⇒ 实到 0.00147 m(比 0.206)
      [样] 命令 0.00822 m ⇒ 实到 0.00091 m(比 0.111)
      [样] 命令 0.00731 m ⇒ 实到 0.00083 m(比 0.114)
      [样] 命令 0.04155 m ⇒ 实到 0.00293 m(比 0.071)
      [样] 命令 0.00929 m ⇒ 实到 0.00128 m(比 0.138)
      [样] 命令 0.01015 m ⇒ 实到 0.00113 m(比 0.111)
      [样] 命令 0.00902 m ⇒ 实到 0.00103 m(比 0.114)
      [样] 命令 0.04004 m ⇒ 实到 0.00277 m(比 0.069)
      [计时] 近 50 帧:等帧 113.9 ms/帧 · 解图 2.2 ms/帧 · 相机 1 台
      [计时] 近 50 帧:等帧 118.2 ms/帧 · 解图 2.2 ms/帧 · 相机 1 台
      [归位] 开跑时离目标 0.0001 m(容差 0.0640 m = 这一相自己的探针幅度)
      [原位] 22 次归位,判据用这一相自己的最大行程 0.0440 m
      🟢 量到:7 维 · 非零 {0:0.300 1:-0.004 2:0.969 3:-0.045 4:0.705 5:0.706 6:0.045} —— 已收下
[量] 第 2 轮:latency —— 因为 NeverMeasured
      [归位] 锚点换成**量到的原位** (0.300,-0.004,0.969)
      [计时] 近 50 帧:等帧 120.1 ms/帧 · 解图 3.7 ms/帧 · 相机 1 台
      [样] 命令 0.00001 m ⇒ 实到 0.00001 m(比 1.769)
      [样] 命令 0.00002 m ⇒ 实到 0.00001 m(比 0.580)
      [样] 命令 0.00004 m ⇒ 实到 0.00001 m(比 0.334)
      [样] 命令 0.00005 m ⇒ 实到 0.00001 m(比 0.214)
      [样] 命令 0.00006 m ⇒ 实到 0.00001 m(比 0.156)
      [样] 命令 0.00007 m ⇒ 实到 0.00001 m(比 0.126)
      [样] 命令 0.00007 m ⇒ 实到 0.00001 m(比 0.094)
      [样] 命令 0.00008 m ⇒ 实到 0.00001 m(比 0.078)
      [样] 命令 0.00009 m ⇒ 实到 0.00001 m(比 0.063)
      [样] 命令 0.00009 m ⇒ 实到 0.00000 m(比 0.052)
      [样] 命令 0.00010 m ⇒ 实到 0.00000 m(比 0.046)
      [样] 命令 0.01600 m ⇒ 实到 0.00122 m(比 0.076)
      [计时] 近 50 帧:等帧 124.2 ms/帧 · 解图 3.6 ms/帧 · 相机 1 台
      [归位] 开跑时离目标 0.0001 m(容差 0.0640 m = 这一相自己的探针幅度)
      [延迟] 静止段 24 拍 · 命令后 42 拍
      [延迟] 静止逐拍: 0.00001 0.00001 0.00001 0.00001 0.00000 0.00000 0.00001 0.00001 0.00001 0.00001 0.00001 0.00001 0.00001 0.00001 0.00001 0.00001 0.00001 0.00001 0.00001 0.00001 0.00001 0.00001 0.00001 0.00001
      [延迟] 命令后逐拍: 0:0.00122 1:0.00168 2:0.00150 3:0.00133 4:0.00118 5:0.00104 6:0.00092 7:0.00082 8:0.00072 9:0.00064 10:0.00057 11:0.00050 0:0.00123 1:0.00168 2:0.00150 3:0.00133 4:0.00118 5:0.00104 6:0.00093 7:0.00082 8:0.00073 9:0.00064 10:0.00057 11:0.00051 0:0.00122 1:0.00169 2:0.00150 3:0.00133 4:0.00118 5:0.00104 6:0.00093 7:0.00082 8:0.00073 9:0.00064 10:0.00057 11:0.00050 0:0.00123 1:0.00168 2:0.00150 3:0.00133 4:0.00118 5:0.00104
      🟢 量到:[0.0] —— 已收下
[量] 第 3 轮:backlash —— 因为 NeverMeasured
      [计时] 近 50 帧:等帧 115.0 ms/帧 · 解图 2.9 ms/帧 · 相机 1 台
      [计时] 近 50 帧:等帧 125.9 ms/帧 · 解图 3.8 ms/帧 · 相机 1 台
      [计时] 近 50 帧:等帧 123.1 ms/帧 · 解图 3.2 ms/帧 · 相机 1 台
      [计时] 近 50 帧:等帧 122.7 ms/帧 · 解图 3.6 ms/帧 · 相机 1 台
      [计时] 近 50 帧:等帧 119.9 ms/帧 · 解图 3.2 ms/帧 · 相机 1 台
      [样] 命令 0.00200 m ⇒ 实到 0.00021 m(比 0.106)
      [样] 命令 0.00400 m ⇒ 实到 0.00042 m(比 0.106)
      [样] 命令 0.00800 m ⇒ 实到 0.00075 m(比 0.094)
      [样] 命令 0.01600 m ⇒ 实到 0.00168 m(比 0.105)
      [样] 命令 0.03200 m ⇒ 实到 0.00334 m(比 0.104)
      [样] 命令 0.00100 m ⇒ 实到 0.00030 m(比 0.298)
      [样] 命令 0.00200 m ⇒ 实到 0.00022 m(比 0.108)
      [样] 命令 0.00400 m ⇒ 实到 0.00042 m(比 0.105)
      [样] 命令 0.00800 m ⇒ 实到 0.00075 m(比 0.093)
      [样] 命令 0.01600 m ⇒ 实到 0.00168 m(比 0.105)
      [样] 命令 0.03200 m ⇒ 实到 0.00333 m(比 0.104)
      [样] 命令 0.00100 m ⇒ 实到 0.00030 m(比 0.303)
      [计时] 近 50 帧:等帧 118.3 ms/帧 · 解图 3.5 ms/帧 · 相机 1 台
      [计时] 近 50 帧:等帧 120.2 ms/帧 · 解图 4.2 ms/帧 · 相机 1 台
      [归位] 开跑时离目标 0.0001 m(容差 0.0640 m = 这一相自己的探针幅度)
      🟢 量到:[0.0010093223947603436] —— 已收下
[量] 第 4 轮:reach —— 因为 NeverMeasured
      [计时] 近 50 帧:等帧 115.5 ms/帧 · 解图 3.7 ms/帧 · 相机 1 台
      [计时] 近 50 帧:等帧 117.8 ms/帧 · 解图 3.3 ms/帧 · 相机 1 台
      [样] 命令 0.03660 m ⇒ 实到 0.00201 m(比 0.055)
      [样] 命令 0.12345 m ⇒ 实到 0.00730 m(比 0.059)
      [样] 命令 0.07581 m ⇒ 实到 0.00495 m(比 0.065)
      [样] 命令 0.17869 m ⇒ 实到 0.00747 m(比 0.042)
      [样] 命令 0.11691 m ⇒ 实到 0.01079 m(比 0.092)
      [样] 命令 0.22866 m ⇒ 实到 0.00502 m(比 0.022)
      [样] 命令 0.16097 m ⇒ 实到 0.01258 m(比 0.078)
      [样] 命令 0.28050 m ⇒ 实到 0.00628 m(比 0.022)
      [样] 命令 0.20754 m ⇒ 实到 0.04602 m(比 0.222)
      [样] 命令 0.29501 m ⇒ 实到 0.03578 m(比 0.121)
      [样] 命令 0.32075 m ⇒ 实到 0.04672 m(比 0.146)
      [样] 命令 0.27991 m ⇒ 实到 0.03315 m(比 0.118)
      [计时] 近 50 帧:等帧 168.7 ms/帧 · 解图 3.9 ms/帧 · 相机 1 台
      [计时] 近 50 帧:等帧 125.4 ms/帧 · 解图 3.3 ms/帧 · 相机 1 台
      [计时] 近 50 帧:等帧 121.2 ms/帧 · 解图 4.7 ms/帧 · 相机 1 台
      [计时] 近 50 帧:等帧 121.5 ms/帧 · 解图 3.7 ms/帧 · 相机 1 台
      [计时] 近 50 帧:等帧 120.3 ms/帧 · 解图 2.3 ms/帧 · 相机 1 台
      [归位] 开跑时离目标 0.0001 m(容差 0.0640 m = 这一相自己的探针幅度)
      [可达] 10 条射线撞到了墙
      [可达] 撞墙点的散布:迹 0.44223 · 行列式 1.448e-3 ⇒ **不共面**
      [可达]   第 0 个:撞在 (0.457,0.053,1.283) · 方向 (0.44,0.00,0.90)
      [可达]   第 1 个:撞在 (0.202,0.159,1.196) · 方向 (-0.44,0.41,0.80)
      [可达]   第 2 个:撞在 (0.314,-0.012,1.167) · 方向 (-0.06,0.71,-0.70)
      [可达]   第 3 个:撞在 (0.240,-0.050,0.935) · 方向 (-0.49,-0.63,-0.60)
      [可达]   第 4 个:撞在 (0.004,0.039,1.114) · 方向 (-0.85,-0.15,0.50)
      [可达]   第 5 个:撞在 (0.536,0.031,1.081) · 方向 (-0.25,0.92,0.30)
      [可达]   第 6 个:撞在 (0.224,-0.005,0.949) · 方向 (-0.93,-0.34,-0.10)
      [可达]   第 7 个:撞在 (0.103,-0.045,0.946) · 方向 (-0.92,0.38,-0.00)
      [可达]   第 8 个:撞在 (0.453,-0.032,0.955) · 方向 (0.42,-0.90,-0.10)
      [可达]   第 9 个:撞在 (0.279,0.157,0.968) · 方向 (0.29,0.93,-0.20)
      [可达] (只作诊断)球拟合的基座 (0.265,-0.039,1.149)、半径 0.246 m(残差 0.0264)
      [可达] 半径从起点 (0.300,-0.004,0.969) 算,239 个样本
      🟢 量到:[0.1709379007668127, 0.35807030287894853] —— 已收下
[量] 第 5 轮:arm_weight —— 因为 NeverMeasured
      [计时] 近 50 帧:等帧 117.2 ms/帧 · 解图 2.8 ms/帧 · 相机 1 台
      [计时] 近 50 帧:等帧 116.5 ms/帧 · 解图 3.0 ms/帧 · 相机 1 台
      [计时] 近 50 帧:等帧 118.6 ms/帧 · 解图 3.7 ms/帧 · 相机 1 台
      [计时] 近 50 帧:等帧 117.3 ms/帧 · 解图 2.9 ms/帧 · 相机 1 台
      [计时] 近 50 帧:等帧 116.8 ms/帧 · 解图 3.5 ms/帧 · 相机 1 台
      [样] 命令 0.21796 m ⇒ 实到 0.03069 m(比 0.141)
      [样] 命令 0.19016 m ⇒ 实到 0.02726 m(比 0.143)
      [样] 命令 0.16545 m ⇒ 实到 0.02244 m(比 0.136)
      [样] 命令 0.14479 m ⇒ 实到 0.01957 m(比 0.135)
      [样] 命令 0.13014 m ⇒ 实到 0.01664 m(比 0.128)
      [样] 命令 0.09607 m ⇒ 实到 0.01294 m(比 0.135)
      [样] 命令 0.08420 m ⇒ 实到 0.00982 m(比 0.117)
      [样] 命令 0.07388 m ⇒ 实到 0.00887 m(比 0.120)
      [样] 命令 0.06610 m ⇒ 实到 0.00709 m(比 0.107)
      [样] 命令 0.05913 m ⇒ 实到 0.00674 m(比 0.114)
      [样] 命令 0.05926 m ⇒ 实到 0.00625 m(比 0.105)
      [样] 命令 0.07834 m ⇒ 实到 0.00782 m(比 0.100)
      [计时] 近 50 帧:等帧 111.9 ms/帧 · 解图 2.1 ms/帧 · 相机 1 台
      [计时] 近 50 帧:等帧 114.6 ms/帧 · 解图 1.9 ms/帧 · 相机 1 台
      [计时] 近 50 帧:等帧 115.7 ms/帧 · 解图 2.5 ms/帧 · 相机 1 台
      [计时] 近 50 帧:等帧 122.0 ms/帧 · 解图 3.2 ms/帧 · 相机 1 台
      [计时] 近 50 帧:等帧 120.6 ms/帧 · 解图 3.1 ms/帧 · 相机 1 台
      [计时] 近 50 帧:等帧 118.0 ms/帧 · 解图 2.6 ms/帧 · 相机 1 台
      [归位] 开跑时离目标 0.0001 m(容差 0.0640 m = 这一相自己的探针幅度)
      [臂重] 50 对上下步,力臂 0.023–0.245 m
      🟢 量到:[0.006713444433647055, -0.0023895355091492704] —— 已收下
[量] 第 6 轮:step_delivery —— 因为 NeverMeasured
      [计时] 近 50 帧:等帧 118.3 ms/帧 · 解图 4.3 ms/帧 · 相机 1 台
      [计时] 近 50 帧:等帧 121.2 ms/帧 · 解图 4.3 ms/帧 · 相机 1 台
      [计时] 近 50 帧:等帧 121.7 ms/帧 · 解图 4.8 ms/帧 · 相机 1 台
      [计时] 近 50 帧:等帧 123.2 ms/帧 · 解图 3.8 ms/帧 · 相机 1 台
      [计时] 近 50 帧:等帧 114.6 ms/帧 · 解图 2.8 ms/帧 · 相机 1 台
      [样] 命令 0.03743 m ⇒ 实到 0.00407 m(比 0.109)
      [样] 命令 0.05614 m ⇒ 实到 0.00524 m(比 0.093)
      [样] 命令 0.07485 m ⇒ 实到 0.00794 m(比 0.106)
      [样] 命令 0.09357 m ⇒ 实到 0.00944 m(比 0.101)
      [样] 命令 0.11228 m ⇒ 实到 0.01351 m(比 0.120)
      [样] 命令 0.13099 m ⇒ 实到 0.01075 m(比 0.082)
      [样] 命令 0.14971 m ⇒ 实到 0.01641 m(比 0.110)
      [样] 命令 0.16842 m ⇒ 实到 0.01389 m(比 0.082)
      [样] 命令 0.18713 m ⇒ 实到 0.01954 m(比 0.104)
      [样] 命令 0.01871 m ⇒ 实到 0.00260 m(比 0.139)
      [样] 命令 0.03743 m ⇒ 实到 0.00391 m(比 0.105)
      [样] 命令 0.05614 m ⇒ 实到 0.00564 m(比 0.101)
      [计时] 近 50 帧:等帧 118.4 ms/帧 · 解图 3.9 ms/帧 · 相机 1 台
      [归位] 开跑时离目标 0.0001 m(容差 0.0640 m = 这一相自己的探针幅度)
      🟢 量到:[0.10441160475276498] —— 已收下
[量] 第 7 轮:image_jacobian —— 因为 NeverMeasured
      [步数] 这具身体每步只交付 0.104 ⇒ 本相步数 300 × 9.6 = 2873
      [协议] 静置 63 拍(由这具身体的延迟+交付率推出),周期 69 拍
      [计时] 近 50 帧:等帧 118.5 ms/帧 · 解图 4.1 ms/帧 · 相机 1 台
      [计时] 近 50 帧:等帧 115.6 ms/帧 · 解图 2.9 ms/帧 · 相机 1 台
      [计时] 近 50 帧:等帧 118.0 ms/帧 · 解图 3.4 ms/帧 · 相机 1 台
      [计时] 近 50 帧:等帧 121.9 ms/帧 · 解图 4.2 ms/帧 · 相机 1 台
      [计时] 近 50 帧:等帧 126.2 ms/帧 · 解图 4.2 ms/帧 · 相机 1 台
      [样] 命令 0.00001 m ⇒ 实到 0.00001 m(比 1.583)
      [样] 命令 0.00002 m ⇒ 实到 0.00001 m(比 0.580)
      [样] 命令 0.00004 m ⇒ 实到 0.00001 m(比 0.324)
      [样] 命令 0.00005 m ⇒ 实到 0.00001 m(比 0.217)
      [样] 命令 0.00006 m ⇒ 实到 0.00001 m(比 0.163)
      [样] 命令 0.00007 m ⇒ 实到 0.00001 m(比 0.116)
      [样] 命令 0.00007 m ⇒ 实到 0.00001 m(比 0.092)
      [样] 命令 0.00008 m ⇒ 实到 0.00001 m(比 0.075)
      [样] 命令 0.00009 m ⇒ 实到 0.00001 m(比 0.060)
      [样] 命令 0.00009 m ⇒ 实到 0.00000 m(比 0.049)
      [样] 命令 0.00010 m ⇒ 实到 0.00000 m(比 0.047)
      [样] 命令 0.00010 m ⇒ 实到 0.00000 m(比 0.045)
      [计时] 近 50 帧:等帧 118.7 ms/帧 · 解图 3.6 ms/帧 · 相机 1 台
      [相机强弱] 最强是第 0 台(共 1 台)· 各台(配对,双响)=[(15, 3889)] · 各台门槛=[2] · **这一格用第 0 台**(-1 = 还没定下来)
      [认手] 像素 (0.8649,0.1898) · 双响 3889 · 配对 15 · 地板 2
      [计时] 近 50 帧:等帧 126.0 ms/帧 · 解图 4.2 ms/帧 · 相机 1 台
      [计时] 近 50 帧:等帧 120.4 ms/帧 · 解图 3.7 ms/帧 · 相机 1 台
      [认手] 像素 (0.9228,0.1713) · 双响 2979 · 配对 23 · 地板 3
      [计时] 近 50 帧:等帧 122.1 ms/帧 · 解图 3.3 ms/帧 · 相机 1 台
      [认手] 像素 (0.8796,0.1910) · 双响 2290 · 配对 14 · 地板 4
      [计时] 近 50 帧:等帧 113.9 ms/帧 · 解图 2.3 ms/帧 · 相机 1 台
      [计时] 近 50 帧:等帧 120.1 ms/帧 · 解图 2.8 ms/帧 · 相机 1 台
      [认手] 像素 (0.8707,0.1736) · 双响 2411 · 配对 15 · 地板 4
      [计时] 近 50 帧:等帧 118.3 ms/帧 · 解图 2.1 ms/帧 · 相机 1 台
      [认手] 像素 (0.8626,0.1704) · 双响 2745 · 配对 15 · 地板 3
      [计时] 近 50 帧:等帧 120.7 ms/帧 · 解图 3.7 ms/帧 · 相机 1 台
      [认手] 像素 (0.9197,0.1487) · 双响 3650 · 配对 15 · 地板 2
      [计时] 近 50 帧:等帧 118.8 ms/帧 · 解图 3.3 ms/帧 · 相机 1 台
      [计时] 近 50 帧:等帧 117.1 ms/帧 · 解图 2.4 ms/帧 · 相机 1 台
      [计时] 近 50 帧:等帧 119.5 ms/帧 · 解图 3.4 ms/帧 · 相机 1 台
      [计时] 近 50 帧:等帧 120.2 ms/帧 · 解图 3.6 ms/帧 · 相机 1 台
      [计时] 近 50 帧:等帧 119.6 ms/帧 · 解图 2.8 ms/帧 · 相机 1 台
      [计时] 近 50 帧:等帧 119.6 ms/帧 · 解图 3.6 ms/帧 · 相机 1 台
      [计时] 近 50 帧:等帧 116.5 ms/帧 · 解图 2.2 ms/帧 · 相机 1 台
      [计时] 近 50 帧:等帧 112.1 ms/帧 · 解图 1.8 ms/帧 · 相机 1 台
      [计时] 近 50 帧:等帧 115.1 ms/帧 · 解图 2.3 ms/帧 · 相机 1 台
      [计时] 近 50 帧:等帧 120.1 ms/帧 · 解图 2.6 ms/帧 · 相机 1 台
      [计时] 近 50 帧:等帧 117.7 ms/帧 · 解图 2.7 ms/帧 · 相机 1 台
      [计时] 近 50 帧:等帧 118.5 ms/帧 · 解图 2.9 ms/帧 · 相机 1 台
      [计时] 近 50 帧:等帧 113.0 ms/帧 · 解图 1.8 ms/帧 · 相机 1 台
      [计时] 近 50 帧:等帧 118.6 ms/帧 · 解图 2.3 ms/帧 · 相机 1 台
      [计时] 近 50 帧:等帧 117.6 ms/帧 · 解图 2.2 ms/帧 · 相机 1 台
      [计时] 近 50 帧:等帧 116.6 ms/帧 · 解图 3.1 ms/帧 · 相机 1 台
      [计时] 近 50 帧:等帧 116.1 ms/帧 · 解图 2.8 ms/帧 · 相机 1 台
      [计时] 近 50 帧:等帧 118.9 ms/帧 · 解图 2.4 ms/帧 · 相机 1 台
      [计时] 近 50 帧:等帧 120.4 ms/帧 · 解图 2.5 ms/帧 · 相机 1 台
      [计时] 近 50 帧:等帧 119.5 ms/帧 · 解图 2.5 ms/帧 · 相机 1 台
      [计时] 近 50 帧:等帧 116.7 ms/帧 · 解图 2.6 ms/帧 · 相机 1 台
      [计时] 近 50 帧:等帧 115.9 ms/帧 · 解图 2.0 ms/帧 · 相机 1 台
      [计时] 近 50 帧:等帧 115.8 ms/帧 · 解图 2.0 ms/帧 · 相机 1 台
      [计时] 近 50 帧:等帧 114.3 ms/帧 · 解图 1.9 ms/帧 · 相机 1 台
      [计时] 近 50 帧:等帧 116.9 ms/帧 · 解图 2.5 ms/帧 · 相机 1 台
      [计时] 近 50 帧:等帧 113.3 ms/帧 · 解图 1.8 ms/帧 · 相机 1 台
      [计时] 近 50 帧:等帧 114.0 ms/帧 · 解图 2.2 ms/帧 · 相机 1 台
      [计时] 近 50 帧:等帧 114.2 ms/帧 · 解图 1.7 ms/帧 · 相机 1 台
      [计时] 近 50 帧:等帧 119.3 ms/帧 · 解图 2.5 ms/帧 · 相机 1 台
      [计时] 近 50 帧:等帧 117.1 ms/帧 · 解图 2.2 ms/帧 · 相机 1 台
      [计时] 近 50 帧:等帧 118.2 ms/帧 · 解图 2.8 ms/帧 · 相机 1 台
      [计时] 近 50 帧:等帧 115.3 ms/帧 · 解图 2.9 ms/帧 · 相机 1 台
      [计时] 近 50 帧:等帧 116.5 ms/帧 · 解图 2.0 ms/帧 · 相机 1 台
      [计时] 近 50 帧:等帧 116.4 ms/帧 · 解图 1.8 ms/帧 · 相机 1 台
      [计时] 近 50 帧:等帧 119.0 ms/帧 · 解图 2.8 ms/帧 · 相机 1 台
      [计时] 近 50 帧:等帧 119.0 ms/帧 · 解图 2.9 ms/帧 · 相机 1 台
      [计时] 近 50 帧:等帧 118.4 ms/帧 · 解图 2.9 ms/帧 · 相机 1 台
      [计时] 近 50 帧:等帧 118.6 ms/帧 · 解图 2.5 ms/帧 · 相机 1 台
      [计时] 近 50 帧:等帧 118.1 ms/帧 · 解图 2.2 ms/帧 · 相机 1 台
      [计时] 近 50 帧:等帧 118.8 ms/帧 · 解图 2.6 ms/帧 · 相机 1 台
      [计时] 近 50 帧:等帧 119.7 ms/帧 · 解图 2.1 ms/帧 · 相机 1 台
      [计时] 近 50 帧:等帧 119.0 ms/帧 · 解图 2.1 ms/帧 · 相机 1 台
      [计时] 近 50 帧:等帧 118.0 ms/帧 · 解图 2.5 ms/帧 · 相机 1 台
      [计时] 近 50 帧:等帧 115.5 ms/帧 · 解图 2.4 ms/帧 · 相机 1 台
      [计时] 近 50 帧:等帧 115.5 ms/帧 · 解图 2.5 ms/帧 · 相机 1 台
      [计时] 近 50 帧:等帧 118.0 ms/帧 · 解图 2.1 ms/帧 · 相机 1 台
      [计时] 近 50 帧:等帧 117.5 ms/帧 · 解图 2.4 ms/帧 · 相机 1 台
      [计时] 近 50 帧:等帧 116.8 ms/帧 · 解图 1.9 ms/帧 · 相机 1 台
      [计时] 近 50 帧:等帧 118.8 ms/帧 · 解图 2.1 ms/帧 · 相机 1 台
      [计时] 近 50 帧:等帧 115.8 ms/帧 · 解图 2.2 ms/帧 · 相机 1 台
      [归位] 开跑时离目标 0.0001 m(容差 0.0640 m = 这一相自己的探针幅度)
      [认手] 攒到 41 个样本,交给估计器
      🟢 量到:6 维 · 非零 {0:-0.051 1:-0.037 2:0.148 3:-0.075 4:-0.114 5:0.097} —— 已收下
[量] 第 8 轮:hand_pixel —— 因为 NeverMeasured
      [步数] 这具身体每步只交付 0.104 ⇒ 本相步数 300 × 9.6 = 2873
      [协议] 静置 63 拍(由这具身体的延迟+交付率推出),周期 69 拍
      [计时] 近 50 帧:等帧 116.8 ms/帧 · 解图 2.9 ms/帧 · 相机 1 台
      [计时] 近 50 帧:等帧 116.3 ms/帧 · 解图 2.8 ms/帧 · 相机 1 台
      [样] 命令 0.00001 m ⇒ 实到 0.00001 m(比 1.663)
      [样] 命令 0.00002 m ⇒ 实到 0.00001 m(比 0.571)
      [样] 命令 0.00004 m ⇒ 实到 0.00001 m(比 0.315)
      [样] 命令 0.00005 m ⇒ 实到 0.00001 m(比 0.221)
      [样] 命令 0.00006 m ⇒ 实到 0.00001 m(比 0.159)
      [样] 命令 0.00007 m ⇒ 实到 0.00001 m(比 0.119)
      [样] 命令 0.00007 m ⇒ 实到 0.00001 m(比 0.094)
      [样] 命令 0.00008 m ⇒ 实到 0.00001 m(比 0.076)
      [样] 命令 0.00009 m ⇒ 实到 0.00002 m(比 0.175)
      [样] 命令 0.00010 m ⇒ 实到 0.00001 m(比 0.050)
      [样] 命令 0.00010 m ⇒ 实到 0.00000 m(比 0.044)
      [样] 命令 0.00010 m ⇒ 实到 0.00000 m(比 0.043)
      [计时] 近 50 帧:等帧 116.5 ms/帧 · 解图 2.7 ms/帧 · 相机 1 台
      [相机强弱] 最强是第 0 台(共 1 台)· 各台(配对,双响)=[(16, 2398)] · 各台门槛=[4] · **这一格用第 0 台**(-1 = 还没定下来)
      [认手] 像素 (0.7513,0.3627) · 双响 2398 · 配对 16 · 地板 4
      [计时] 近 50 帧:等帧 116.4 ms/帧 · 解图 2.3 ms/帧 · 相机 1 台
      [计时] 近 50 帧:等帧 117.3 ms/帧 · 解图 2.4 ms/帧 · 相机 1 台
      [认手] 像素 (0.8993,0.1787) · 双响 2427 · 配对 14 · 地板 4
      [计时] 近 50 帧:等帧 117.4 ms/帧 · 解图 1.8 ms/帧 · 相机 1 台
      [认手] 像素 (0.8327,0.1902) · 双响 3674 · 配对 17 · 地板 2
      [计时] 近 50 帧:等帧 115.6 ms/帧 · 解图 2.4 ms/帧 · 相机 1 台
      [认手] 像素 (0.9030,0.1540) · 双响 2892 · 配对 16 · 地板 3
      [计时] 近 50 帧:等帧 117.0 ms/帧 · 解图 2.6 ms/帧 · 相机 1 台
      [计时] 近 50 帧:等帧 117.7 ms/帧 · 解图 2.5 ms/帧 · 相机 1 台
      [认手] 像素 (0.8870,0.1335) · 双响 2813 · 配对 17 · 地板 3
      [计时] 近 50 帧:等帧 120.2 ms/帧 · 解图 2.8 ms/帧 · 相机 1 台
      [认手] 像素 (0.8832,0.1994) · 双响 2819 · 配对 15 · 地板 3
      [计时] 近 50 帧:等帧 121.7 ms/帧 · 解图 2.7 ms/帧 · 相机 1 台
      [计时] 近 50 帧:等帧 119.4 ms/帧 · 解图 2.7 ms/帧 · 相机 1 台
      [计时] 近 50 帧:等帧 117.5 ms/帧 · 解图 2.0 ms/帧 · 相机 1 台
      [计时] 近 50 帧:等帧 117.7 ms/帧 · 解图 2.5 ms/帧 · 相机 1 台
      [计时] 近 50 帧:等帧 119.0 ms/帧 · 解图 2.4 ms/帧 · 相机 1 台
      [计时] 近 50 帧:等帧 116.5 ms/帧 · 解图 2.1 ms/帧 · 相机 1 台
      [计时] 近 50 帧:等帧 119.1 ms/帧 · 解图 2.6 ms/帧 · 相机 1 台
      [计时] 近 50 帧:等帧 119.8 ms/帧 · 解图 2.2 ms/帧 · 相机 1 台
      [计时] 近 50 帧:等帧 117.7 ms/帧 · 解图 1.9 ms/帧 · 相机 1 台
      [计时] 近 50 帧:等帧 117.4 ms/帧 · 解图 1.8 ms/帧 · 相机 1 台
      [计时] 近 50 帧:等帧 118.0 ms/帧 · 解图 1.8 ms/帧 · 相机 1 台
      [计时] 近 50 帧:等帧 114.2 ms/帧 · 解图 1.7 ms/帧 · 相机 1 台
      [计时] 近 50 帧:等帧 116.5 ms/帧 · 解图 2.6 ms/帧 · 相机 1 台
      [计时] 近 50 帧:等帧 119.9 ms/帧 · 解图 2.2 ms/帧 · 相机 1 台
      [计时] 近 50 帧:等帧 119.3 ms/帧 · 解图 2.5 ms/帧 · 相机 1 台
      [计时] 近 50 帧:等帧 116.4 ms/帧 · 解图 2.6 ms/帧 · 相机 1 台
      [计时] 近 50 帧:等帧 116.5 ms/帧 · 解图 2.2 ms/帧 · 相机 1 台
      [计时] 近 50 帧:等帧 118.3 ms/帧 · 解图 2.2 ms/帧 · 相机 1 台
      [计时] 近 50 帧:等帧 115.2 ms/帧 · 解图 2.2 ms/帧 · 相机 1 台
      [计时] 近 50 帧:等帧 119.6 ms/帧 · 解图 2.2 ms/帧 · 相机 1 台
      [计时] 近 50 帧:等帧 118.5 ms/帧 · 解图 2.1 ms/帧 · 相机 1 台
      [计时] 近 50 帧:等帧 117.9 ms/帧 · 解图 2.6 ms/帧 · 相机 1 台
      [计时] 近 50 帧:等帧 117.9 ms/帧 · 解图 1.8 ms/帧 · 相机 1 台
      [计时] 近 50 帧:等帧 117.4 ms/帧 · 解图 2.5 ms/帧 · 相机 1 台
      [计时] 近 50 帧:等帧 121.1 ms/帧 · 解图 2.4 ms/帧 · 相机 1 台
      [计时] 近 50 帧:等帧 118.2 ms/帧 · 解图 2.9 ms/帧 · 相机 1 台
      [计时] 近 50 帧:等帧 116.4 ms/帧 · 解图 2.1 ms/帧 · 相机 1 台
      [计时] 近 50 帧:等帧 118.1 ms/帧 · 解图 2.2 ms/帧 · 相机 1 台
      [计时] 近 50 帧:等帧 117.8 ms/帧 · 解图 2.7 ms/帧 · 相机 1 台
      [计时] 近 50 帧:等帧 117.4 ms/帧 · 解图 1.9 ms/帧 · 相机 1 台
      [计时] 近 50 帧:等帧 116.6 ms/帧 · 解图 2.3 ms/帧 · 相机 1 台
      [计时] 近 50 帧:等帧 117.2 ms/帧 · 解图 1.8 ms/帧 · 相机 1 台
      [计时] 近 50 帧:等帧 118.6 ms/帧 · 解图 2.3 ms/帧 · 相机 1 台
      [计时] 近 50 帧:等帧 123.6 ms/帧 · 解图 2.2 ms/帧 · 相机 1 台
      [计时] 近 50 帧:等帧 120.1 ms/帧 · 解图 2.8 ms/帧 · 相机 1 台
      [计时] 近 50 帧:等帧 117.2 ms/帧 · 解图 1.8 ms/帧 · 相机 1 台
      [计时] 近 50 帧:等帧 119.4 ms/帧 · 解图 2.9 ms/帧 · 相机 1 台
      [计时] 近 50 帧:等帧 116.9 ms/帧 · 解图 2.4 ms/帧 · 相机 1 台
      [计时] 近 50 帧:等帧 118.4 ms/帧 · 解图 2.4 ms/帧 · 相机 1 台
      [计时] 近 50 帧:等帧 117.8 ms/帧 · 解图 2.3 ms/帧 · 相机 1 台
      [计时] 近 50 帧:等帧 122.4 ms/帧 · 解图 2.8 ms/帧 · 相机 1 台
      [计时] 近 50 帧:等帧 117.7 ms/帧 · 解图 2.4 ms/帧 · 相机 1 台
      [计时] 近 50 帧:等帧 120.7 ms/帧 · 解图 2.1 ms/帧 · 相机 1 台
      [计时] 近 50 帧:等帧 118.4 ms/帧 · 解图 1.9 ms/帧 · 相机 1 台
      [计时] 近 50 帧:等帧 118.1 ms/帧 · 解图 2.3 ms/帧 · 相机 1 台
      [计时] 近 50 帧:等帧 117.9 ms/帧 · 解图 2.3 ms/帧 · 相机 1 台
      [计时] 近 50 帧:等帧 120.0 ms/帧 · 解图 2.5 ms/帧 · 相机 1 台
      [计时] 近 50 帧:等帧 117.0 ms/帧 · 解图 1.9 ms/帧 · 相机 1 台
      [计时] 近 50 帧:等帧 120.7 ms/帧 · 解图 2.5 ms/帧 · 相机 1 台
      [归位] 开跑时离目标 0.0001 m(容差 0.0640 m = 这一相自己的探针幅度)
      🟡 严格跟踪器弃权(NoResponse)⇒ 退到形心:41 个候选加权 ⇒ (0.8673,0.1518),1σ=0.0670
      🟢 量到:[0.8672942417516657, 0.15179703978385908] —— 已收下
[量] 第 9 轮:gripper_span —— 因为 NeverMeasured
      [步数] 这具身体每步只交付 0.104 ⇒ 本相步数 1200 × 9.6 = 11492
      [协议] 静置 63 拍(由这具身体的延迟+交付率推出),周期 69 拍
      [跨度分档] 一档 0.0640 m —— 几何阶梯第 6 档(64 mm)
      [计时] 近 50 帧:等帧 119.0 ms/帧 · 解图 2.2 ms/帧 · 相机 1 台
      [计时] 近 50 帧:等帧 118.2 ms/帧 · 解图 1.8 ms/帧 · 相机 1 台
      [样] 命令 0.05896 m ⇒ 实到 0.00670 m(比 0.114)
      [样] 命令 0.05228 m ⇒ 实到 0.00597 m(比 0.114)
      [样] 命令 0.04633 m ⇒ 实到 0.00529 m(比 0.114)
      [样] 命令 0.04105 m ⇒ 实到 0.00468 m(比 0.114)
      [样] 命令 0.03637 m ⇒ 实到 0.00415 m(比 0.114)
      [计时] 近 50 帧:等帧 117.5 ms/帧 · 解图 2.6 ms/帧 · 相机 1 台
      [样] 命令 0.03223 m ⇒ 实到 0.00367 m(比 0.114)
      [样] 命令 0.02856 m ⇒ 实到 0.00326 m(比 0.114)
      [样] 命令 0.02531 m ⇒ 实到 0.00288 m(比 0.114)
      [样] 命令 0.02242 m ⇒ 实到 0.00255 m(比 0.114)
      [样] 命令 0.01987 m ⇒ 实到 0.00226 m(比 0.114)
      [样] 命令 0.01761 m ⇒ 实到 0.00201 m(比 0.114)
      [样] 命令 0.01560 m ⇒ 实到 0.00178 m(比 0.114)
      [计时] 近 50 帧:等帧 117.7 ms/帧 · 解图 2.6 ms/帧 · 相机 1 台
      [钳口通道] 命令 0.0000 ⇒ 回读 [0.45, 0.45](两者恒等 ⇒ 回声,没有停住信号)
      [跨度] 第 0 台 · 平均开度 0.23 ⇒ 画面里两瓣相距 0.02854(配对 2)
      [相机强弱] 最强是第 0 台(共 1 台)· 各台(配对,双响)=[(2, 411)] · 各台门槛=[3] · **这一格用第 -1 台**(-1 = 还没定下来)
      [计时] 近 50 帧:等帧 121.6 ms/帧 · 解图 2.6 ms/帧 · 相机 1 台
      [钳口通道] 命令 0.0000 ⇒ 回读 [0.56, 0.56](两者恒等 ⇒ 回声,没有停住信号)
      [跨度] 第 0 台 · 平均开度 0.34 ⇒ 画面里两瓣相距 0.09186(配对 2)
      [计时] 近 50 帧:等帧 117.5 ms/帧 · 解图 1.9 ms/帧 · 相机 1 台
      [钳口通道] 命令 0.0000 ⇒ 回读 [0.67, 0.67](两者恒等 ⇒ 回声,没有停住信号)
      [跨度] 第 0 台 · 平均开度 0.45 ⇒ 画面里两瓣相距 0.10397(配对 2)
      [计时] 近 50 帧:等帧 121.7 ms/帧 · 解图 1.9 ms/帧 · 相机 1 台
      [计时] 近 50 帧:等帧 120.7 ms/帧 · 解图 2.0 ms/帧 · 相机 1 台
      [钳口通道] 命令 0.0000 ⇒ 回读 [0.7800000000000001, 0.7800000000000001](两者恒等 ⇒ 回声,没有停住信号)
      [跨度] 第 0 台 · 平均开度 0.56 ⇒ 画面里两瓣相距 0.11764(配对 4)
      [计时] 近 50 帧:等帧 119.0 ms/帧 · 解图 1.9 ms/帧 · 相机 1 台
      [钳口通道] 命令 0.0000 ⇒ 回读 [0.89, 0.89](两者恒等 ⇒ 回声,没有停住信号)
      [跨度] 第 0 台 · 平均开度 0.67 ⇒ 画面里两瓣相距 0.04714(配对 5)
      [计时] 近 50 帧:等帧 119.0 ms/帧 · 解图 2.6 ms/帧 · 相机 1 台
      [计时] 近 50 帧:等帧 117.3 ms/帧 · 解图 2.2 ms/帧 · 相机 1 台
      [钳口通道] 命令 0.0000 ⇒ 回读 [1.0, 1.0](两者恒等 ⇒ 回声,没有停住信号)
      [跨度] 第 0 台 · 平均开度 0.78 ⇒ 画面里两瓣相距 0.12785(配对 3)
      [计时] 近 50 帧:等帧 117.2 ms/帧 · 解图 2.8 ms/帧 · 相机 1 台
      [钳口通道] 命令 0.0000 ⇒ 回读 [0.45, 0.45](两者恒等 ⇒ 回声,没有停住信号)
      [跨度] 第 0 台 · 平均开度 0.23 ⇒ 画面里两瓣相距 0.04814(配对 2)
      [计时] 近 50 帧:等帧 118.5 ms/帧 · 解图 2.4 ms/帧 · 相机 1 台
      [钳口通道] 命令 0.0000 ⇒ 回读 [0.56, 0.56](两者恒等 ⇒ 回声,没有停住信号)
      [跨度] 第 0 台 · 平均开度 0.34 ⇒ 画面里两瓣相距 0.08175(配对 1)
      [计时] 近 50 帧:等帧 125.8 ms/帧 · 解图 2.9 ms/帧 · 相机 1 台
      [计时] 近 50 帧:等帧 119.4 ms/帧 · 解图 2.0 ms/帧 · 相机 1 台
      [钳口通道] 命令 0.0000 ⇒ 回读 [0.67, 0.67](两者恒等 ⇒ 回声,没有停住信号)
      [计时] 近 50 帧:等帧 118.9 ms/帧 · 解图 2.5 ms/帧 · 相机 1 台
      [钳口通道] 命令 0.0000 ⇒ 回读 [0.7800000000000001, 0.7800000000000001](两者恒等 ⇒ 回声,没有停住信号)
      [计时] 近 50 帧:等帧 117.9 ms/帧 · 解图 2.6 ms/帧 · 相机 1 台
      [钳口通道] 命令 0.0000 ⇒ 回读 [0.89, 0.89](两者恒等 ⇒ 回声,没有停住信号)
      [计时] 近 50 帧:等帧 125.1 ms/帧 · 解图 3.0 ms/帧 · 相机 1 台
      [计时] 近 50 帧:等帧 120.9 ms/帧 · 解图 3.1 ms/帧 · 相机 1 台
      [钳口通道] 命令 0.0000 ⇒ 回读 [1.0, 1.0](两者恒等 ⇒ 回声,没有停住信号)
      [计时] 近 50 帧:等帧 119.3 ms/帧 · 解图 2.2 ms/帧 · 相机 1 台
      [钳口通道] 命令 0.0000 ⇒ 回读 [0.45, 0.45](两者恒等 ⇒ 回声,没有停住信号)
      [计时] 近 50 帧:等帧 119.4 ms/帧 · 解图 2.4 ms/帧 · 相机 1 台
      [计时] 近 50 帧:等帧 118.5 ms/帧 · 解图 2.4 ms/帧 · 相机 1 台
      [钳口通道] 命令 0.0000 ⇒ 回读 [0.56, 0.56](两者恒等 ⇒ 回声,没有停住信号)
      [计时] 近 50 帧:等帧 117.3 ms/帧 · 解图 2.2 ms/帧 · 相机 1 台
      [钳口通道] 命令 0.0000 ⇒ 回读 [0.67, 0.67](两者恒等 ⇒ 回声,没有停住信号)
      [计时] 近 50 帧:等帧 119.3 ms/帧 · 解图 2.6 ms/帧 · 相机 1 台
      [钳口通道] 命令 0.0000 ⇒ 回读 [0.7800000000000001, 0.7800000000000001](两者恒等 ⇒ 回声,没有停住信号)
      [计时] 近 50 帧:等帧 116.1 ms/帧 · 解图 2.4 ms/帧 · 相机 1 台
      [计时] 近 50 帧:等帧 118.7 ms/帧 · 解图 2.4 ms/帧 · 相机 1 台
      [钳口通道] 命令 0.0000 ⇒ 回读 [0.89, 0.89](两者恒等 ⇒ 回声,没有停住信号)
      [计时] 近 50 帧:等帧 120.5 ms/帧 · 解图 2.2 ms/帧 · 相机 1 台
      [钳口通道] 命令 0.0000 ⇒ 回读 [1.0, 1.0](两者恒等 ⇒ 回声,没有停住信号)
      [计时] 近 50 帧:等帧 120.1 ms/帧 · 解图 2.9 ms/帧 · 相机 1 台
      [计时] 近 50 帧:等帧 121.6 ms/帧 · 解图 2.1 ms/帧 · 相机 1 台
      [钳口通道] 命令 0.0000 ⇒ 回读 [0.45, 0.45](两者恒等 ⇒ 回声,没有停住信号)
      [计时] 近 50 帧:等帧 117.0 ms/帧 · 解图 1.9 ms/帧 · 相机 1 台
      [钳口通道] 命令 0.0000 ⇒ 回读 [0.56, 0.56](两者恒等 ⇒ 回声,没有停住信号)
      [计时] 近 50 帧:等帧 118.1 ms/帧 · 解图 2.0 ms/帧 · 相机 1 台
      [钳口通道] 命令 0.0000 ⇒ 回读 [0.67, 0.67](两者恒等 ⇒ 回声,没有停住信号)
      [计时] 近 50 帧:等帧 115.7 ms/帧 · 解图 1.9 ms/帧 · 相机 1 台
      [计时] 近 50 帧:等帧 120.3 ms/帧 · 解图 2.2 ms/帧 · 相机 1 台
      [钳口通道] 命令 0.0000 ⇒ 回读 [0.7800000000000001, 0.7800000000000001](两者恒等 ⇒ 回声,没有停住信号)
      [计时] 近 50 帧:等帧 117.5 ms/帧 · 解图 2.6 ms/帧 · 相机 1 台
      [钳口通道] 命令 0.0000 ⇒ 回读 [0.89, 0.89](两者恒等 ⇒ 回声,没有停住信号)
      [计时] 近 50 帧:等帧 118.7 ms/帧 · 解图 2.1 ms/帧 · 相机 1 台
      [钳口通道] 命令 0.0000 ⇒ 回读 [1.0, 1.0](两者恒等 ⇒ 回声,没有停住信号)
      [计时] 近 50 帧:等帧 119.7 ms/帧 · 解图 2.3 ms/帧 · 相机 1 台
      [计时] 近 50 帧:等帧 118.0 ms/帧 · 解图 2.5 ms/帧 · 相机 1 台
      [钳口通道] 命令 0.0000 ⇒ 回读 [0.45, 0.45](两者恒等 ⇒ 回声,没有停住信号)
      [计时] 近 50 帧:等帧 117.7 ms/帧 · 解图 2.1 ms/帧 · 相机 1 台
      [钳口通道] 命令 0.0000 ⇒ 回读 [0.56, 0.56](两者恒等 ⇒ 回声,没有停住信号)
      [计时] 近 50 帧:等帧 118.5 ms/帧 · 解图 2.0 ms/帧 · 相机 1 台
      [计时] 近 50 帧:等帧 119.7 ms/帧 · 解图 2.1 ms/帧 · 相机 1 台
      [钳口通道] 命令 0.0000 ⇒ 回读 [0.67, 0.67](两者恒等 ⇒ 回声,没有停住信号)
      [计时] 近 50 帧:等帧 120.2 ms/帧 · 解图 2.1 ms/帧 · 相机 1 台
      [钳口通道] 命令 0.0000 ⇒ 回读 [0.7800000000000001, 0.7800000000000001](两者恒等 ⇒ 回声,没有停住信号)
      [计时] 近 50 帧:等帧 119.4 ms/帧 · 解图 2.4 ms/帧 · 相机 1 台
      [钳口通道] 命令 0.0000 ⇒ 回读 [0.89, 0.89](两者恒等 ⇒ 回声,没有停住信号)
      [计时] 近 50 帧:等帧 117.0 ms/帧 · 解图 2.5 ms/帧 · 相机 1 台
      [计时] 近 50 帧:等帧 117.4 ms/帧 · 解图 1.9 ms/帧 · 相机 1 台
      [钳口通道] 命令 0.0000 ⇒ 回读 [1.0, 1.0](两者恒等 ⇒ 回声,没有停住信号)
      [计时] 近 50 帧:等帧 117.3 ms/帧 · 解图 2.1 ms/帧 · 相机 1 台
      [钳口通道] 命令 0.0000 ⇒ 回读 [0.45, 0.45](两者恒等 ⇒ 回声,没有停住信号)
      [计时] 近 50 帧:等帧 117.7 ms/帧 · 解图 2.6 ms/帧 · 相机 1 台
      [钳口通道] 命令 0.0000 ⇒ 回读 [0.56, 0.56](两者恒等 ⇒ 回声,没有停住信号)
      [计时] 近 50 帧:等帧 118.0 ms/帧 · 解图 2.4 ms/帧 · 相机 1 台
      [计时] 近 50 帧:等帧 118.6 ms/帧 · 解图 1.8 ms/帧 · 相机 1 台
      [钳口通道] 命令 0.0000 ⇒ 回读 [0.67, 0.67](两者恒等 ⇒ 回声,没有停住信号)
      [计时] 近 50 帧:等帧 120.1 ms/帧 · 解图 2.2 ms/帧 · 相机 1 台
      [钳口通道] 命令 0.0000 ⇒ 回读 [0.7800000000000001, 0.7800000000000001](两者恒等 ⇒ 回声,没有停住信号)
      [计时] 近 50 帧:等帧 120.7 ms/帧 · 解图 3.0 ms/帧 · 相机 1 台
      [计时] 近 50 帧:等帧 116.8 ms/帧 · 解图 2.3 ms/帧 · 相机 1 台
      [钳口通道] 命令 0.0000 ⇒ 回读 [0.89, 0.89](两者恒等 ⇒ 回声,没有停住信号)
      [计时] 近 50 帧:等帧 118.7 ms/帧 · 解图 2.5 ms/帧 · 相机 1 台
      [钳口通道] 命令 0.0000 ⇒ 回读 [1.0, 1.0](两者恒等 ⇒ 回声,没有停住信号)
      [计时] 近 50 帧:等帧 120.1 ms/帧 · 解图 2.6 ms/帧 · 相机 1 台
      [钳口通道] 命令 0.0000 ⇒ 回读 [0.45, 0.45](两者恒等 ⇒ 回声,没有停住信号)
      [计时] 近 50 帧:等帧 119.2 ms/帧 · 解图 3.1 ms/帧 · 相机 1 台
      [计时] 近 50 帧:等帧 118.1 ms/帧 · 解图 2.9 ms/帧 · 相机 1 台
      [钳口通道] 命令 0.0000 ⇒ 回读 [0.56, 0.56](两者恒等 ⇒ 回声,没有停住信号)
      [计时] 近 50 帧:等帧 121.3 ms/帧 · 解图 2.6 ms/帧 · 相机 1 台
      [钳口通道] 命令 0.0000 ⇒ 回读 [0.67, 0.67](两者恒等 ⇒ 回声,没有停住信号)
      [计时] 近 50 帧:等帧 117.8 ms/帧 · 解图 2.2 ms/帧 · 相机 1 台
      [钳口通道] 命令 0.0000 ⇒ 回读 [0.7800000000000001, 0.7800000000000001](两者恒等 ⇒ 回声,没有停住信号)
      [计时] 近 50 帧:等帧 118.4 ms/帧 · 解图 2.3 ms/帧 · 相机 1 台
      [计时] 近 50 帧:等帧 117.5 ms/帧 · 解图 2.0 ms/帧 · 相机 1 台
      [钳口通道] 命令 0.0000 ⇒ 回读 [0.89, 0.89](两者恒等 ⇒ 回声,没有停住信号)
      [计时] 近 50 帧:等帧 119.6 ms/帧 · 解图 2.3 ms/帧 · 相机 1 台
      [钳口通道] 命令 0.0000 ⇒ 回读 [1.0, 1.0](两者恒等 ⇒ 回声,没有停住信号)
      [计时] 近 50 帧:等帧 119.0 ms/帧 · 解图 2.4 ms/帧 · 相机 1 台
      [计时] 近 50 帧:等帧 119.1 ms/帧 · 解图 1.9 ms/帧 · 相机 1 台
      [钳口通道] 命令 0.0000 ⇒ 回读 [0.45, 0.45](两者恒等 ⇒ 回声,没有停住信号)
      [计时] 近 50 帧:等帧 121.8 ms/帧 · 解图 2.7 ms/帧 · 相机 1 台
      [钳口通道] 命令 0.0000 ⇒ 回读 [0.56, 0.56](两者恒等 ⇒ 回声,没有停住信号)
      [计时] 近 50 帧:等帧 120.8 ms/帧 · 解图 2.5 ms/帧 · 相机 1 台
      [钳口通道] 命令 0.0000 ⇒ 回读 [0.67, 0.67](两者恒等 ⇒ 回声,没有停住信号)
      [计时] 近 50 帧:等帧 116.6 ms/帧 · 解图 2.0 ms/帧 · 相机 1 台
      [计时] 近 50 帧:等帧 116.6 ms/帧 · 解图 2.4 ms/帧 · 相机 1 台
      [钳口通道] 命令 0.0000 ⇒ 回读 [0.7800000000000001, 0.7800000000000001](两者恒等 ⇒ 回声,没有停住信号)
      [计时] 近 50 帧:等帧 117.5 ms/帧 · 解图 2.3 ms/帧 · 相机 1 台
      [钳口通道] 命令 0.0000 ⇒ 回读 [0.89, 0.89](两者恒等 ⇒ 回声,没有停住信号)
      [计时] 近 50 帧:等帧 120.9 ms/帧 · 解图 2.5 ms/帧 · 相机 1 台
      [计时] 近 50 帧:等帧 117.5 ms/帧 · 解图 2.3 ms/帧 · 相机 1 台
      [钳口通道] 命令 0.0000 ⇒ 回读 [1.0, 1.0](两者恒等 ⇒ 回声,没有停住信号)
      [计时] 近 50 帧:等帧 122.1 ms/帧 · 解图 2.8 ms/帧 · 相机 1 台
      [钳口通道] 命令 0.0000 ⇒ 回读 [0.45, 0.45](两者恒等 ⇒ 回声,没有停住信号)
      [计时] 近 50 帧:等帧 118.8 ms/帧 · 解图 2.7 ms/帧 · 相机 1 台
      [钳口通道] 命令 0.0000 ⇒ 回读 [0.56, 0.56](两者恒等 ⇒ 回声,没有停住信号)
      [计时] 近 50 帧:等帧 117.1 ms/帧 · 解图 2.0 ms/帧 · 相机 1 台
      [计时] 近 50 帧:等帧 118.0 ms/帧 · 解图 2.0 ms/帧 · 相机 1 台
      [钳口通道] 命令 0.0000 ⇒ 回读 [0.67, 0.67](两者恒等 ⇒ 回声,没有停住信号)
      [计时] 近 50 帧:等帧 117.1 ms/帧 · 解图 2.3 ms/帧 · 相机 1 台
      [钳口通道] 命令 0.0000 ⇒ 回读 [0.7800000000000001, 0.7800000000000001](两者恒等 ⇒ 回声,没有停住信号)
      [计时] 近 50 帧:等帧 117.7 ms/帧 · 解图 2.4 ms/帧 · 相机 1 台
      [钳口通道] 命令 0.0000 ⇒ 回读 [0.89, 0.89](两者恒等 ⇒ 回声,没有停住信号)
      [计时] 近 50 帧:等帧 118.4 ms/帧 · 解图 2.3 ms/帧 · 相机 1 台
      [计时] 近 50 帧:等帧 119.8 ms/帧 · 解图 2.5 ms/帧 · 相机 1 台
      [钳口通道] 命令 0.0000 ⇒ 回读 [1.0, 1.0](两者恒等 ⇒ 回声,没有停住信号)
      [计时] 近 50 帧:等帧 116.7 ms/帧 · 解图 2.8 ms/帧 · 相机 1 台
      [钳口通道] 命令 0.0000 ⇒ 回读 [0.45, 0.45](两者恒等 ⇒ 回声,没有停住信号)
      [计时] 近 50 帧:等帧 116.7 ms/帧 · 解图 2.4 ms/帧 · 相机 1 台
      [计时] 近 50 帧:等帧 120.8 ms/帧 · 解图 2.4 ms/帧 · 相机 1 台
      [计时] 近 50 帧:等帧 119.2 ms/帧 · 解图 2.8 ms/帧 · 相机 1 台
      [计时] 近 50 帧:等帧 118.0 ms/帧 · 解图 2.4 ms/帧 · 相机 1 台
      [计时] 近 50 帧:等帧 117.7 ms/帧 · 解图 1.9 ms/帧 · 相机 1 台
      [计时] 近 50 帧:等帧 118.4 ms/帧 · 解图 2.4 ms/帧 · 相机 1 台
      [计时] 近 50 帧:等帧 119.0 ms/帧 · 解图 2.6 ms/帧 · 相机 1 台
      [计时] 近 50 帧:等帧 116.1 ms/帧 · 解图 2.1 ms/帧 · 相机 1 台
      [计时] 近 50 帧:等帧 120.1 ms/帧 · 解图 2.8 ms/帧 · 相机 1 台
      [计时] 近 50 帧:等帧 119.4 ms/帧 · 解图 2.9 ms/帧 · 相机 1 台
      [计时] 近 50 帧:等帧 117.5 ms/帧 · 解图 2.8 ms/帧 · 相机 1 台
      [计时] 近 50 帧:等帧 120.4 ms/帧 · 解图 3.1 ms/帧 · 相机 1 台
      [计时] 近 50 帧:等帧 115.9 ms/帧 · 解图 1.9 ms/帧 · 相机 1 台
      [计时] 近 50 帧:等帧 118.4 ms/帧 · 解图 2.7 ms/帧 · 相机 1 台
      [计时] 近 50 帧:等帧 117.7 ms/帧 · 解图 2.4 ms/帧 · 相机 1 台
      [计时] 近 50 帧:等帧 119.9 ms/帧 · 解图 2.9 ms/帧 · 相机 1 台
      [计时] 近 50 帧:等帧 116.8 ms/帧 · 解图 1.9 ms/帧 · 相机 1 台
      [计时] 近 50 帧:等帧 118.7 ms/帧 · 解图 2.4 ms/帧 · 相机 1 台
      [计时] 近 50 帧:等帧 118.1 ms/帧 · 解图 2.5 ms/帧 · 相机 1 台
      [计时] 近 50 帧:等帧 119.5 ms/帧 · 解图 2.9 ms/帧 · 相机 1 台
      [计时] 近 50 帧:等帧 118.1 ms/帧 · 解图 2.5 ms/帧 · 相机 1 台
      [计时] 近 50 帧:等帧 122.0 ms/帧 · 解图 2.7 ms/帧 · 相机 1 台
      [计时] 近 50 帧:等帧 117.7 ms/帧 · 解图 2.5 ms/帧 · 相机 1 台
      [计时] 近 50 帧:等帧 118.8 ms/帧 · 解图 2.4 ms/帧 · 相机 1 台
      [计时] 近 50 帧:等帧 114.2 ms/帧 · 解图 1.9 ms/帧 · 相机 1 台
      [计时] 近 50 帧:等帧 117.7 ms/帧 · 解图 2.1 ms/帧 · 相机 1 台
      [计时] 近 50 帧:等帧 118.5 ms/帧 · 解图 2.3 ms/帧 · 相机 1 台
      [计时] 近 50 帧:等帧 117.8 ms/帧 · 解图 2.4 ms/帧 · 相机 1 台
      [计时] 近 50 帧:等帧 118.7 ms/帧 · 解图 2.3 ms/帧 · 相机 1 台
      [计时] 近 50 帧:等帧 116.2 ms/帧 · 解图 2.5 ms/帧 · 相机 1 台
      [计时] 近 50 帧:等帧 118.0 ms/帧 · 解图 1.9 ms/帧 · 相机 1 台
      [计时] 近 50 帧:等帧 118.0 ms/帧 · 解图 2.0 ms/帧 · 相机 1 台
      [计时] 近 50 帧:等帧 118.2 ms/帧 · 解图 2.0 ms/帧 · 相机 1 台
      [计时] 近 50 帧:等帧 120.7 ms/帧 · 解图 2.6 ms/帧 · 相机 1 台
      [计时] 近 50 帧:等帧 118.5 ms/帧 · 解图 2.0 ms/帧 · 相机 1 台
      [计时] 近 50 帧:等帧 117.1 ms/帧 · 解图 2.2 ms/帧 · 相机 1 台
      [计时] 近 50 帧:等帧 117.8 ms/帧 · 解图 2.3 ms/帧 · 相机 1 台
      [计时] 近 50 帧:等帧 117.7 ms/帧 · 解图 2.2 ms/帧 · 相机 1 台
      [计时] 近 50 帧:等帧 121.6 ms/帧 · 解图 2.7 ms/帧 · 相机 1 台
      [计时] 近 50 帧:等帧 120.9 ms/帧 · 解图 3.2 ms/帧 · 相机 1 台
      [计时] 近 50 帧:等帧 117.7 ms/帧 · 解图 2.7 ms/帧 · 相机 1 台
      [计时] 近 50 帧:等帧 121.2 ms/帧 · 解图 1.9 ms/帧 · 相机 1 台
      [计时] 近 50 帧:等帧 118.1 ms/帧 · 解图 2.2 ms/帧 · 相机 1 台
      [计时] 近 50 帧:等帧 119.7 ms/帧 · 解图 2.6 ms/帧 · 相机 1 台
      [计时] 近 50 帧:等帧 120.8 ms/帧 · 解图 2.2 ms/帧 · 相机 1 台
      [计时] 近 50 帧:等帧 120.2 ms/帧 · 解图 2.7 ms/帧 · 相机 1 台
      [计时] 近 50 帧:等帧 117.9 ms/帧 · 解图 2.0 ms/帧 · 相机 1 台
      [计时] 近 50 帧:等帧 118.1 ms/帧 · 解图 2.5 ms/帧 · 相机 1 台
      [计时] 近 50 帧:等帧 118.2 ms/帧 · 解图 1.9 ms/帧 · 相机 1 台
      [计时] 近 50 帧:等帧 115.6 ms/帧 · 解图 1.9 ms/帧 · 相机 1 台
      [计时] 近 50 帧:等帧 119.5 ms/帧 · 解图 2.8 ms/帧 · 相机 1 台
      [计时] 近 50 帧:等帧 119.1 ms/帧 · 解图 2.8 ms/帧 · 相机 1 台
      [计时] 近 50 帧:等帧 120.2 ms/帧 · 解图 2.8 ms/帧 · 相机 1 台
      [计时] 近 50 帧:等帧 118.1 ms/帧 · 解图 2.5 ms/帧 · 相机 1 台
      [计时] 近 50 帧:等帧 118.6 ms/帧 · 解图 1.9 ms/帧 · 相机 1 台
      [计时] 近 50 帧:等帧 122.2 ms/帧 · 解图 2.4 ms/帧 · 相机 1 台
      [计时] 近 50 帧:等帧 119.6 ms/帧 · 解图 2.3 ms/帧 · 相机 1 台
      [计时] 近 50 帧:等帧 119.9 ms/帧 · 解图 2.9 ms/帧 · 相机 1 台
      [计时] 近 50 帧:等帧 118.7 ms/帧 · 解图 2.1 ms/帧 · 相机 1 台
      [计时] 近 50 帧:等帧 116.7 ms/帧 · 解图 1.7 ms/帧 · 相机 1 台
      [计时] 近 50 帧:等帧 117.6 ms/帧 · 解图 2.5 ms/帧 · 相机 1 台
      [计时] 近 50 帧:等帧 118.5 ms/帧 · 解图 2.6 ms/帧 · 相机 1 台
      [计时] 近 50 帧:等帧 118.3 ms/帧 · 解图 2.5 ms/帧 · 相机 1 台
      [计时] 近 50 帧:等帧 118.6 ms/帧 · 解图 2.8 ms/帧 · 相机 1 台
      [计时] 近 50 帧:等帧 117.5 ms/帧 · 解图 1.8 ms/帧 · 相机 1 台
      [计时] 近 50 帧:等帧 119.3 ms/帧 · 解图 2.3 ms/帧 · 相机 1 台
      [计时] 近 50 帧:等帧 117.9 ms/帧 · 解图 1.6 ms/帧 · 相机 1 台
      [计时] 近 50 帧:等帧 116.1 ms/帧 · 解图 1.9 ms/帧 · 相机 1 台
      [计时] 近 50 帧:等帧 118.2 ms/帧 · 解图 1.7 ms/帧 · 相机 1 台
      [计时] 近 50 帧:等帧 118.2 ms/帧 · 解图 1.9 ms/帧 · 相机 1 台
      [计时] 近 50 帧:等帧 119.1 ms/帧 · 解图 2.4 ms/帧 · 相机 1 台
      [计时] 近 50 帧:等帧 119.4 ms/帧 · 解图 2.2 ms/帧 · 相机 1 台
      [计时] 近 50 帧:等帧 116.7 ms/帧 · 解图 2.3 ms/帧 · 相机 1 台
      [计时] 近 50 帧:等帧 120.1 ms/帧 · 解图 1.9 ms/帧 · 相机 1 台
      [计时] 近 50 帧:等帧 117.6 ms/帧 · 解图 2.5 ms/帧 · 相机 1 台
      [计时] 近 50 帧:等帧 117.3 ms/帧 · 解图 1.8 ms/帧 · 相机 1 台
      [计时] 近 50 帧:等帧 119.1 ms/帧 · 解图 2.0 ms/帧 · 相机 1 台
      [计时] 近 50 帧:等帧 118.5 ms/帧 · 解图 1.7 ms/帧 · 相机 1 台
      [计时] 近 50 帧:等帧 119.8 ms/帧 · 解图 1.8 ms/帧 · 相机 1 台
      [计时] 近 50 帧:等帧 119.1 ms/帧 · 解图 2.0 ms/帧 · 相机 1 台
      [计时] 近 50 帧:等帧 120.7 ms/帧 · 解图 2.5 ms/帧 · 相机 1 台
      [计时] 近 50 帧:等帧 119.4 ms/帧 · 解图 2.8 ms/帧 · 相机 1 台
      [计时] 近 50 帧:等帧 119.7 ms/帧 · 解图 2.6 ms/帧 · 相机 1 台
      [计时] 近 50 帧:等帧 118.6 ms/帧 · 解图 2.4 ms/帧 · 相机 1 台
      [计时] 近 50 帧:等帧 118.5 ms/帧 · 解图 2.8 ms/帧 · 相机 1 台
      [计时] 近 50 帧:等帧 118.7 ms/帧 · 解图 2.5 ms/帧 · 相机 1 台
      [计时] 近 50 帧:等帧 119.4 ms/帧 · 解图 2.0 ms/帧 · 相机 1 台
      [计时] 近 50 帧:等帧 117.4 ms/帧 · 解图 2.4 ms/帧 · 相机 1 台
      [计时] 近 50 帧:等帧 117.3 ms/帧 · 解图 2.3 ms/帧 · 相机 1 台
      [计时] 近 50 帧:等帧 121.6 ms/帧 · 解图 2.7 ms/帧 · 相机 1 台
      [计时] 近 50 帧:等帧 118.2 ms/帧 · 解图 2.8 ms/帧 · 相机 1 台
      [计时] 近 50 帧:等帧 118.8 ms/帧 · 解图 2.2 ms/帧 · 相机 1 台
      [计时] 近 50 帧:等帧 120.4 ms/帧 · 解图 2.7 ms/帧 · 相机 1 台
      [计时] 近 50 帧:等帧 117.8 ms/帧 · 解图 2.0 ms/帧 · 相机 1 台
      [计时] 近 50 帧:等帧 117.6 ms/帧 · 解图 1.8 ms/帧 · 相机 1 台
      [计时] 近 50 帧:等帧 119.0 ms/帧 · 解图 1.8 ms/帧 · 相机 1 台
      [计时] 近 50 帧:等帧 116.7 ms/帧 · 解图 1.7 ms/帧 · 相机 1 台
      [计时] 近 50 帧:等帧 118.4 ms/帧 · 解图 1.8 ms/帧 · 相机 1 台
      [计时] 近 50 帧:等帧 120.1 ms/帧 · 解图 2.6 ms/帧 · 相机 1 台
      [计时] 近 50 帧:等帧 116.9 ms/帧 · 解图 2.3 ms/帧 · 相机 1 台
      [计时] 近 50 帧:等帧 117.6 ms/帧 · 解图 2.8 ms/帧 · 相机 1 台
      [计时] 近 50 帧:等帧 121.0 ms/帧 · 解图 1.8 ms/帧 · 相机 1 台
      [计时] 近 50 帧:等帧 119.1 ms/帧 · 解图 1.8 ms/帧 · 相机 1 台
      [计时] 近 50 帧:等帧 118.3 ms/帧 · 解图 2.5 ms/帧 · 相机 1 台
      [计时] 近 50 帧:等帧 118.7 ms/帧 · 解图 3.0 ms/帧 · 相机 1 台
      [计时] 近 50 帧:等帧 120.3 ms/帧 · 解图 2.2 ms/帧 · 相机 1 台
      [计时] 近 50 帧:等帧 121.2 ms/帧 · 解图 2.1 ms/帧 · 相机 1 台
      [计时] 近 50 帧:等帧 121.0 ms/帧 · 解图 1.7 ms/帧 · 相机 1 台
      [计时] 近 50 帧:等帧 118.0 ms/帧 · 解图 1.8 ms/帧 · 相机 1 台
      [计时] 近 50 帧:等帧 118.4 ms/帧 · 解图 2.3 ms/帧 · 相机 1 台
      [计时] 近 50 帧:等帧 117.3 ms/帧 · 解图 2.6 ms/帧 · 相机 1 台
      [计时] 近 50 帧:等帧 117.8 ms/帧 · 解图 2.1 ms/帧 · 相机 1 台
      [计时] 近 50 帧:等帧 120.7 ms/帧 · 解图 2.7 ms/帧 · 相机 1 台
      [计时] 近 50 帧:等帧 119.2 ms/帧 · 解图 2.5 ms/帧 · 相机 1 台
      [计时] 近 50 帧:等帧 118.9 ms/帧 · 解图 2.3 ms/帧 · 相机 1 台
      [计时] 近 50 帧:等帧 121.4 ms/帧 · 解图 2.3 ms/帧 · 相机 1 台
      [计时] 近 50 帧:等帧 121.0 ms/帧 · 解图 2.1 ms/帧 · 相机 1 台
      [计时] 近 50 帧:等帧 121.2 ms/帧 · 解图 2.6 ms/帧 · 相机 1 台
      [计时] 近 50 帧:等帧 117.6 ms/帧 · 解图 2.2 ms/帧 · 相机 1 台
      [计时] 近 50 帧:等帧 119.3 ms/帧 · 解图 1.9 ms/帧 · 相机 1 台
      [计时] 近 50 帧:等帧 119.1 ms/帧 · 解图 2.2 ms/帧 · 相机 1 台
      [计时] 近 50 帧:等帧 122.5 ms/帧 · 解图 2.6 ms/帧 · 相机 1 台
      [计时] 近 50 帧:等帧 119.8 ms/帧 · 解图 2.2 ms/帧 · 相机 1 台
      [计时] 近 50 帧:等帧 117.9 ms/帧 · 解图 1.9 ms/帧 · 相机 1 台
      [计时] 近 50 帧:等帧 116.8 ms/帧 · 解图 2.8 ms/帧 · 相机 1 台
      [计时] 近 50 帧:等帧 119.5 ms/帧 · 解图 2.1 ms/帧 · 相机 1 台
      [计时] 近 50 帧:等帧 118.3 ms/帧 · 解图 2.2 ms/帧 · 相机 1 台
      [计时] 近 50 帧:等帧 120.0 ms/帧 · 解图 2.3 ms/帧 · 相机 1 台
      [计时] 近 50 帧:等帧 117.6 ms/帧 · 解图 2.3 ms/帧 · 相机 1 台
      [计时] 近 50 帧:等帧 117.9 ms/帧 · 解图 2.7 ms/帧 · 相机 1 台
      [计时] 近 50 帧:等帧 119.2 ms/帧 · 解图 2.3 ms/帧 · 相机 1 台
      [计时] 近 50 帧:等帧 118.6 ms/帧 · 解图 2.0 ms/帧 · 相机 1 台
      [计时] 近 50 帧:等帧 118.2 ms/帧 · 解图 2.6 ms/帧 · 相机 1 台
      [计时] 近 50 帧:等帧 119.4 ms/帧 · 解图 2.7 ms/帧 · 相机 1 台
      [计时] 近 50 帧:等帧 118.3 ms/帧 · 解图 2.3 ms/帧 · 相机 1 台
      [计时] 近 50 帧:等帧 118.8 ms/帧 · 解图 2.2 ms/帧 · 相机 1 台
      [计时] 近 50 帧:等帧 119.1 ms/帧 · 解图 2.8 ms/帧 · 相机 1 台
      [计时] 近 50 帧:等帧 118.8 ms/帧 · 解图 2.8 ms/帧 · 相机 1 台
      [计时] 近 50 帧:等帧 119.4 ms/帧 · 解图 2.3 ms/帧 · 相机 1 台
      [计时] 近 50 帧:等帧 116.2 ms/帧 · 解图 2.0 ms/帧 · 相机 1 台
      [计时] 近 50 帧:等帧 118.0 ms/帧 · 解图 2.1 ms/帧 · 相机 1 台
      [计时] 近 50 帧:等帧 116.7 ms/帧 · 解图 1.8 ms/帧 · 相机 1 台
      [计时] 近 50 帧:等帧 119.0 ms/帧 · 解图 1.8 ms/帧 · 相机 1 台
      [计时] 近 50 帧:等帧 118.8 ms/帧 · 解图 2.3 ms/帧 · 相机 1 台
      [计时] 近 50 帧:等帧 116.4 ms/帧 · 解图 2.5 ms/帧 · 相机 1 台
      [计时] 近 50 帧:等帧 118.5 ms/帧 · 解图 2.6 ms/帧 · 相机 1 台
      [计时] 近 50 帧:等帧 122.9 ms/帧 · 解图 2.3 ms/帧 · 相机 1 台
      [计时] 近 50 帧:等帧 118.3 ms/帧 · 解图 1.8 ms/帧 · 相机 1 台
      [计时] 近 50 帧:等帧 119.7 ms/帧 · 解图 1.8 ms/帧 · 相机 1 台
      [计时] 近 50 帧:等帧 117.4 ms/帧 · 解图 1.8 ms/帧 · 相机 1 台
      [计时] 近 50 帧:等帧 118.3 ms/帧 · 解图 1.7 ms/帧 · 相机 1 台
      [计时] 近 50 帧:等帧 117.7 ms/帧 · 解图 2.8 ms/帧 · 相机 1 台
      [计时] 近 50 帧:等帧 117.9 ms/帧 · 解图 2.7 ms/帧 · 相机 1 台
      [计时] 近 50 帧:等帧 118.8 ms/帧 · 解图 2.4 ms/帧 · 相机 1 台
      [跨度] 扔掉 15 对 —— 两瓣离得比整只手还宽(物理上不是同一副钳口)
      [归位] 开跑时离目标 0.0001 m(容差 0.0640 m = 这一相自己的探针幅度)
      [全相机] 第 0 台:166 个样本 · **58 个不同的位置**(解一台完整相机至少要 6 个、且不共面)
      [全相机] 第 0 台解不出来:Behind —— 退回那把 2×2 的局部尺
      [跨度] 第 0 台 (x,y) 这一对:行列式 -1.05182 vs 1σ 0.08017 ⇒ |det|/σ = 13.12
      [跨度] 第 0 台 (x,z) 这一对:行列式 -1.85936 vs 1σ 0.14062 ⇒ |det|/σ = 13.22
      [跨度] 第 0 台 (y,z) 这一对:行列式 1.81264 vs 1σ 0.13043 ⇒ |det|/σ = 13.90
      [跨度] 第 0 台的尺:用 (y,z) · J=[-0.5039,1.0103,-0.9676,-1.6571] · |det|/σ = 13.90(161 样本 · 自由度 153)
      [跨度] 第 0 台 · 腕角 0.00 · 配对 20 → 换成米 20 个 · 尺 = 2×2 局部尺 J=[-0.5039,1.0103,-0.9676,-1.6571] ⇒ NoResponse
      🔴 拒绝:NoResponse —— 这一格仍然欠着,而且现在有名字
[量] 第 10 轮:contact_threshold —— 因为 NeverMeasured
      [步数] 这具身体每步只交付 0.104 ⇒ 本相步数 240 × 9.6 = 2298
      [计时] 近 50 帧:等帧 118.5 ms/帧 · 解图 2.5 ms/帧 · 相机 1 台
      [计时] 近 50 帧:等帧 116.9 ms/帧 · 解图 2.3 ms/帧 · 相机 1 台
      [样] 命令 0.00936 m ⇒ 实到 0.00103 m(比 0.110)
      [样] 命令 0.00936 m ⇒ 实到 0.00103 m(比 0.110)
      [样] 命令 0.00936 m ⇒ 实到 0.00103 m(比 0.110)
      [样] 命令 0.00936 m ⇒ 实到 0.00103 m(比 0.110)
      [样] 命令 0.00936 m ⇒ 实到 0.00103 m(比 0.110)
      [样] 命令 0.00936 m ⇒ 实到 0.00103 m(比 0.110)
      [样] 命令 0.00936 m ⇒ 实到 0.00103 m(比 0.110)
      [样] 命令 0.00936 m ⇒ 实到 0.00103 m(比 0.110)
      [样] 命令 0.00936 m ⇒ 实到 0.00103 m(比 0.110)
      [样] 命令 0.00936 m ⇒ 实到 0.00103 m(比 0.110)
      [样] 命令 0.00936 m ⇒ 实到 0.00103 m(比 0.110)
      [计时] 近 50 帧:等帧 114.8 ms/帧 · 解图 2.5 ms/帧 · 相机 1 台
      [样] 命令 0.00936 m ⇒ 实到 0.00103 m(比 0.110)
      [计时] 近 50 帧:等帧 117.7 ms/帧 · 解图 2.3 ms/帧 · 相机 1 台
      [计时] 近 50 帧:等帧 118.7 ms/帧 · 解图 2.0 ms/帧 · 相机 1 台
      [计时] 近 50 帧:等帧 118.1 ms/帧 · 解图 1.8 ms/帧 · 相机 1 台
      [计时] 近 50 帧:等帧 119.4 ms/帧 · 解图 1.9 ms/帧 · 相机 1 台
      [计时] 近 50 帧:等帧 117.2 ms/帧 · 解图 1.8 ms/帧 · 相机 1 台
      [计时] 近 50 帧:等帧 118.5 ms/帧 · 解图 1.8 ms/帧 · 相机 1 台
      [计时] 近 50 帧:等帧 118.4 ms/帧 · 解图 2.4 ms/帧 · 相机 1 台
      [计时] 近 50 帧:等帧 117.8 ms/帧 · 解图 2.7 ms/帧 · 相机 1 台
      [计时] 近 50 帧:等帧 317.9 ms/帧 · 解图 2.5 ms/帧 · 相机 1 台
      [计时] 近 50 帧:等帧 117.2 ms/帧 · 解图 2.4 ms/帧 · 相机 1 台
      [计时] 近 50 帧:等帧 117.4 ms/帧 · 解图 1.8 ms/帧 · 相机 1 台
      [计时] 近 50 帧:等帧 117.6 ms/帧 · 解图 2.5 ms/帧 · 相机 1 台
      [计时] 近 50 帧:等帧 119.0 ms/帧 · 解图 2.4 ms/帧 · 相机 1 台
      [计时] 近 50 帧:等帧 118.4 ms/帧 · 解图 2.7 ms/帧 · 相机 1 台
      [计时] 近 50 帧:等帧 116.9 ms/帧 · 解图 1.9 ms/帧 · 相机 1 台
      [计时] 近 50 帧:等帧 118.6 ms/帧 · 解图 2.6 ms/帧 · 相机 1 台
      [计时] 近 50 帧:等帧 117.9 ms/帧 · 解图 2.3 ms/帧 · 相机 1 台
      [计时] 近 50 帧:等帧 119.0 ms/帧 · 解图 2.7 ms/帧 · 相机 1 台
      [计时] 近 50 帧:等帧 118.7 ms/帧 · 解图 2.6 ms/帧 · 相机 1 台
      [计时] 近 50 帧:等帧 119.9 ms/帧 · 解图 2.2 ms/帧 · 相机 1 台
      [计时] 近 50 帧:等帧 119.1 ms/帧 · 解图 2.1 ms/帧 · 相机 1 台
      [计时] 近 50 帧:等帧 119.2 ms/帧 · 解图 2.3 ms/帧 · 相机 1 台
      [计时] 近 50 帧:等帧 120.4 ms/帧 · 解图 2.2 ms/帧 · 相机 1 台
      [计时] 近 50 帧:等帧 120.0 ms/帧 · 解图 2.7 ms/帧 · 相机 1 台
      [计时] 近 50 帧:等帧 119.1 ms/帧 · 解图 2.9 ms/帧 · 相机 1 台
      [计时] 近 50 帧:等帧 120.4 ms/帧 · 解图 2.7 ms/帧 · 相机 1 台
      [计时] 近 50 帧:等帧 119.4 ms/帧 · 解图 2.7 ms/帧 · 相机 1 台
      [计时] 近 50 帧:等帧 120.0 ms/帧 · 解图 2.8 ms/帧 · 相机 1 台
      [计时] 近 50 帧:等帧 119.3 ms/帧 · 解图 2.8 ms/帧 · 相机 1 台
      [计时] 近 50 帧:等帧 117.8 ms/帧 · 解图 1.9 ms/帧 · 相机 1 台
      [计时] 近 50 帧:等帧 117.8 ms/帧 · 解图 2.7 ms/帧 · 相机 1 台
      [计时] 近 50 帧:等帧 118.5 ms/帧 · 解图 2.3 ms/帧 · 相机 1 台
      [计时] 近 50 帧:等帧 116.7 ms/帧 · 解图 2.1 ms/帧 · 相机 1 台
      [计时] 近 50 帧:等帧 117.5 ms/帧 · 解图 2.2 ms/帧 · 相机 1 台
      [计时] 近 50 帧:等帧 117.9 ms/帧 · 解图 2.5 ms/帧 · 相机 1 台
      [计时] 近 50 帧:等帧 117.2 ms/帧 · 解图 1.7 ms/帧 · 相机 1 台
      [计时] 近 50 帧:等帧 117.1 ms/帧 · 解图 1.7 ms/帧 · 相机 1 台
      [计时] 近 50 帧:等帧 118.6 ms/帧 · 解图 1.8 ms/帧 · 相机 1 台
      [计时] 近 50 帧:等帧 118.6 ms/帧 · 解图 1.9 ms/帧 · 相机 1 台
      [计时] 近 50 帧:等帧 119.8 ms/帧 · 解图 2.5 ms/帧 · 相机 1 台
      [计时] 近 50 帧:等帧 118.1 ms/帧 · 解图 1.9 ms/帧 · 相机 1 台
      [计时] 近 50 帧:等帧 118.2 ms/帧 · 解图 1.7 ms/帧 · 相机 1 台
      [计时] 近 50 帧:等帧 119.8 ms/帧 · 解图 2.4 ms/帧 · 相机 1 台
      [计时] 近 50 帧:等帧 115.7 ms/帧 · 解图 2.6 ms/帧 · 相机 1 台
      [计时] 近 50 帧:等帧 118.7 ms/帧 · 解图 2.6 ms/帧 · 相机 1 台
      [归位] 开跑时离目标 0.0001 m(容差 0.0640 m = 这一相自己的探针幅度)
      [接触] 自由 1260 个 / 压住 83 个(界 = 交付率 0.104 的一半)
      🟢 量到:[0.08135485769192065] —— 已收下
[量] 第 11 轮:self_occlusion —— 因为 NeverMeasured
      [步数] 这具身体每步只交付 0.104 ⇒ 本相步数 300 × 9.6 = 2873
      [协议] 静置 63 拍(由这具身体的延迟+交付率推出),周期 69 拍
      [计时] 近 50 帧:等帧 116.7 ms/帧 · 解图 2.7 ms/帧 · 相机 1 台
      [计时] 近 50 帧:等帧 118.0 ms/帧 · 解图 1.9 ms/帧 · 相机 1 台
      [计时] 近 50 帧:等帧 117.9 ms/帧 · 解图 2.7 ms/帧 · 相机 1 台
      [计时] 近 50 帧:等帧 118.2 ms/帧 · 解图 2.4 ms/帧 · 相机 1 台
      [计时] 近 50 帧:等帧 116.8 ms/帧 · 解图 2.1 ms/帧 · 相机 1 台
      [样] 命令 0.10548 m ⇒ 实到 0.01164 m(比 0.110)
      [样] 命令 0.09392 m ⇒ 实到 0.01078 m(比 0.115)
      [样] 命令 0.08319 m ⇒ 实到 0.00959 m(比 0.115)
      [样] 命令 0.07363 m ⇒ 实到 0.00850 m(比 0.115)
      [样] 命令 0.06516 m ⇒ 实到 0.00753 m(比 0.116)
      [样] 命令 0.05765 m ⇒ 实到 0.00667 m(比 0.116)
      [样] 命令 0.05099 m ⇒ 实到 0.00590 m(比 0.116)
      [样] 命令 0.04510 m ⇒ 实到 0.00522 m(比 0.116)
      [样] 命令 0.03988 m ⇒ 实到 0.00462 m(比 0.116)
      [样] 命令 0.03526 m ⇒ 实到 0.00409 m(比 0.116)
      [样] 命令 0.03118 m ⇒ 实到 0.00362 m(比 0.116)
      [样] 命令 0.02756 m ⇒ 实到 0.00320 m(比 0.116)
      [计时] 近 50 帧:等帧 117.6 ms/帧 · 解图 2.6 ms/帧 · 相机 1 台
      [相机强弱] 最强是第 0 台(共 1 台)· 各台(配对,双响)=[(0, 108)] · 各台门槛=[3] · **这一格用第 0 台**(-1 = 还没定下来)
      [遮挡] 位姿 0 · 格子掩膜 0b1000000000 · 双响 108 · 地板 3
      [计时] 近 50 帧:等帧 116.2 ms/帧 · 解图 2.5 ms/帧 · 相机 1 台
      [计时] 近 50 帧:等帧 118.1 ms/帧 · 解图 2.9 ms/帧 · 相机 1 台
      [遮挡] 位姿 1 · 格子掩膜 0b1000000000 · 双响 102 · 地板 3
      [计时] 近 50 帧:等帧 117.3 ms/帧 · 解图 2.3 ms/帧 · 相机 1 台
      [遮挡] 位姿 2 · 格子掩膜 0b11000000000 · 双响 106 · 地板 4
      [计时] 近 50 帧:等帧 117.5 ms/帧 · 解图 2.3 ms/帧 · 相机 1 台
      [计时] 近 50 帧:等帧 118.3 ms/帧 · 解图 2.5 ms/帧 · 相机 1 台
      [遮挡] 位姿 3 · 格子掩膜 0b10000000000 · 双响 184 · 地板 4
      [计时] 近 50 帧:等帧 115.8 ms/帧 · 解图 2.4 ms/帧 · 相机 1 台
      [计时] 近 50 帧:等帧 120.2 ms/帧 · 解图 2.3 ms/帧 · 相机 1 台
      [计时] 近 50 帧:等帧 118.3 ms/帧 · 解图 2.8 ms/帧 · 相机 1 台
      [计时] 近 50 帧:等帧 116.4 ms/帧 · 解图 2.9 ms/帧 · 相机 1 台
      [计时] 近 50 帧:等帧 115.9 ms/帧 · 解图 2.2 ms/帧 · 相机 1 台
      [计时] 近 50 帧:等帧 114.8 ms/帧 · 解图 1.8 ms/帧 · 相机 1 台
      [计时] 近 50 帧:等帧 118.4 ms/帧 · 解图 3.0 ms/帧 · 相机 1 台
      [计时] 近 50 帧:等帧 122.5 ms/帧 · 解图 2.6 ms/帧 · 相机 1 台
      [计时] 近 50 帧:等帧 118.2 ms/帧 · 解图 2.1 ms/帧 · 相机 1 台
      [计时] 近 50 帧:等帧 117.5 ms/帧 · 解图 1.8 ms/帧 · 相机 1 台
      [计时] 近 50 帧:等帧 117.7 ms/帧 · 解图 2.9 ms/帧 · 相机 1 台
      [计时] 近 50 帧:等帧 116.5 ms/帧 · 解图 2.5 ms/帧 · 相机 1 台
      [计时] 近 50 帧:等帧 119.5 ms/帧 · 解图 2.3 ms/帧 · 相机 1 台
      [计时] 近 50 帧:等帧 115.2 ms/帧 · 解图 1.9 ms/帧 · 相机 1 台
      [计时] 近 50 帧:等帧 121.0 ms/帧 · 解图 2.0 ms/帧 · 相机 1 台
      [计时] 近 50 帧:等帧 117.9 ms/帧 · 解图 2.3 ms/帧 · 相机 1 台
      [计时] 近 50 帧:等帧 117.5 ms/帧 · 解图 2.6 ms/帧 · 相机 1 台
      [计时] 近 50 帧:等帧 118.1 ms/帧 · 解图 2.9 ms/帧 · 相机 1 台
      [计时] 近 50 帧:等帧 118.7 ms/帧 · 解图 2.1 ms/帧 · 相机 1 台
      [计时] 近 50 帧:等帧 121.2 ms/帧 · 解图 1.9 ms/帧 · 相机 1 台
      [计时] 近 50 帧:等帧 120.2 ms/帧 · 解图 2.4 ms/帧 · 相机 1 台
      [计时] 近 50 帧:等帧 117.7 ms/帧 · 解图 2.7 ms/帧 · 相机 1 台
      [计时] 近 50 帧:等帧 122.0 ms/帧 · 解图 1.8 ms/帧 · 相机 1 台
      [计时] 近 50 帧:等帧 122.0 ms/帧 · 解图 2.4 ms/帧 · 相机 1 台
      [计时] 近 50 帧:等帧 119.9 ms/帧 · 解图 2.0 ms/帧 · 相机 1 台
      [计时] 近 50 帧:等帧 119.7 ms/帧 · 解图 2.7 ms/帧 · 相机 1 台
      [计时] 近 50 帧:等帧 118.3 ms/帧 · 解图 2.2 ms/帧 · 相机 1 台
      [计时] 近 50 帧:等帧 117.7 ms/帧 · 解图 1.9 ms/帧 · 相机 1 台
      [计时] 近 50 帧:等帧 119.4 ms/帧 · 解图 1.8 ms/帧 · 相机 1 台
      [计时] 近 50 帧:等帧 118.3 ms/帧 · 解图 1.8 ms/帧 · 相机 1 台
      [计时] 近 50 帧:等帧 117.3 ms/帧 · 解图 2.5 ms/帧 · 相机 1 台
      [计时] 近 50 帧:等帧 120.5 ms/帧 · 解图 1.8 ms/帧 · 相机 1 台
      [计时] 近 50 帧:等帧 117.0 ms/帧 · 解图 1.8 ms/帧 · 相机 1 台
      [计时] 近 50 帧:等帧 118.0 ms/帧 · 解图 1.9 ms/帧 · 相机 1 台
      [计时] 近 50 帧:等帧 117.0 ms/帧 · 解图 1.8 ms/帧 · 相机 1 台
      [计时] 近 50 帧:等帧 118.8 ms/帧 · 解图 1.9 ms/帧 · 相机 1 台
      [计时] 近 50 帧:等帧 118.4 ms/帧 · 解图 2.0 ms/帧 · 相机 1 台
      [计时] 近 50 帧:等帧 119.2 ms/帧 · 解图 2.1 ms/帧 · 相机 1 台
      [计时] 近 50 帧:等帧 121.3 ms/帧 · 解图 1.9 ms/帧 · 相机 1 台
      [计时] 近 50 帧:等帧 117.3 ms/帧 · 解图 2.2 ms/帧 · 相机 1 台
      [计时] 近 50 帧:等帧 117.2 ms/帧 · 解图 2.7 ms/帧 · 相机 1 台
      [计时] 近 50 帧:等帧 116.4 ms/帧 · 解图 2.6 ms/帧 · 相机 1 台
      [计时] 近 50 帧:等帧 117.2 ms/帧 · 解图 2.1 ms/帧 · 相机 1 台
      [计时] 近 50 帧:等帧 119.2 ms/帧 · 解图 2.3 ms/帧 · 相机 1 台
      [计时] 近 50 帧:等帧 118.3 ms/帧 · 解图 1.8 ms/帧 · 相机 1 台
      [计时] 近 50 帧:等帧 119.2 ms/帧 · 解图 2.0 ms/帧 · 相机 1 台
      [计时] 近 50 帧:等帧 117.9 ms/帧 · 解图 2.0 ms/帧 · 相机 1 台
      [计时] 近 50 帧:等帧 118.8 ms/帧 · 解图 2.9 ms/帧 · 相机 1 台
      [计时] 近 50 帧:等帧 116.6 ms/帧 · 解图 1.8 ms/帧 · 相机 1 台
      [计时] 近 50 帧:等帧 118.8 ms/帧 · 解图 2.2 ms/帧 · 相机 1 台
      [计时] 近 50 帧:等帧 124.8 ms/帧 · 解图 2.6 ms/帧 · 相机 1 台
      [计时] 近 50 帧:等帧 119.8 ms/帧 · 解图 1.9 ms/帧 · 相机 1 台
      [归位] 开跑时离目标 0.0001 m(容差 0.0640 m = 这一相自己的探针幅度)
      [遮挡] 攒到 41 张掩膜
      🟢 量到:24 维 · 非零 {9:0.439 10:0.829 11:0.268 16:0.024 20:0.244} —— 已收下
[量] 第 12 轮:tool_axis_column —— 因为 NeverMeasured
      [步数] 这具身体每步只交付 0.104 ⇒ 本相步数 400 × 9.6 = 3830
      [协议] 静置 63 拍(由这具身体的延迟+交付率推出),周期 69 拍
      [计时] 近 50 帧:等帧 117.5 ms/帧 · 解图 1.8 ms/帧 · 相机 1 台
      [计时] 近 50 帧:等帧 119.1 ms/帧 · 解图 2.4 ms/帧 · 相机 1 台
      [样] 命令 0.00001 m ⇒ 实到 0.00001 m(比 1.389)
      [样] 命令 0.00002 m ⇒ 实到 0.00001 m(比 0.536)
      [样] 命令 0.00004 m ⇒ 实到 0.00001 m(比 0.312)
      [样] 命令 0.00005 m ⇒ 实到 0.00001 m(比 0.210)
      [样] 命令 0.00006 m ⇒ 实到 0.00001 m(比 0.153)
      [样] 命令 0.00007 m ⇒ 实到 0.00001 m(比 0.119)
      [样] 命令 0.00007 m ⇒ 实到 0.00001 m(比 0.094)
      [样] 命令 0.00008 m ⇒ 实到 0.00001 m(比 0.073)
      [样] 命令 0.00009 m ⇒ 实到 0.00001 m(比 0.065)
      [样] 命令 0.00009 m ⇒ 实到 0.00000 m(比 0.050)
      [样] 命令 0.00010 m ⇒ 实到 0.00000 m(比 0.041)
      [样] 命令 0.00010 m ⇒ 实到 0.00000 m(比 0.039)
      [计时] 近 50 帧:等帧 114.5 ms/帧 · 解图 2.7 ms/帧 · 相机 1 台
      [相机强弱] 最强是第 0 台(共 1 台)· 各台(配对,双响)=[(0, 210)] · 各台门槛=[3] · **这一格用第 0 台**(-1 = 还没定下来)
      [工具] 第 0 列 · 腕角 0.00 ⇒ 工作点 (0.7583,0.3539)
      [计时] 近 50 帧:等帧 119.3 ms/帧 · 解图 2.6 ms/帧 · 相机 1 台
      [工具] 第 0 列 · 腕角 0.15 ⇒ 工作点 (0.7196,0.3605)
      [计时] 近 50 帧:等帧 118.1 ms/帧 · 解图 2.4 ms/帧 · 相机 1 台
      [计时] 近 50 帧:等帧 117.3 ms/帧 · 解图 2.5 ms/帧 · 相机 1 台
      [工具] 第 0 列 · 腕角 0.30 ⇒ 工作点 (0.7087,0.3587)
      [计时] 近 50 帧:等帧 117.6 ms/帧 · 解图 2.8 ms/帧 · 相机 1 台
      [工具] 第 0 列 · 腕角 0.45 ⇒ 工作点 (0.7244,0.3637)
      [计时] 近 50 帧:等帧 118.0 ms/帧 · 解图 2.5 ms/帧 · 相机 1 台
      [工具] 第 0 列 · 腕角 0.60 ⇒ 工作点 (0.6755,0.3376)
      [计时] 近 50 帧:等帧 121.2 ms/帧 · 解图 2.6 ms/帧 · 相机 1 台
      [计时] 近 50 帧:等帧 118.9 ms/帧 · 解图 2.8 ms/帧 · 相机 1 台
      [工具] 第 0 列 · 腕角 0.75 ⇒ 工作点 (0.7060,0.3643)
      [计时] 近 50 帧:等帧 122.9 ms/帧 · 解图 2.0 ms/帧 · 相机 1 台
      [计时] 近 50 帧:等帧 117.8 ms/帧 · 解图 2.4 ms/帧 · 相机 1 台
      [计时] 近 50 帧:等帧 117.3 ms/帧 · 解图 2.9 ms/帧 · 相机 1 台
      [计时] 近 50 帧:等帧 118.9 ms/帧 · 解图 2.4 ms/帧 · 相机 1 台
      [计时] 近 50 帧:等帧 118.6 ms/帧 · 解图 2.7 ms/帧 · 相机 1 台
      [计时] 近 50 帧:等帧 118.1 ms/帧 · 解图 2.5 ms/帧 · 相机 1 台
      [计时] 近 50 帧:等帧 119.3 ms/帧 · 解图 2.4 ms/帧 · 相机 1 台
      [计时] 近 50 帧:等帧 119.3 ms/帧 · 解图 2.8 ms/帧 · 相机 1 台
      [认手] 没有候选 · 双响 0 · **噪声地板 3**(满量程 255;地板高 = 空转不空)
      [计时] 近 50 帧:等帧 118.2 ms/帧 · 解图 2.5 ms/帧 · 相机 1 台
      [认手] 没有候选 · 双响 0 · **噪声地板 3**(满量程 255;地板高 = 空转不空)
      [计时] 近 50 帧:等帧 119.1 ms/帧 · 解图 2.9 ms/帧 · 相机 1 台
      [计时] 近 50 帧:等帧 145.0 ms/帧 · 解图 2.6 ms/帧 · 相机 1 台
      [认手] 没有候选 · 双响 0 · **噪声地板 106**(满量程 255;地板高 = 空转不空)
      [计时] 近 50 帧:等帧 161.4 ms/帧 · 解图 2.0 ms/帧 · 相机 1 台
      [计时] 近 50 帧:等帧 168.2 ms/帧 · 解图 2.5 ms/帧 · 相机 1 台
      [计时] 近 50 帧:等帧 184.6 ms/帧 · 解图 2.1 ms/帧 · 相机 1 台
      [计时] 近 50 帧:等帧 161.4 ms/帧 · 解图 2.6 ms/帧 · 相机 1 台
      [计时] 近 50 帧:等帧 171.0 ms/帧 · 解图 2.5 ms/帧 · 相机 1 台
      [计时] 近 50 帧:等帧 185.3 ms/帧 · 解图 2.6 ms/帧 · 相机 1 台
      [计时] 近 50 帧:等帧 182.4 ms/帧 · 解图 2.1 ms/帧 · 相机 1 台
      [计时] 近 50 帧:等帧 175.2 ms/帧 · 解图 2.5 ms/帧 · 相机 1 台
      [计时] 近 50 帧:等帧 186.0 ms/帧 · 解图 2.7 ms/帧 · 相机 1 台
      [计时] 近 50 帧:等帧 187.9 ms/帧 · 解图 2.8 ms/帧 · 相机 1 台
      [计时] 近 50 帧:等帧 190.6 ms/帧 · 解图 2.6 ms/帧 · 相机 1 台
      [计时] 近 50 帧:等帧 190.7 ms/帧 · 解图 2.6 ms/帧 · 相机 1 台
      [计时] 近 50 帧:等帧 188.9 ms/帧 · 解图 2.6 ms/帧 · 相机 1 台
      [计时] 近 50 帧:等帧 187.3 ms/帧 · 解图 2.7 ms/帧 · 相机 1 台
      [计时] 近 50 帧:等帧 153.8 ms/帧 · 解图 2.7 ms/帧 · 相机 1 台
      [计时] 近 50 帧:等帧 149.0 ms/帧 · 解图 2.4 ms/帧 · 相机 1 台
      [计时] 近 50 帧:等帧 124.2 ms/帧 · 解图 2.7 ms/帧 · 相机 1 台
      [计时] 近 50 帧:等帧 125.3 ms/帧 · 解图 2.3 ms/帧 · 相机 1 台
      [计时] 近 50 帧:等帧 118.7 ms/帧 · 解图 2.5 ms/帧 · 相机 1 台
      [计时] 近 50 帧:等帧 119.9 ms/帧 · 解图 2.6 ms/帧 · 相机 1 台
      [计时] 近 50 帧:等帧 116.2 ms/帧 · 解图 1.9 ms/帧 · 相机 1 台
      [计时] 近 50 帧:等帧 117.6 ms/帧 · 解图 1.7 ms/帧 · 相机 1 台
      [计时] 近 50 帧:等帧 117.2 ms/帧 · 解图 1.7 ms/帧 · 相机 1 台
      [计时] 近 50 帧:等帧 116.3 ms/帧 · 解图 2.0 ms/帧 · 相机 1 台
      [计时] 近 50 帧:等帧 119.2 ms/帧 · 解图 2.7 ms/帧 · 相机 1 台
      [计时] 近 50 帧:等帧 143.1 ms/帧 · 解图 2.1 ms/帧 · 相机 1 台
      [计时] 近 50 帧:等帧 169.3 ms/帧 · 解图 2.6 ms/帧 · 相机 1 台
      [计时] 近 50 帧:等帧 151.4 ms/帧 · 解图 2.3 ms/帧 · 相机 1 台
      [计时] 近 50 帧:等帧 150.0 ms/帧 · 解图 2.3 ms/帧 · 相机 1 台
      [计时] 近 50 帧:等帧 154.9 ms/帧 · 解图 2.4 ms/帧 · 相机 1 台
      [计时] 近 50 帧:等帧 158.9 ms/帧 · 解图 2.4 ms/帧 · 相机 1 台
      [计时] 近 50 帧:等帧 170.5 ms/帧 · 解图 2.6 ms/帧 · 相机 1 台
      [计时] 近 50 帧:等帧 161.4 ms/帧 · 解图 2.4 ms/帧 · 相机 1 台
      [计时] 近 50 帧:等帧 171.2 ms/帧 · 解图 2.3 ms/帧 · 相机 1 台
      [计时] 近 50 帧:等帧 179.2 ms/帧 · 解图 2.3 ms/帧 · 相机 1 台
      [计时] 近 50 帧:等帧 192.3 ms/帧 · 解图 2.8 ms/帧 · 相机 1 台
      [计时] 近 50 帧:等帧 191.5 ms/帧 · 解图 2.7 ms/帧 · 相机 1 台
      [计时] 近 50 帧:等帧 192.5 ms/帧 · 解图 2.7 ms/帧 · 相机 1 台
      [计时] 近 50 帧:等帧 187.7 ms/帧 · 解图 2.7 ms/帧 · 相机 1 台
      [计时] 近 50 帧:等帧 185.1 ms/帧 · 解图 2.6 ms/帧 · 相机 1 台
      [计时] 近 50 帧:等帧 194.8 ms/帧 · 解图 2.6 ms/帧 · 相机 1 台
      [计时] 近 50 帧:等帧 189.5 ms/帧 · 解图 2.7 ms/帧 · 相机 1 台
      [计时] 近 50 帧:等帧 183.9 ms/帧 · 解图 2.7 ms/帧 · 相机 1 台
      [计时] 近 50 帧:等帧 187.6 ms/帧 · 解图 2.6 ms/帧 · 相机 1 台
      [计时] 近 50 帧:等帧 192.3 ms/帧 · 解图 2.7 ms/帧 · 相机 1 台
      [计时] 近 50 帧:等帧 187.2 ms/帧 · 解图 2.5 ms/帧 · 相机 1 台
      [计时] 近 50 帧:等帧 179.6 ms/帧 · 解图 2.7 ms/帧 · 相机 1 台
      [计时] 近 50 帧:等帧 185.2 ms/帧 · 解图 2.7 ms/帧 · 相机 1 台
      [计时] 近 50 帧:等帧 181.2 ms/帧 · 解图 2.7 ms/帧 · 相机 1 台
      [计时] 近 50 帧:等帧 180.5 ms/帧 · 解图 2.7 ms/帧 · 相机 1 台
      [计时] 近 50 帧:等帧 152.2 ms/帧 · 解图 2.2 ms/帧 · 相机 1 台
      [计时] 近 50 帧:等帧 139.8 ms/帧 · 解图 2.7 ms/帧 · 相机 1 台
      [计时] 近 50 帧:等帧 120.1 ms/帧 · 解图 2.3 ms/帧 · 相机 1 台
      [计时] 近 50 帧:等帧 127.9 ms/帧 · 解图 2.3 ms/帧 · 相机 1 台
      [计时] 近 50 帧:等帧 119.8 ms/帧 · 解图 2.1 ms/帧 · 相机 1 台
      [计时] 近 50 帧:等帧 122.0 ms/帧 · 解图 1.9 ms/帧 · 相机 1 台
      [计时] 近 50 帧:等帧 118.6 ms/帧 · 解图 2.4 ms/帧 · 相机 1 台
      [归位] 开跑时离目标 0.0001 m(容差 0.0640 m = 这一相自己的探针幅度)
      [工具] 三列共 0 个弧点,换成米之后交给估计器
      🔴 拒绝:NotEnoughSamples —— 这一格仍然欠着,而且现在有名字
[量] 第 13 轮:floor —— 因为 NeverMeasured
      [步数] 这具身体每步只交付 0.104 ⇒ 本相步数 240 × 9.6 = 2298
      [计时] 近 50 帧:等帧 118.9 ms/帧 · 解图 2.8 ms/帧 · 相机 1 台
      [样] 命令 0.00936 m ⇒ 实到 0.00102 m(比 0.109)
      [样] 命令 0.00936 m ⇒ 实到 0.00101 m(比 0.108)
      [样] 命令 0.00936 m ⇒ 实到 0.00101 m(比 0.108)
      [计时] 近 50 帧:等帧 117.5 ms/帧 · 解图 2.1 ms/帧 · 相机 1 台
      [样] 命令 0.00936 m ⇒ 实到 0.00101 m(比 0.108)
      [样] 命令 0.00936 m ⇒ 实到 0.00101 m(比 0.108)
      [样] 命令 0.00936 m ⇒ 实到 0.00101 m(比 0.108)
      [样] 命令 0.00936 m ⇒ 实到 0.00101 m(比 0.108)
      [样] 命令 0.00936 m ⇒ 实到 0.00101 m(比 0.108)
      [样] 命令 0.00936 m ⇒ 实到 0.00101 m(比 0.108)
      [样] 命令 0.00936 m ⇒ 实到 0.00101 m(比 0.108)
      [样] 命令 0.00936 m ⇒ 实到 0.00102 m(比 0.108)
      [样] 命令 0.00936 m ⇒ 实到 0.00101 m(比 0.108)
      [计时] 近 50 帧:等帧 119.1 ms/帧 · 解图 1.9 ms/帧 · 相机 1 台
      [计时] 近 50 帧:等帧 119.2 ms/帧 · 解图 2.1 ms/帧 · 相机 1 台
      [计时] 近 50 帧:等帧 118.1 ms/帧 · 解图 1.8 ms/帧 · 相机 1 台
      [计时] 近 50 帧:等帧 119.9 ms/帧 · 解图 2.5 ms/帧 · 相机 1 台
      [计时] 近 50 帧:等帧 120.5 ms/帧 · 解图 2.5 ms/帧 · 相机 1 台
      [计时] 近 50 帧:等帧 119.6 ms/帧 · 解图 2.2 ms/帧 · 相机 1 台
      [计时] 近 50 帧:等帧 118.7 ms/帧 · 解图 1.9 ms/帧 · 相机 1 台
      [计时] 近 50 帧:等帧 118.2 ms/帧 · 解图 1.8 ms/帧 · 相机 1 台
      [计时] 近 50 帧:等帧 118.9 ms/帧 · 解图 2.0 ms/帧 · 相机 1 台
      [计时] 近 50 帧:等帧 117.8 ms/帧 · 解图 1.9 ms/帧 · 相机 1 台
      [计时] 近 50 帧:等帧 115.9 ms/帧 · 解图 1.7 ms/帧 · 相机 1 台
      [计时] 近 50 帧:等帧 115.5 ms/帧 · 解图 1.7 ms/帧 · 相机 1 台
      [计时] 近 50 帧:等帧 118.5 ms/帧 · 解图 2.5 ms/帧 · 相机 1 台
      [计时] 近 50 帧:等帧 116.1 ms/帧 · 解图 1.9 ms/帧 · 相机 1 台
      [计时] 近 50 帧:等帧 116.5 ms/帧 · 解图 1.7 ms/帧 · 相机 1 台
      [计时] 近 50 帧:等帧 115.3 ms/帧 · 解图 1.8 ms/帧 · 相机 1 台
      [计时] 近 50 帧:等帧 115.9 ms/帧 · 解图 1.8 ms/帧 · 相机 1 台
      [计时] 近 50 帧:等帧 119.1 ms/帧 · 解图 2.7 ms/帧 · 相机 1 台
      [计时] 近 50 帧:等帧 116.6 ms/帧 · 解图 2.7 ms/帧 · 相机 1 台
      [计时] 近 50 帧:等帧 116.3 ms/帧 · 解图 2.1 ms/帧 · 相机 1 台
      [计时] 近 50 帧:等帧 117.5 ms/帧 · 解图 1.9 ms/帧 · 相机 1 台
      [计时] 近 50 帧:等帧 118.7 ms/帧 · 解图 2.1 ms/帧 · 相机 1 台
      [计时] 近 50 帧:等帧 115.8 ms/帧 · 解图 2.0 ms/帧 · 相机 1 台
      [计时] 近 50 帧:等帧 117.4 ms/帧 · 解图 1.8 ms/帧 · 相机 1 台
      [计时] 近 50 帧:等帧 119.2 ms/帧 · 解图 2.2 ms/帧 · 相机 1 台
      [计时] 近 50 帧:等帧 117.6 ms/帧 · 解图 2.5 ms/帧 · 相机 1 台
      [计时] 近 50 帧:等帧 119.2 ms/帧 · 解图 2.6 ms/帧 · 相机 1 台
      [计时] 近 50 帧:等帧 119.4 ms/帧 · 解图 2.8 ms/帧 · 相机 1 台
      [计时] 近 50 帧:等帧 117.0 ms/帧 · 解图 2.3 ms/帧 · 相机 1 台
      [计时] 近 50 帧:等帧 117.7 ms/帧 · 解图 2.9 ms/帧 · 相机 1 台
      [计时] 近 50 帧:等帧 118.9 ms/帧 · 解图 2.4 ms/帧 · 相机 1 台
      [计时] 近 50 帧:等帧 119.2 ms/帧 · 解图 2.6 ms/帧 · 相机 1 台
      [计时] 近 50 帧:等帧 117.4 ms/帧 · 解图 2.5 ms/帧 · 相机 1 台
      [计时] 近 50 帧:等帧 118.4 ms/帧 · 解图 2.7 ms/帧 · 相机 1 台
      [计时] 近 50 帧:等帧 117.8 ms/帧 · 解图 2.4 ms/帧 · 相机 1 台
      [计时] 近 50 帧:等帧 117.6 ms/帧 · 解图 1.9 ms/帧 · 相机 1 台
      [计时] 近 50 帧:等帧 116.4 ms/帧 · 解图 2.3 ms/帧 · 相机 1 台
      [计时] 近 50 帧:等帧 119.1 ms/帧 · 解图 2.3 ms/帧 · 相机 1 台
      [计时] 近 50 帧:等帧 118.4 ms/帧 · 解图 2.3 ms/帧 · 相机 1 台
      [计时] 近 50 帧:等帧 119.9 ms/帧 · 解图 2.8 ms/帧 · 相机 1 台
      [计时] 近 50 帧:等帧 120.8 ms/帧 · 解图 2.6 ms/帧 · 相机 1 台
      [计时] 近 50 帧:等帧 118.2 ms/帧 · 解图 1.9 ms/帧 · 相机 1 台
      [计时] 近 50 帧:等帧 117.3 ms/帧 · 解图 2.0 ms/帧 · 相机 1 台
      [计时] 近 50 帧:等帧 117.4 ms/帧 · 解图 1.8 ms/帧 · 相机 1 台
      [计时] 近 50 帧:等帧 116.3 ms/帧 · 解图 2.0 ms/帧 · 相机 1 台
      [归位] 开跑时离目标 0.0000 m(容差 0.0640 m = 这一相自己的探针幅度)
      [桌面] 界 0.052 = 自由空间交付率 0.104 的一半(本相中位 0.109 —— **只作参考,不再当界**;接触阈那格是 0.081,不搬用)
      [桌面] 压住 9 个 z∈[0.8810,0.9577] · 自由 1334 个 z∈[0.8811,0.9677]
      [桌面] 扔掉 1036 个高于「起点 − 相尺」(z ≥ 0.951)的样本 —— 高处的塌是限位,不是桌子
      🟢 量到:[0.8889850899577141] —— 已收下
[装] 🟢 走完一轮:量到 11 格,点名拒绝 2 格。
[装]    量到:["home_pose", "latency", "backlash", "reach", "arm_weight", "step_delivery", "image_jacobian", "hand_pixel", "contact_threshold", "self_occlusion", "floor"]
[装]    还欠:{"gripper_span", "tool_axis_column"}
[问] 夹一个 3 cm 宽的东西 ⇒ 🔴 不行:NeverMeasured · 卡在 gripper_span
[问] 把手伸到离基座 0.30 m ⇒ 🟢 可以
[问] 走一步 2 cm,要准到 1 mm ⇒ 🔴 不行:UncertaintyTooHigh · 卡在 step_delivery
[问] 判断我碰到桌面了没有 ⇒ 🟢 可以
[装] 每一相开跑时离原位:
[装]    home_pose            0.0001 m
[装]    latency              0.0001 m
[装]    backlash             0.0001 m
[装]    reach                0.0001 m
[装]    arm_weight           0.0001 m
[装]    step_delivery        0.0001 m
[装]    image_jacobian       0.0001 m
[装]    hand_pixel           0.0001 m
[装]    gripper_span         0.0001 m
[装]    contact_threshold    0.0001 m
[装]    self_occlusion       0.0001 m
[装]    tool_axis_column     0.0001 m
[装]    floor                0.0000 m
[装] 标定写到 /root/NC_0/cal.json(量到 11 格)
[服] 标定日程走完 —— 进入干活模式:观测里给什么指令,就做什么。
[服] 🔴 抓这件事开不了工,缺:["gripper_span", "tool_offset", "tool_axis_column", "camera(标定里一台相机都没解出来)"]
[服]    按格拒绝,不编数。每一帧回声原地(发真动作,免得对方空转)。
      [计时] 近 50 帧:等帧 115.9 ms/帧 · 解图 1.8 ms/帧 · 相机 1 台
      [计时] 近 50 帧:等帧 117.4 ms/帧 · 解图 2.7 ms/帧 · 相机 1 台
      [计时] 近 50 帧:等帧 117.6 ms/帧 · 解图 2.9 ms/帧 · 相机 1 台
      [计时] 近 50 帧:等帧 117.1 ms/帧 · 解图 2.3 ms/帧 · 相机 1 台
      [计时] 近 50 帧:等帧 119.3 ms/帧 · 解图 2.6 ms/帧 · 相机 1 台
      [计时] 近 50 帧:等帧 119.4 ms/帧 · 解图 2.9 ms/帧 · 相机 1 台
      [计时] 近 50 帧:等帧 120.1 ms/帧 · 解图 2.8 ms/帧 · 相机 1 台
      [计时] 近 50 帧:等帧 120.1 ms/帧 · 解图 2.5 ms/帧 · 相机 1 台
      [计时] 近 50 帧:等帧 119.6 ms/帧 · 解图 2.7 ms/帧 · 相机 1 台
