[INFO] PYTHONPATH=/root/RoboDojo:/root/RoboDojo/XPolicyLab:
[INFO] policy transport = WebSocket (protocol: ws)
[INFO] policy_server_url = ws://127.0.0.1:9077
[INFO] device_id = 0 → CUDA_VISIBLE_DEVICES=0
[INFO] render_interval = 10
[INFO] num_envs        = 10
[eval_policy] ROBODOJO_RUN_ID=2026-08-14_21-40-22
[main] PhysX monitor enabled=False (task=general_pickup)
[INFO][AppLauncher]: Using device: cuda:0
[INFO][AppLauncher]: Loading experience file: /root/RoboDojo/third_party/IsaacLab/apps/isaaclab.python.kit
Loading user config located at: '/venv/RD511/lib/python3.11/site-packages/isaacsim/kit/data/Kit/Isaac-Sim/5.1/user.config.json'
[Info] [carb] Logging to file: /venv/RD511/lib/python3.11/site-packages/isaacsim/kit/logs/Kit/Isaac-Sim/5.1/kit_20260814_214023.log
[0.122s] [ext: omni.kit.async_engine-0.0.3] startup
[0.418s] [ext: omni.metrics.core-0.0.3] startup
[0.418s] [ext: omni.client.lib-1.1.0] startup
[0.448s] [ext: omni.blobkey-1.1.2] startup
[0.448s] [ext: omni.stats-1.0.1] startup
[0.450s] [ext: omni.datastore-0.0.0] startup
[0.465s] [ext: omni.client-1.3.0] startup
[0.474s] [ext: omni.ujitso.default-1.0.0] startup
[0.478s] [ext: omni.hsscclient-1.1.2] startup
[0.555s] [ext: omni.gpu_foundation.shadercache.vulkan-1.0.0] startup
[0.559s] [ext: omni.assets.plugins-0.0.0] startup
[0.562s] [ext: omni.gpu_foundation-0.0.0] startup
[0.581s] [ext: carb.windowing.plugins-1.0.0] startup
2026-08-14T21:40:23Z [529ms] [Warning] [carb.windowing-glfw.plugin] GLFW initialization failed.
2026-08-14T21:40:23Z [529ms] [Warning] [carb] Failed to startup plugin carb.windowing-glfw.plugin (interfaces: [carb::windowing::IGLContext v1.0],[carb::windowing::IWindowing v1.5]) (impl: carb.windowing-glfw.plugin)
[0.584s] [ext: omni.kit.renderer.init-0.0.0] startup
2026-08-14T21:40:23Z [604ms] [Warning] [omni.platforminfo.plugin] failed to open the default display.  Can't verify X Server version.
2026-08-14T21:40:23Z [620ms] [Warning] [carb.cudainterop.plugin] CUDA_VISIBLE_DEVICES environment variable is set.
2026-08-14T21:40:23Z [620ms] [Warning] [carb.cudainterop.plugin] Note CUDA device enumeration and Omniverse device enumeration are different.
2026-08-14T21:40:23Z [620ms] [Warning] [carb.cudainterop.plugin] Setting CUDA_VISIBLE_DEVICES can lead to undesired behavior or crashes.
2026-08-14T21:40:23Z [644ms] [Warning] [gpu.foundation.plugin] [ShaderCache]: 95 percent of the driver's shadercache size limit has been reached. Max size: 4000.00 MB, Currently used: 3936.09 MB. To avoid a persistent long startup or USD load time on every app launch, recommended to free space by deleting driver caches using one of the following methods:
- By running the app with --/renderer/shadercache/driverDiskCache/flush=true (only once).
- Or by manually deleting the following folders: '%LOCALAPPDATA%/NVIDIA/DXCache/Omniverse' (Windows-DX) or '$omni_cache/shaders/nv_shadercache' (Windows-Vulkan, Linux-Vulkan).
Driver caches will be re-generated which may take a few minutes on the next launch.
2026-08-14T21:40:25Z [2,156ms] [Warning] [gpu.foundation.plugin] Skipping NVIDIA GPU due CUDA being in bad state: NVIDIA GeForce RTX 3090
2026-08-14T21:40:25Z [2,157ms] [Warning] [gpu.foundation.plugin] Please restart your system if CUDA is known to work in your system.
2026-08-14T21:40:25Z [2,158ms] [Warning] [gpu.foundation.plugin] Skipping NVIDIA GPU due CUDA being in bad state: NVIDIA GeForce RTX 3090
2026-08-14T21:40:25Z [2,158ms] [Warning] [gpu.foundation.plugin] Please restart your system if CUDA is known to work in your system.
2026-08-14T21:40:25Z [2,159ms] [Warning] [gpu.foundation.plugin] Skipping NVIDIA GPU due CUDA being in bad state: NVIDIA GeForce RTX 3090
2026-08-14T21:40:25Z [2,159ms] [Warning] [gpu.foundation.plugin] Please restart your system if CUDA is known to work in your system.
2026-08-14T21:40:25Z [2,160ms] [Warning] [gpu.foundation.plugin] Skipping NVIDIA GPU due CUDA being in bad state: NVIDIA GeForce RTX 3090
2026-08-14T21:40:25Z [2,160ms] [Warning] [gpu.foundation.plugin] Please restart your system if CUDA is known to work in your system.
2026-08-14T21:40:25Z [2,161ms] [Warning] [gpu.foundation.plugin] Skipping NVIDIA GPU due CUDA being in bad state: NVIDIA GeForce RTX 3090
2026-08-14T21:40:25Z [2,161ms] [Warning] [gpu.foundation.plugin] Please restart your system if CUDA is known to work in your system.
2026-08-14T21:40:25Z [2,163ms] [Warning] [gpu.foundation.plugin] Skipping NVIDIA GPU due CUDA being in bad state: NVIDIA GeForce RTX 3090
2026-08-14T21:40:25Z [2,163ms] [Warning] [gpu.foundation.plugin] Please restart your system if CUDA is known to work in your system.
2026-08-14T21:40:25Z [2,164ms] [Warning] [gpu.foundation.plugin] Skipping NVIDIA GPU due CUDA being in bad state: NVIDIA GeForce RTX 3090
2026-08-14T21:40:25Z [2,164ms] [Warning] [gpu.foundation.plugin] Please restart your system if CUDA is known to work in your system.
2026-08-14T21:40:25Z [2,164ms] [Warning] [gpu.foundation.plugin] Skipping NVIDIA GPU due CUDA being in bad state: NVIDIA GeForce RTX 3090
2026-08-14T21:40:25Z [2,164ms] [Warning] [gpu.foundation.plugin] Please restart your system if CUDA is known to work in your system.
2026-08-14T21:40:25Z [2,164ms] [Warning] [gpu.foundation.plugin] Skipping NVIDIA GPU due CUDA being in bad state: NVIDIA GeForce RTX 3090
2026-08-14T21:40:25Z [2,164ms] [Warning] [gpu.foundation.plugin] Please restart your system if CUDA is known to work in your system.
2026-08-14T21:40:25Z [2,164ms] [Warning] [gpu.foundation.plugin] Skipping NVIDIA GPU due CUDA being in bad state: NVIDIA GeForce RTX 3090
2026-08-14T21:40:25Z [2,164ms] [Warning] [gpu.foundation.plugin] Please restart your system if CUDA is known to work in your system.
2026-08-14T21:40:25Z [2,165ms] [Warning] [gpu.foundation.plugin] Skipping NVIDIA GPU due CUDA being in bad state: NVIDIA GeForce RTX 3090
2026-08-14T21:40:25Z [2,165ms] [Warning] [gpu.foundation.plugin] Please restart your system if CUDA is known to work in your system.
2026-08-14T21:40:25Z [2,165ms] [Warning] [gpu.foundation.plugin] Skipping NVIDIA GPU due CUDA being in bad state: NVIDIA GeForce RTX 3090
2026-08-14T21:40:25Z [2,165ms] [Warning] [gpu.foundation.plugin] Please restart your system if CUDA is known to work in your system.
2026-08-14T21:40:25Z [2,165ms] [Warning] [gpu.foundation.plugin] Skipping NVIDIA GPU due CUDA being in bad state: NVIDIA GeForce RTX 3090
2026-08-14T21:40:25Z [2,165ms] [Warning] [gpu.foundation.plugin] Please restart your system if CUDA is known to work in your system.
2026-08-14T21:40:25Z [2,165ms] [Warning] [gpu.foundation.plugin] Skipping NVIDIA GPU due CUDA being in bad state: NVIDIA GeForce RTX 3090
2026-08-14T21:40:25Z [2,165ms] [Warning] [gpu.foundation.plugin] Please restart your system if CUDA is known to work in your system.

|---------------------------------------------------------------------------------------------|
| Driver Version: 580.159.03    | Graphics API: Vulkan
|=============================================================================================|
| GPU | Name                             | Active | LDA | GPU Memory | Vendor-ID | LUID       |
|     |                                  |        |     |            | Device-ID | UUID       |
|     |                                  |        |     |            | Bus-ID    |            |
|---------------------------------------------------------------------------------------------|
| 0   | NVIDIA GeForce RTX 3090          | Yes: 0 |     | 24822   MB | 10de      | 0          |
|     |                                  |        |     |            | 2204      | c03ae43d.. |
|     |                                  |        |     |            | 4         |            |
|---------------------------------------------------------------------------------------------|
| 1   | NVIDIA GeForce RTX 3090          |        |     | 24822   MB | 10de      | 0          |
|     |                                  |        |     |            | 2204      | 63d10b45.. |
|     |                                  |        |     |            | 5         |            |
|---------------------------------------------------------------------------------------------|
| 2   | NVIDIA GeForce RTX 3090          |        |     | 24822   MB | 10de      | 0          |
|     |                                  |        |     |            | 2204      | d9940368.. |
|     |                                  |        |     |            | 8         |            |
|---------------------------------------------------------------------------------------------|
| 3   | NVIDIA GeForce RTX 3090          |        |     | 24822   MB | 10de      | 0          |
|     |                                  |        |     |            | 2204      | d0bc9c03.. |
|     |                                  |        |     |            | 9         |            |
|---------------------------------------------------------------------------------------------|
| 4   | NVIDIA GeForce RTX 3090          |        |     | 24822   MB | 10de      | 0          |
|     |                                  |        |     |            | 2204      | 7a14b009.. |
|     |                                  |        |     |            | 85        |            |
|---------------------------------------------------------------------------------------------|
| 5   | NVIDIA GeForce RTX 3090          |        |     | 24822   MB | 10de      | 0          |
|     |                                  |        |     |            | 2204      | 8a59098d.. |
|     |                                  |        |     |            | 86        |            |
|---------------------------------------------------------------------------------------------|
| 6   | NVIDIA GeForce RTX 3090          |        |     | 24822   MB | 10de      | 0          |
|     |                                  |        |     |            | 2204      | cb623b00.. |
|     |                                  |        |     |            | 89        |            |
|---------------------------------------------------------------------------------------------|
| 7   | NVIDIA GeForce RTX 3090          |        |     | 24822   MB | 10de      | 0          |
|     |                                  |        |     |            | 2204      | 91f7bb26.. |
|     |                                  |        |     |            | 8a        |            |
|=============================================================================================|
| OS: 24.04.4 LTS (Noble Numbat) ubuntu, Version: 24.04.4, Kernel: 6.8.0-117-generic
| Processor: Intel(R) Xeon(R) CPU E5-2673 v4 @ 2.30GHz
| Bare Metal Cores: 40 | Bare Metal Logical Cores: 80
| Core Usage Quota: 76.8
|---------------------------------------------------------------------------------------------|
| Total Memory (MB): 247483 | Free Memory: 106391
| Total Page/Swap (MB): 8191 | Free Page/Swap: 0
|---------------------------------------------------------------------------------------------|
2026-08-14T21:40:25Z [2,809ms] [Warning] [gpu.foundation.plugin] IOMMU is enabled.
2026-08-14T21:40:25Z [2,809ms] [Warning] [gpu.foundation.plugin] Detected IOMMU is enabled. Running CUDA peer-to-peer bandwidth and latency validation.
Unidirectional P2P=Enabled Bandwidth (P2P Writes) Matrix (GB/s)
   D\D     0 
     0 832.00 
P2P=Enabled Latency (P2P Writes) Matrix (us)
   GPU     0 
     0   1.63 

   CPU     0 
     0   3.87 
[4.148s] [ext: omni.materialx.libs-1.0.7] startup
[4.164s] [ext: omni.kit.loop-isaac-1.3.7] startup
[4.166s] [ext: omni.kit.test-2.0.1] startup
[4.254s] [ext: omni.kit.pipapi-0.0.0] startup
[4.255s] [ext: omni.usd.config-1.0.6] startup
[4.262s] [ext: omni.gpucompute.plugins-0.0.0] startup
[4.263s] [ext: omni.usd.libs-1.0.1] startup
[4.456s] [ext: omni.kit.pip_archive-0.0.0] startup
[4.457s] [ext: omni.mdl-56.0.3] startup
[4.500s] [ext: omni.iray.libs-0.0.0] startup
[4.514s] [ext: omni.mdl.neuraylib-0.2.12] startup
[4.519s] [ext: omni.kit.usd.mdl-1.1.5] startup
[4.736s] [ext: omni.kit.telemetry-0.5.2] startup
[4.809s] [ext: omni.appwindow-1.1.10] startup
2026-08-14T21:40:27Z [4,757ms] [Warning] [carb.windowing-glfw.plugin] GLFW initialization failed.
2026-08-14T21:40:27Z [4,758ms] [Warning] [carb] Failed to startup plugin carb.windowing-glfw.plugin (interfaces: [carb::windowing::IGLContext v1.0],[carb::windowing::IWindowing v1.5]) (impl: carb.windowing-glfw.plugin)
[4.816s] [ext: omni.kit.renderer.core-1.1.0] startup
2026-08-14T21:40:27Z [4,785ms] [Warning] [carb.windowing-glfw.plugin] GLFW initialization failed.
2026-08-14T21:40:27Z [4,785ms] [Warning] [carb] Failed to startup plugin carb.windowing-glfw.plugin (interfaces: [carb::windowing::IGLContext v1.0],[carb::windowing::IWindowing v1.5]) (impl: carb.windowing-glfw.plugin)
2026-08-14T21:40:27Z [4,800ms] [Warning] [carb.windowing-glfw.plugin] GLFW initialization failed.
2026-08-14T21:40:27Z [4,800ms] [Warning] [carb] Failed to startup plugin carb.windowing-glfw.plugin (interfaces: [carb::windowing::IGLContext v1.0],[carb::windowing::IWindowing v1.5]) (impl: carb.windowing-glfw.plugin)
[4.858s] [ext: omni.kit.renderer.capture-0.0.0] startup
[4.880s] [ext: omni.kit.renderer.imgui-2.0.5] startup
2026-08-14T21:40:27Z [4,834ms] [Warning] [carb.windowing-glfw.plugin] GLFW initialization failed.
2026-08-14T21:40:27Z [4,834ms] [Warning] [carb] Failed to startup plugin carb.windowing-glfw.plugin (interfaces: [carb::windowing::IGLContext v1.0],[carb::windowing::IWindowing v1.5]) (impl: carb.windowing-glfw.plugin)
2026-08-14T21:40:27Z [4,836ms] [Warning] [carb.windowing-glfw.plugin] GLFW initialization failed.
2026-08-14T21:40:27Z [4,837ms] [Warning] [carb] Failed to startup plugin carb.windowing-glfw.plugin (interfaces: [carb::windowing::IGLContext v1.0],[carb::windowing::IWindowing v1.5]) (impl: carb.windowing-glfw.plugin)
2026-08-14T21:40:27Z [4,838ms] [Warning] [carb.windowing-glfw.plugin] GLFW initialization failed.
2026-08-14T21:40:27Z [4,838ms] [Warning] [carb] Failed to startup plugin carb.windowing-glfw.plugin (interfaces: [carb::windowing::IGLContext v1.0],[carb::windowing::IWindowing v1.5]) (impl: carb.windowing-glfw.plugin)
[5.104s] [ext: omni.ui-2.27.1] startup
[5.125s] [ext: omni.kit.mainwindow-1.0.3] startup
[5.127s] [ext: carb.audio-0.1.0] startup
[5.135s] [ext: omni.uiaudio-1.0.0] startup
[5.137s] [ext: omni.kit.uiapp-0.0.0] startup
[5.137s] [ext: omni.usd.schema.metrics.assembler-107.3.1] startup
[5.142s] [ext: omni.usd.schema.omnigraph-1.0.0] startup
[5.153s] [ext: omni.usd.schema.semantics-0.0.0] startup
[5.157s] [ext: omni.usd.schema.audio-0.0.0] startup
[5.163s] [ext: omni.usd.schema.geospatial-0.0.0] startup
[5.168s] [ext: omni.usd.schema.anim-0.0.0] startup
[5.205s] [ext: omni.usd_resolver-1.0.0] startup
[5.212s] [ext: omni.usd.core-1.5.3] startup
[5.217s] [ext: omni.usd.schema.omni_lens_distortion-0.0.0] startup
[5.253s] [ext: isaacsim.robot.schema-3.6.0] startup
[5.269s] [ext: omni.usd.schema.physx-107.3.26] startup
[5.342s] [ext: omni.usd.schema.render_settings.rtx-0.0.0] startup
[5.344s] [ext: omni.usd.schema.omni_sensors-0.0.0] startup
[5.345s] [ext: omni.usd.schema.omniscripting-1.0.0] startup
[5.353s] [ext: omni.graph.exec-0.9.6] startup
[5.354s] [ext: omni.kit.actions.core-1.0.0] startup
[5.359s] [ext: omni.kit.usd_undo-0.1.8] startup
[5.359s] [ext: omni.kit.exec.core-0.13.4] startup
[5.363s] [ext: omni.kit.commands-1.4.10] startup
[5.369s] [ext: omni.kit.window.popup_dialog-2.0.24] startup
[5.377s] [ext: omni.activity.core-1.0.3] startup
[5.379s] [ext: omni.resourcemonitor-107.0.1] startup
[5.383s] [ext: omni.timeline-1.0.14] startup
[5.386s] [ext: omni.kit.widget.nucleus_connector-2.0.1] startup
[5.390s] [ext: usdrt.scenegraph-7.6.1] startup
[5.462s] [ext: omni.kit.audiodeviceenum-1.0.2] startup
[5.464s] [ext: omni.hydra.usdrt_delegate-7.5.1] startup
[5.477s] [ext: omni.hydra.scene_delegate-0.3.4] startup
[5.485s] [ext: omni.usd-1.13.10] startup
[5.532s] [ext: omni.kit.asset_converter-5.0.17] startup
[5.557s] [ext: omni.index.libs-380600.8087.0] startup
[5.557s] [ext: omni.volume-0.5.2] startup
[5.563s] [ext: omni.ujitso.client-0.0.0] startup
[5.564s] [ext: omni.index-1.0.1] startup
[5.565s] [ext: omni.hydra.rtx.shadercache.vulkan-1.0.0] startup
[5.567s] [ext: omni.hydra.rtx-1.0.0] startup
2026-08-14T21:40:28Z [5,555ms] [Warning] [omni.log] Source: omni.hydra was already registered.
[5.643s] [ext: omni.kit.notification_manager-1.0.10] startup
[5.646s] [ext: omni.kit.clipboard-1.0.5] startup
[5.648s] [ext: omni.kit.viewport.legacy_gizmos-1.0.19] startup
[5.652s] [ext: omni.kit.raycast.query-1.1.0] startup
[5.661s] [ext: omni.kit.menu.core-1.1.2] startup
[5.662s] [ext: omni.kit.widget.options_menu-1.1.6] startup
[5.668s] [ext: omni.kit.helper.file_utils-0.1.9] startup
[5.671s] [ext: omni.kit.widget.path_field-2.0.11] startup
[5.672s] [ext: omni.kit.widget.context_menu-1.2.5] startup
[5.675s] [ext: omni.kit.widget.options_button-1.0.3] startup
[5.676s] [ext: omni.kit.widget.filebrowser-2.12.3] startup
[5.685s] [ext: omni.kit.widget.browser_bar-2.0.10] startup
[5.686s] [ext: omni.kit.usd.layers-2.2.11] startup
[5.702s] [ext: omni.ui.scene-1.11.5] startup
[5.711s] [ext: omni.kit.viewport.registry-104.0.6] startup
[5.712s] [ext: omni.kit.window.filepicker-2.13.4] startup
[5.740s] [ext: omni.kit.menu.utils-2.0.5] startup
[5.764s] [ext: omni.kit.context_menu-1.8.6] startup
[5.769s] [ext: omni.kit.viewport.scene_camera_model-1.0.6] startup
[5.779s] [ext: omni.kit.hydra_texture-1.4.6] startup
[5.787s] [ext: omni.kit.window.file_importer-1.1.18] startup
[5.791s] [ext: omni.kit.widget.searchable_combobox-1.0.6] startup
[5.793s] [ext: omni.kit.window.drop_support-1.0.5] startup
[5.794s] [ext: omni.kit.widget.viewport-107.1.3] startup
[5.803s] [ext: omni.kit.material.library-2.0.7] startup
[5.813s] [ext: omni.hydra.engine.stats-1.0.3] startup
[5.818s] [ext: omni.kit.widget.settings-1.2.6] startup
[5.821s] [ext: omni.kit.viewport.window-107.2.0] startup
[5.852s] [ext: omni.kit.window.preferences-1.8.0] startup
[5.862s] [ext: omni.kit.widget.toolbar-2.0.1] startup
[5.873s] [ext: omni.kit.viewport.utility-1.1.2] startup
[5.875s] [ext: omni.kit.manipulator.transform-107.0.0] startup
[5.882s] [ext: omni.kit.manipulator.tool.snap-1.5.13] startup
[5.891s] [ext: omni.kit.manipulator.selector-1.1.3] startup
[5.893s] [ext: omni.kit.property.adapter.core-1.0.2] startup
[5.897s] [ext: omni.kit.viewport.manipulator.transform-107.0.4] startup
[5.901s] [ext: omni.kit.manipulator.viewport-107.0.1] startup
[5.903s] [ext: omni.kit.property.adapter.fabric-1.0.3] startup
[5.906s] [ext: omni.kit.manipulator.prim.core-107.0.8] startup
[5.919s] [ext: omni.kit.primitive.mesh-1.0.17] startup
[5.926s] [ext: omni.kit.widget.filter-1.1.4] startup
[5.927s] [ext: omni.kit.hotkeys.core-1.3.10] startup
[5.931s] [ext: omni.kit.manipulator.prim.usd-107.0.3] startup
[5.933s] [ext: omni.fabric.commands-1.1.6] startup
[5.938s] [ext: omni.kit.window.file_exporter-1.0.33] startup
[5.940s] [ext: omni.kit.widget.searchfield-1.1.8] startup
[5.942s] [ext: omni.kit.manipulator.prim.fabric-107.0.4] startup
[5.945s] [ext: omni.debugdraw-0.1.4] startup
[5.952s] [ext: omni.kit.widget.stage-3.1.4] startup
[5.974s] [ext: omni.kit.property.adapter.usd-1.0.2] startup
[5.976s] [ext: omni.kit.manipulator.prim-107.0.0] startup
[5.976s] [ext: omni.kvdb-107.3.26] startup
[5.979s] [ext: omni.convexdecomposition-107.3.26] startup
[5.984s] [ext: omni.physx.foundation-107.3.26] startup
[5.988s] [ext: omni.localcache-107.3.26] startup
[5.991s] [ext: omni.kit.window.content_browser_registry-0.0.6] startup
[5.992s] [ext: omni.kit.widget.highlight_label-1.0.3] startup
[5.993s] [ext: omni.kit.stage_template.core-1.1.22] startup
[5.994s] [ext: omni.usdphysics-107.3.26] startup
[5.998s] [ext: omni.kit.window.file-2.0.5] startup
[6.004s] [ext: omni.physx.cooking-107.3.26] startup
[6.010s] [ext: omni.physics-107.3.26] startup
[6.016s] [ext: omni.kit.window.property-1.12.1] startup
[6.022s] [ext: omni.kit.window.content_browser-3.1.3] startup
[6.045s] [ext: omni.physx-107.3.26] startup
[6.065s] [ext: omni.physics.stageupdate-107.3.26] startup
[6.070s] [ext: omni.kit.property.usd-4.5.12] startup
[6.090s] [ext: omni.kit.manipulator.selection-106.0.1] startup
[6.092s] [ext: omni.physics.physx-107.3.26] startup
2026-08-14T21:40:29Z [6,041ms] [Warning] [carb] Acquiring non optional plugin interface which is not listed as dependency: [omni::physx::IPhysxBenchmarks v1.0] (plugin: <default plugin>), by client: omni.physics.physx.plugin. Add it to CARB_PLUGIN_IMPL_DEPS() macro of a client.
[6.096s] [ext: omni.kit.widget.prompt-1.0.7] startup
[6.097s] [ext: omni.kit.viewport.menubar.core-107.2.1] startup
[6.125s] [ext: omni.kit.viewport.actions-107.0.2] startup
[6.134s] [ext: omni.inspect-1.0.2] startup
[6.137s] [ext: omni.kit.widget.layers-1.8.6] startup
[6.160s] [ext: omni.kit.viewport.menubar.display-107.0.3] startup
[6.163s] [ext: omni.usd.metrics.assembler-107.3.1] startup
[6.183s] [ext: omni.graph.core-2.184.5] startup
[6.189s] [ext: omni.kit.numpy.common-0.1.3] startup
[6.192s] [ext: omni.usdphysics.ui-107.3.26] startup
[6.243s] [ext: omni.physx.commands-107.3.26] startup
[6.253s] [ext: isaacsim.core.deprecation_manager-0.2.7] startup
[6.255s] [ext: omni.isaac.dynamic_control-2.0.7] startup
2026-08-14T21:40:29Z [6,211ms] [Warning] [omni.isaac.dynamic_control] omni.isaac.dynamic_control is deprecated as of Isaac Sim 4.5. No action is needed from end-users.
[6.266s] [ext: omni.physx.ui-107.3.26] startup
[6.330s] [ext: isaacsim.core.version-2.0.6] startup
[6.332s] [ext: omni.physics.tensors-107.3.26] startup
[6.341s] [ext: omni.warp.core-1.8.2] startup
[6.755s] [ext: omni.usd.metrics.assembler.physics-107.3.26] startup
[6.758s] [ext: isaacsim.storage.native-1.5.1] startup
[6.762s] [ext: omni.physx.tensors-107.3.26] startup
[6.770s] [ext: isaacsim.core.utils-3.5.1] startup
[6.776s] [ext: isaacsim.core.simulation_manager-1.4.4] startup
[11.468s] [ext: omni.kit.widget.stage_icons-1.0.8] startup
[11.471s] [ext: omni.kit.widget.text_editor-1.1.1] startup
[11.475s] [ext: omni.kit.window.stage-2.6.1] startup
[11.482s] [ext: omni.kit.menu.create-2.0.1] startup
[11.485s] [ext: omni.kit.window.extensions-1.4.27] startup
[11.496s] [ext: omni.kit.scripting-107.3.2] startup
[11.503s] [ext: omni.kit.stagerecorder.core-107.0.3] startup
[11.510s] [ext: isaacsim.replicator.behavior-1.1.16] startup
[11.511s] [ext: omni.graph.tools-1.79.2] startup
[11.553s] [ext: omni.ui_query-1.1.8] startup
[11.555s] [ext: omni.kit.widget.zoombar-1.0.6] startup
[11.556s] [ext: omni.graph-1.141.2] startup
[11.639s] [ext: omni.graph.action_core-1.1.7] startup
[11.643s] [ext: omni.kit.ui_test-1.3.7] startup
[11.649s] [ext: omni.kit.browser.core-2.3.13] startup
[11.658s] [ext: omni.kit.usd.collect-2.4.5] startup
[11.665s] [ext: omni.graph.action_nodes-1.50.4] startup
[11.673s] [ext: omni.kit.menu.stage-1.2.7] startup
[11.684s] [ext: omni.kit.browser.folder.core-1.10.9] startup
[11.702s] [ext: omni.kit.usdz_export-1.0.9] startup
[11.711s] [ext: omni.graph.visualization.nodes-2.1.3] startup
[11.738s] [ext: omni.graph.action-1.130.0] startup
[11.746s] [ext: omni.kit.tool.collect-2.2.18] startup
[11.754s] [ext: omni.kit.tool.asset_importer-4.3.2] startup
[11.776s] [ext: isaacsim.gui.components-1.2.1] startup
[11.814s] [ext: isaacsim.examples.browser-0.2.1] startup
[11.855s] [ext: isaacsim.asset.importer.urdf-2.4.31] startup
[11.987s] [ext: isaacsim.core.cloner-1.4.10] startup
[11.998s] [ext: omni.kit.stagerecorder.ui-107.0.1] startup
[12.011s] [ext: isaacsim.asset.browser-1.3.23] startup
/venv/RD511/lib/python3.11/site-packages/requests/__init__.py:113: RequestsDependencyWarning: urllib3 (2.5.0) or chardet (7.4.3)/charset_normalizer (3.3.2) doesn't match a supported version!
  warnings.warn(
[12.196s] [ext: semantics.schema.editor-2.0.2] startup
2026-08-14T21:40:35Z [12,155ms] [Warning] [pxr.Semantics] pxr.Semantics is deprecated - please use Semantics instead
[12.214s] [ext: omni.kit.stagerecorder.bundle-105.0.2] startup
[12.217s] [ext: omni.kit.window.status_bar-0.1.9] startup
[12.224s] [ext: omni.kit.widget.graph-2.0.0] startup
[12.238s] [ext: omni.kit.stage_templates-2.0.0] startup
[12.245s] [ext: omni.graph.image.core-0.6.1] startup
[12.248s] [ext: omni.kit.graph.delegate.default-1.2.3] startup
[12.249s] [ext: isaacsim.core.experimental.utils-0.3.0] startup
[12.254s] [ext: omni.graph.image.nodes-1.3.1] startup
[12.259s] [ext: omni.kit.graph.editor.core-1.5.3] startup
[12.265s] [ext: omni.kit.graph.usd.commands-1.3.1] startup
[12.269s] [ext: omni.graph.nodes-1.170.10] startup
[12.290s] [ext: omni.graph.ui_nodes-1.50.5] startup
[12.299s] [ext: omni.kit.widget.material_preview-1.0.16] startup
[12.308s] [ext: omni.syntheticdata-0.6.13] startup
[12.367s] [ext: omni.videoencoding-0.1.2] startup
[12.376s] [ext: omni.warp-1.8.2] startup
[12.390s] [ext: omni.kit.window.material_graph-1.9.1] startup
[12.464s] [ext: omni.graph.scriptnode-1.50.0] startup
[12.475s] [ext: isaacsim.core.prims-0.6.1] startup
[12.625s] [ext: isaacsim.test.docstring-1.1.0] startup
[12.654s] [ext: omni.replicator.core-1.12.27] startup
2026-08-14T21:40:36Z [13,114ms] [Warning] [omni.graph.core.plugin] Found duplicate of category 'Replicator' - was 'Annotators', adding 'Fabric Reader'
2026-08-14T21:40:36Z [13,114ms] [Warning] [omni.graph.core.plugin] Category 'Replicator' not accepted on node type 'omni.replicator.core.FabricReader' in extension 'omni.replicator.core'
2026-08-14T21:40:36Z [13,115ms] [Warning] [omni.replicator.core.scripts.extension] No material configuration file, adding configuration to material settings directly.
[13.177s] [ext: isaacsim.core.api-4.8.0] startup
[13.221s] [ext: isaacsim.core.experimental.prims-0.8.1] startup
[13.328s] [ext: isaacsim.core.nodes-3.4.3] startup
[13.368s] [ext: isaacsim.robot.surface_gripper-3.3.1] startup
[13.391s] [ext: isaacsim.util.debug_draw-3.1.0] startup
[13.406s] [ext: omni.sensors.nv.common-3.0.0] startup
[13.447s] [ext: isaacsim.robot.manipulators-3.3.6] startup
[13.488s] [ext: isaacsim.sensors.physx-2.3.2] startup
[13.553s] [ext: omni.sensors.nv.materials-2.0.0] startup
[13.603s] [ext: omni.sensors.net-1.0.0] startup
[13.618s] [ext: isaacsim.app.about-2.0.11] startup
[13.636s] [ext: isaacsim.simulation_app-2.12.2] startup
[13.639s] [ext: omni.sensors.nv.ids-2.0.0] startup
[13.655s] [ext: omni.sensors.nv.lidar-3.0.0] startup
[13.679s] [ext: omni.kit.property.audio-1.0.16] startup
[13.691s] [ext: omni.kit.property.camera-1.0.10] startup
[13.711s] [ext: omni.kit.property.geometry-2.0.4] startup
[13.749s] [ext: omni.hydra.scene_api-0.1.2] startup
[13.792s] [ext: omni.kit.property.light-1.0.12] startup
[13.842s] [ext: omni.sensors.nv.wpm-3.0.0] startup
[13.856s] [ext: omni.kit.selection-0.1.6] startup
[13.867s] [ext: omni.kit.property.material-1.11.9] startup
[13.963s] [ext: omni.kit.property.transform-1.5.13] startup
[13.999s] [ext: omni.kit.property.render-1.2.1] startup
[14.010s] [ext: omni.sensors.nv.radar-3.0.0] startup
[14.028s] [ext: isaacsim.gui.menu-2.4.4] startup
[14.067s] [ext: omni.kit.manipulator.camera-106.0.4] startup
[14.109s] [ext: isaacsim.gui.property-1.1.3] startup
[14.122s] [ext: omni.kit.property.bundle-1.4.1] startup
[14.133s] [ext: isaacsim.sensors.rtx-15.8.4] startup
[14.241s] [ext: isaacsim.sensors.physics-0.4.3] startup
[14.557s] [ext: omni.kit.viewport.menubar.camera-107.0.6] startup
[15.230s] [ext: omni.kit.viewport.menubar.lighting-107.3.1] startup
[15.273s] [ext: omni.kit.viewport.menubar.settings-107.0.3] startup
[15.322s] [ext: omni.kit.viewport.menubar.render-107.0.10] startup
[15.339s] [ext: isaacsim.robot.policy.examples-4.1.11] startup
[15.349s] [ext: isaacsim.asset.importer.mjcf-2.5.13] startup
[15.386s] [ext: omni.kit.window.console-1.1.4] startup
[15.421s] [ext: omni.rtx.window.settings-0.6.19] startup
[15.454s] [ext: omni.ocio-0.1.1] startup
[15.463s] [ext: omni.physx.demos-107.3.26] startup
[15.524s] [ext: omni.kit.property.physx-107.3.26] startup
[15.587s] [ext: omni.replicator.replicator_yaml-2.0.11] startup
[15.601s] [ext: omni.asset_validator.core-1.1.6] startup
[15.723s] [ext: omni.rtx.settings.core-0.6.5] startup
[15.736s] [ext: omni.physx.vehicle-107.3.26] startup
[15.773s] [ext: omni.usd.metrics.assembler.ui-107.3.1] startup
[15.795s] [ext: omni.kit.window.script_editor-2.0.1] startup
[15.804s] [ext: isaacsim.robot.wheeled_robots-4.0.24] startup
[15.818s] [ext: omni.physx.asset_validator-107.3.26] startup
[15.841s] [ext: omni.kit.window.toolbar-2.0.0] startup
[15.852s] [ext: omni.physx.camera-107.3.26] startup
[15.881s] [ext: omni.anim.curve.core-1.3.1] startup
[15.910s] [ext: omni.physx.cct-107.3.26] startup
[15.950s] [ext: omni.physx.graph-107.3.26] startup
[15.994s] [ext: omni.physx.supportui-107.3.26] startup
[16.077s] [ext: omni.physx.telemetry-107.3.26] startup
[16.090s] [ext: isaaclab-0.54.3] startup
[16.636s] [ext: isaaclab_contrib-0.0.2] startup
[16.639s] [ext: isaacsim.core.throttling-2.2.2] startup
[16.644s] [ext: omni.kit.ui.actions-1.0.5] startup
[16.652s] [ext: semantics.schema.property-2.0.1] startup
[16.656s] [ext: omni.physx.bundle-107.3.26] startup
[16.660s] [ext: isaacsim.sensors.camera-1.3.6] startup
[16.669s] [ext: isaaclab_assets-0.2.4] startup
[17.268s] [ext: isaaclab_tasks-0.11.14] startup
[17.671s] [ext: omni.kit.menu.common-2.0.1] startup
[17.676s] [ext: isaaclab_rl-0.5.0] startup
[17.680s] [ext: isaaclab_mimic-1.0.16] startup
[17.681s] [ext: isaaclab.python-2.3.2] startup
[17.691s] Simulation App Starting
2026-08-14T21:40:40Z [17,820ms] [Warning] [carb.audio.device] audio device is misconfigured or broken {deviceIndex = 0, name = 'default'} (The device is likely misconfigured, check your $HOME/.asoundrc)
2026-08-14T21:40:40Z [17,820ms] [Warning] [carb.audio.output] failed to retrieve the capabilities for device 0 {result = eDeviceLost (2)}
2026-08-14T21:40:40Z [17,820ms] [Warning] [carb.audio.context] failed to set the requested output during context creation.  Using a null streamer instead {result = eDeviceLost (2)}
2026-08-14T21:40:40Z [17,886ms] [Warning] [omni.fabric.plugin] Warning: attribute viewportHandle not found for bucket id 9

[18.067s] app ready
[25.319s] Simulation App Startup Complete
[main] eval_batch=false in XPolicyLab/policy/l3_link/deploy.yml; forcing num_envs 10 -> 1
[l3] in_process_policy=False -> WsModelClient
[34m[1m[CONNECTING][0m websocket policy server ws://127.0.0.1:9077 (attempt 1/10, timeout=30s)
[32m[1m[CONNECTED][0m websocket policy server connected: ws://127.0.0.1:9077
[INFO]: Parsing configuration from: env.environment.isaac.isaac_rl_env:IsaacRLEnvCfg

[36m======================================================================================[0m
[36m[1m[INFO][IsaacLab]: Logging to file: /tmp/isaaclab/logs/isaaclab_2026-08-14_21-41-31.log[0m
[36m======================================================================================[0m

[33m21:41:31 [simulation_context.py] WARNING: The `enable_external_forces_every_iteration` parameter in the PhysxCfg is set to False. If you are experiencing noisy velocities, consider enabling this flag. You may need to slightly increase the number of velocity iterations (setting it to 1 or 2 rather than 0), together with this flag, to improve the accuracy of velocity updates.[0m
[INFO]: Base environment:
	Environment device    : cpu
	Environment seed      : 0
	Physics step-size     : 0.004
	Rendering step-size   : 0.04
	Environment step-size : 0.004
2026-08-14T21:41:31Z [68,615ms] [Warning] [env.scene_manager.objects.background] `/omni/replicator/RTSubframes` must be > 3 to avoid blank textures while randomizing dome light texture. RTSubframes has been automatically increased from None to 3
2026-08-14T21:41:31Z [68,760ms] [Warning] [isaacsim.sensors.camera.camera] 'verticalAperture' (1.5290800094604493) and 'horizontalAperture' (2.0954999923706055) are inconsistent with the pixel resolution aspect ratio (1.3333333333333333). Setting 'verticalAperture' to 1.571624994277954 to ensure square pixels.
2026-08-14T21:41:31Z [68,799ms] [Warning] [isaacsim.sensors.camera.camera] 'verticalAperture' (1.5290800094604493) and 'horizontalAperture' (2.0954999923706055) are inconsistent with the pixel resolution aspect ratio (1.3333333333333333). Setting 'verticalAperture' to 1.571624994277954 to ensure square pixels.
2026-08-14T21:41:31Z [68,827ms] [Warning] [isaacsim.sensors.camera.camera] 'verticalAperture' (1.5290800094604493) and 'horizontalAperture' (2.0954999923706055) are inconsistent with the pixel resolution aspect ratio (1.3333333333333333). Setting 'verticalAperture' to 1.571624994277954 to ensure square pixels.
[INFO]: Time taken for scene creation : 0.555253 seconds
[INFO]: Scene manager:  <class InteractiveScene>
	Number of environments: 1
	Environment spacing   : 7
	Source prim name      : /World/envs/env_0
	Global prim paths     : []
	Replicate physics     : False
[INFO]: Starting the simulation. This may take a few seconds. Please wait...
2026-08-14T21:41:31Z [68,855ms] [Warning] [omni.usd] Warning: in _ReportErrors at line 3172 of /builds/omniverse/usd-ci/USD/pxr/usd/usd/stage.cpp -- In </World/envs/env_0/robot0/camera/visuals/camera/World/mesh.material:binding>: The relationship target </OmniKit_Viewport_LightRig/Looks/Ground_Material> from </X5A/camera/visuals/camera/World/mesh.material:binding> in layer @/root/RoboDojo/Assets/Robots/x5/ARX.usd@ refers to a path outside the scope of the reference from </World/envs/env_0/robot0>.  Ignoring. (getting targets for relationship </World/envs/env_0/robot0/camera/visuals/camera/World/mesh.material:binding> on stage @anon:0x5c4ca2380930:World0.usd@ <0x5c4cadaae370>)

2026-08-14T21:41:31Z [68,867ms] [Warning] [omni.usd] Warning: in _ReportErrors at line 3172 of /builds/omniverse/usd-ci/USD/pxr/usd/usd/stage.cpp -- In </World/envs/env_0/robot1/camera/visuals/camera/World/mesh.material:binding>: The relationship target </OmniKit_Viewport_LightRig/Looks/Ground_Material> from </X5A/camera/visuals/camera/World/mesh.material:binding> in layer @/root/RoboDojo/Assets/Robots/x5/ARX.usd@ refers to a path outside the scope of the reference from </World/envs/env_0/robot1>.  Ignoring. (getting targets for relationship </World/envs/env_0/robot1/camera/visuals/camera/World/mesh.material:binding> on stage @anon:0x5c4ca2380930:World0.usd@ <0x5c4cadaae370>)

2026-08-14T21:41:32Z [69,869ms] [Warning] [omni.usd] Warning: in _ReportErrors at line 3172 of /builds/omniverse/usd-ci/USD/pxr/usd/usd/stage.cpp -- In </World/envs/env_0/robot0/camera/visuals/camera/World/mesh.material:binding>: The relationship target </OmniKit_Viewport_LightRig/Looks/Ground_Material> from </X5A/camera/visuals/camera/World/mesh.material:binding> in layer @/root/RoboDojo/Assets/Robots/x5/ARX.usd@ refers to a path outside the scope of the reference from </World/envs/env_0/robot0>.  Ignoring. (getting targets for relationship </World/envs/env_0/robot0/camera/visuals/camera/World/mesh.material:binding> on stage @anon:0x5c4ca2380930:World0.usd@ <0x5c4cadaae370>)

2026-08-14T21:41:32Z [69,869ms] [Warning] [omni.usd] Warning: in _ReportErrors at line 3172 of /builds/omniverse/usd-ci/USD/pxr/usd/usd/stage.cpp -- In </World/envs/env_0/robot1/camera/visuals/camera/World/mesh.material:binding>: The relationship target </OmniKit_Viewport_LightRig/Looks/Ground_Material> from </X5A/camera/visuals/camera/World/mesh.material:binding> in layer @/root/RoboDojo/Assets/Robots/x5/ARX.usd@ refers to a path outside the scope of the reference from </World/envs/env_0/robot1>.  Ignoring. (getting targets for relationship </World/envs/env_0/robot1/camera/visuals/camera/World/mesh.material:binding> on stage @anon:0x5c4ca2380930:World0.usd@ <0x5c4cadaae370>)

2026-08-14T21:41:32Z [69,873ms] [Warning] [omni.usd] Warning (secondary thread): in _ReportErrors at line 3172 of /builds/omniverse/usd-ci/USD/pxr/usd/usd/stage.cpp -- In </World/envs/env_0/robot0/camera/visuals/camera/World/mesh.material:binding>: The relationship target </OmniKit_Viewport_LightRig/Looks/Ground_Material> from </X5A/camera/visuals/camera/World/mesh.material:binding> in layer @/root/RoboDojo/Assets/Robots/x5/ARX.usd@ refers to a path outside the scope of the reference from </World/envs/env_0/robot0>.  Ignoring. (getting targets for relationship </World/envs/env_0/robot0/camera/visuals/camera/World/mesh.material:binding> on stage @anon:0x5c4ca2380930:World0.usd@ <0x5c4cadaae370>)

2026-08-14T21:41:32Z [69,873ms] [Warning] [omni.usd] Warning: in _ReportErrors at line 3172 of /builds/omniverse/usd-ci/USD/pxr/usd/usd/stage.cpp -- In </World/envs/env_0/robot1/camera/visuals/camera/World/mesh.material:binding>: The relationship target </OmniKit_Viewport_LightRig/Looks/Ground_Material> from </X5A/camera/visuals/camera/World/mesh.material:binding> in layer @/root/RoboDojo/Assets/Robots/x5/ARX.usd@ refers to a path outside the scope of the reference from </World/envs/env_0/robot1>.  Ignoring. (getting targets for relationship </World/envs/env_0/robot1/camera/visuals/camera/World/mesh.material:binding> on stage @anon:0x5c4ca2380930:World0.usd@ <0x5c4cadaae370>)

2026-08-14T21:41:32Z [69,873ms] [Warning] [omni.usd] Warning (secondary thread): in _ReportErrors at line 3172 of /builds/omniverse/usd-ci/USD/pxr/usd/usd/stage.cpp -- In </World/envs/env_0/robot0/link3/visuals/link3/node_STL_BINARY_/mesh.material:binding>: The relationship target </Flattened_Prototype_9/camera/World/Looks/ID10> from </X5A/link3/visuals/link3/node_STL_BINARY_/mesh.material:binding> in layer @/root/RoboDojo/Assets/Robots/x5/ARX.usd@ refers to a path outside the scope of the reference from </World/envs/env_0/robot0>.  Ignoring. (getting targets for relationship </World/envs/env_0/robot0/link3/visuals/link3/node_STL_BINARY_/mesh.material:binding> on stage @anon:0x5c4ca2380930:World0.usd@ <0x5c4cadaae370>)

2026-08-14T21:41:32Z [69,874ms] [Warning] [omni.usd] Warning (secondary thread): in _ReportErrors at line 3172 of /builds/omniverse/usd-ci/USD/pxr/usd/usd/stage.cpp -- In </World/envs/env_0/robot1/link3/visuals/link3/node_STL_BINARY_/mesh.material:binding>: The relationship target </Flattened_Prototype_9/camera/World/Looks/ID10> from </X5A/link3/visuals/link3/node_STL_BINARY_/mesh.material:binding> in layer @/root/RoboDojo/Assets/Robots/x5/ARX.usd@ refers to a path outside the scope of the reference from </World/envs/env_0/robot1>.  Ignoring. (getting targets for relationship </World/envs/env_0/robot1/link3/visuals/link3/node_STL_BINARY_/mesh.material:binding> on stage @anon:0x5c4ca2380930:World0.usd@ <0x5c4cadaae370>)

[INFO]: Time taken for simulation start : 1.285895 seconds
[INFO]: Completed setting up the environment...
[INFO] Resetting all environments
[l3] table collider approximation = convexDecomposition
2026-08-14T21:41:34Z [71,083ms] [Warning] [omni.physx.plugin] The rigid body at /World/envs/env_0/rigid/Great_Dinos_Triceratops_Toy/Great_Dinos_Triceratops_Toy_0_4 has a possibly invalid inertia tensor of {1.0, 1.0, 1.0} and a negative mass, small sphere approximated inertia was used. Either specify correct values in the mass properties, or add collider(s) to any shape(s) that you wish to automatically compute mass properties for.
2026-08-14T21:41:39Z [76,709ms] [Warning] [omni.fabric.plugin] USD->Fabric: Unhandled array type string[]
2026-08-14T21:41:47Z [84,792ms] [Warning] [rtx.neuraylib.plugin] [MDLC:COMPILER]   1.0   MDLC   comp warn : file:/root/RoboDojo/.cache/robodojo_assets/Assets/Material/material_0122/Mahogany_Planks.mdl(49,24): C302 conversion from 'float' to 'float2' must be explicit
2026-08-14T21:41:47Z [84,792ms] [Warning] [rtx.neuraylib.plugin] [MDLC:COMPILER]   1.0   MDLC   comp warn : file:/root/RoboDojo/.cache/robodojo_assets/Assets/Material/material_0122/Mahogany_Planks.mdl(51,20): C302 conversion from 'float' to 'float2' must be explicit
2026-08-14T21:41:47Z [84,792ms] [Warning] [rtx.neuraylib.plugin] [MDLC:COMPILER]   1.0   MDLC   comp warn : file:/root/RoboDojo/.cache/robodojo_assets/Assets/Material/material_0122/Mahogany_Planks.mdl(52,31): C302 conversion from 'float' to 'float2' must be explicit
2026-08-14T21:41:47Z [84,792ms] [Warning] [rtx.neuraylib.plugin] [MDLC:COMPILER]   1.0   MDLC   comp warn : file:/root/RoboDojo/.cache/robodojo_assets/Assets/Material/material_0122/Mahogany_Planks.mdl(54,27): C302 conversion from 'float' to 'float2' must be explicit
2026-08-14T21:41:54Z [91,672ms] [Warning] [carb] Client gpu.foundation.plugin has acquired [gpu::unstable::IMemoryBudgetManagerFactory v0.1] 100 times. Consider accessing this interface with carb::getCachedInterface() (Performance warning)
env0 step: [92m1 / 600[0menv0 step: [92m2 / 600[0menv0 step: [92m3 / 600[0menv0 step: [92m4 / 600[0menv0 step: [92m5 / 600[0menv0 step: [92m6 / 600[0menv0 step: [92m7 / 600[0menv0 step: [92m8 / 600[0menv0 step: [92m9 / 600[0menv0 step: [92m10 / 600[0menv0 step: [92m11 / 600[0menv0 step: [92m12 / 600[0menv0 step: [92m13 / 600[0menv0 step: [92m14 / 600[0menv0 step: [92m15 / 600[0menv0 step: [92m16 / 600[0menv0 step: [92m17 / 600[0menv0 step: [92m18 / 600[0menv0 step: [92m19 / 600[0menv0 step: [92m20 / 600[0menv0 step: [92m21 / 600[0menv0 step: [92m22 / 600[0menv0 step: [92m23 / 600[0menv0 step: [92m24 / 600[0menv0 step: [92m25 / 600[0menv0 step: [92m26 / 600[0menv0 step: [92m27 / 600[0menv0 step: [92m28 / 600[0menv0 step: [92m29 / 600[0menv0 step: [92m30 / 600[0menv0 step: [92m31 / 600[0menv0 step: [92m32 / 600[0menv0 step: [92m33 / 600[0menv0 step: [92m34 / 600[0menv0 step: [92m35 / 600[0menv0 step: [92m36 / 600[0menv0 step: [92m37 / 600[0menv0 step: [92m38 / 600[0menv0 step: [92m39 / 600[0menv0 step: [92m40 / 600[0menv0 step: [92m41 / 600[0menv0 step: [92m42 / 600[0menv0 step: [92m43 / 600[0menv0 step: [92m44 / 600[0menv0 step: [92m45 / 600[0menv0 step: [92m46 / 600[0menv0 step: [92m47 / 600[0menv0 step: [92m48 / 600[0menv0 step: [92m49 / 600[0menv0 step: [92m50 / 600[0menv0 step: [92m51 / 600[0menv0 step: [92m52 / 600[0menv0 step: [92m53 / 600[0menv0 step: [92m54 / 600[0menv0 step: [92m55 / 600[0menv0 step: [92m56 / 600[0menv0 step: [92m57 / 600[0menv0 step: [92m58 / 600[0menv0 step: [92m59 / 600[0menv0 step: [92m60 / 600[0menv0 step: [92m61 / 600[0menv0 step: [92m62 / 600[0menv0 step: [92m63 / 600[0menv0 step: [92m64 / 600[0menv0 step: [92m65 / 600[0menv0 step: [92m66 / 600[0menv0 step: [92m67 / 600[0menv0 step: [92m68 / 600[0menv0 step: [92m69 / 600[0menv0 step: [92m70 / 600[0menv0 step: [92m71 / 600[0menv0 step: [92m72 / 600[0menv0 step: [92m73 / 600[0menv0 step: [92m74 / 600[0menv0 step: [92m75 / 600[0menv0 step: [92m76 / 600[0menv0 step: [92m77 / 600[0menv0 step: [92m78 / 600[0menv0 step: [92m79 / 600[0menv0 step: [92m80 / 600[0menv0 step: [92m81 / 600[0menv0 step: [92m82 / 600[0menv0 step: [92m83 / 600[0menv0 step: [92m84 / 600[0menv0 step: [92m85 / 600[0menv0 step: [92m86 / 600[0menv0 step: [92m87 / 600[0menv0 step: [92m88 / 600[0menv0 step: [92m89 / 600[0menv0 step: [92m90 / 600[0menv0 step: [92m91 / 600[0menv0 step: [92m92 / 600[0menv0 step: [92m93 / 600[0menv0 step: [92m94 / 600[0menv0 step: [92m95 / 600[0menv0 step: [92m96 / 600[0menv0 step: [92m97 / 600[0menv0 step: [92m98 / 600[0menv0 step: [92m99 / 600[0menv0 step: [92m100 / 600[0menv0 step: [92m101 / 600[0menv0 step: [92m102 / 600[0menv0 step: [92m103 / 600[0menv0 step: [92m104 / 600[0menv0 step: [92m105 / 600[0menv0 step: [92m106 / 600[0menv0 step: [92m107 / 600[0menv0 step: [92m108 / 600[0menv0 step: [92m109 / 600[0menv0 step: [92m110 / 600[0menv0 step: [92m111 / 600[0menv0 step: [92m112 / 600[0menv0 step: [92m113 / 600[0menv0 step: [92m114 / 600[0menv0 step: [92m115 / 600[0menv0 step: [92m116 / 600[0menv0 step: [92m117 / 600[0menv0 step: [92m118 / 600[0menv0 step: [92m119 / 600[0menv0 step: [92m120 / 600[0menv0 step: [92m121 / 600[0menv0 step: [92m122 / 600[0menv0 step: [92m123 / 600[0menv0 step: [92m124 / 600[0menv0 step: [92m125 / 600[0menv0 step: [92m126 / 600[0menv0 step: [92m127 / 600[0menv0 step: [92m128 / 600[0menv0 step: [92m129 / 600[0menv0 step: [92m130 / 600[0menv0 step: [92m131 / 600[0menv0 step: [92m132 / 600[0menv0 step: [92m133 / 600[0menv0 step: [92m134 / 600[0menv0 step: [92m135 / 600[0menv0 step: [92m136 / 600[0menv0 step: [92m137 / 600[0menv0 step: [92m138 / 600[0menv0 step: [92m139 / 600[0menv0 step: [92m140 / 600[0menv0 step: [92m141 / 600[0menv0 step: [92m142 / 600[0menv0 step: [92m143 / 600[0menv0 step: [92m144 / 600[0menv0 step: [92m145 / 600[0menv0 step: [92m146 / 600[0menv0 step: [92m147 / 600[0menv0 step: [92m148 / 600[0menv0 step: [92m149 / 600[0menv0 step: [92m150 / 600[0menv0 step: [92m151 / 600[0menv0 step: [92m152 / 600[0menv0 step: [92m153 / 600[0menv0 step: [92m154 / 600[0menv0 step: [92m155 / 600[0menv0 step: [92m156 / 600[0menv0 step: [92m157 / 600[0menv0 step: [92m158 / 600[0menv0 step: [92m159 / 600[0menv0 step: [92m160 / 600[0menv0 step: [92m161 / 600[0menv0 step: [92m162 / 600[0menv0 step: [92m163 / 600[0menv0 step: [92m164 / 600[0menv0 step: [92m165 / 600[0menv0 step: [92m166 / 600[0menv0 step: [92m167 / 600[0menv0 step: [92m168 / 600[0menv0 step: [92m169 / 600[0menv0 step: [92m170 / 600[0menv0 step: [92m171 / 600[0menv0 step: [92m172 / 600[0menv0 step: [92m173 / 600[0menv0 step: [92m174 / 600[0menv0 step: [92m175 / 600[0menv0 step: [92m176 / 600[0menv0 step: [92m177 / 600[0menv0 step: [92m178 / 600[0menv0 step: [92m179 / 600[0menv0 step: [92m180 / 600[0menv0 step: [92m181 / 600[0menv0 step: [92m182 / 600[0menv0 step: [92m183 / 600[0menv0 step: [92m184 / 600[0menv0 step: [92m185 / 600[0menv0 step: [92m186 / 600[0menv0 step: [92m187 / 600[0menv0 step: [92m188 / 600[0menv0 step: [92m189 / 600[0menv0 step: [92m190 / 600[0menv0 step: [92m191 / 600[0menv0 step: [92m192 / 600[0menv0 step: [92m193 / 600[0menv0 step: [92m194 / 600[0menv0 step: [92m195 / 600[0menv0 step: [92m196 / 600[0menv0 step: [92m197 / 600[0menv0 step: [92m198 / 600[0menv0 step: [92m199 / 600[0menv0 step: [92m200 / 600[0menv0 step: [92m201 / 600[0menv0 step: [92m202 / 600[0menv0 step: [92m203 / 600[0menv0 step: [92m204 / 600[0menv0 step: [92m205 / 600[0menv0 step: [92m206 / 600[0menv0 step: [92m207 / 600[0menv0 step: [92m208 / 600[0menv0 step: [92m209 / 600[0menv0 step: [92m210 / 600[0menv0 step: [92m211 / 600[0menv0 step: [92m212 / 600[0menv0 step: [92m213 / 600[0menv0 step: [92m214 / 600[0menv0 step: [92m215 / 600[0menv0 step: [92m216 / 600[0menv0 step: [92m217 / 600[0menv0 step: [92m218 / 600[0menv0 step: [92m219 / 600[0menv0 step: [92m220 / 600[0menv0 step: [92m221 / 600[0menv0 step: [92m222 / 600[0menv0 step: [92m223 / 600[0menv0 step: [92m224 / 600[0menv0 step: [92m225 / 600[0menv0 step: [92m226 / 600[0menv0 step: [92m227 / 600[0menv0 step: [92m228 / 600[0menv0 step: [92m229 / 600[0menv0 step: [92m230 / 600[0menv0 step: [92m231 / 600[0menv0 step: [92m232 / 600[0menv0 step: [92m233 / 600[0menv0 step: [92m234 / 600[0menv0 step: [92m235 / 600[0menv0 step: [92m236 / 600[0menv0 step: [92m237 / 600[0menv0 step: [92m238 / 600[0menv0 step: [92m239 / 600[0menv0 step: [92m240 / 600[0menv0 step: [92m241 / 600[0menv0 step: [92m242 / 600[0menv0 step: [92m243 / 600[0menv0 step: [92m244 / 600[0menv0 step: [92m245 / 600[0menv0 step: [92m246 / 600[0menv0 step: [92m247 / 600[0menv0 step: [92m248 / 600[0menv0 step: [92m249 / 600[0menv0 step: [92m250 / 600[0menv0 step: [92m251 / 600[0menv0 step: [92m252 / 600[0menv0 step: [92m253 / 600[0menv0 step: [92m254 / 600[0menv0 step: [92m255 / 600[0menv0 step: [92m256 / 600[0menv0 step: [92m257 / 600[0menv0 step: [92m258 / 600[0menv0 step: [92m259 / 600[0menv0 step: [92m260 / 600[0menv0 step: [92m261 / 600[0menv0 step: [92m262 / 600[0menv0 step: [92m263 / 600[0menv0 step: [92m264 / 600[0menv0 step: [92m265 / 600[0menv0 step: [92m266 / 600[0menv0 step: [92m267 / 600[0menv0 step: [92m268 / 600[0menv0 step: [92m269 / 600[0menv0 step: [92m270 / 600[0menv0 step: [92m271 / 600[0menv0 step: [92m272 / 600[0menv0 step: [92m273 / 600[0menv0 step: [92m274 / 600[0menv0 step: [92m275 / 600[0menv0 step: [92m276 / 600[0menv0 step: [92m277 / 600[0menv0 step: [92m278 / 600[0menv0 step: [92m279 / 600[0menv0 step: [92m280 / 600[0menv0 step: [92m281 / 600[0menv0 step: [92m282 / 600[0menv0 step: [92m283 / 600[0menv0 step: [92m284 / 600[0menv0 step: [92m285 / 600[0menv0 step: [92m286 / 600[0menv0 step: [92m287 / 600[0menv0 step: [92m288 / 600[0menv0 step: [92m289 / 600[0menv0 step: [92m290 / 600[0menv0 step: [92m291 / 600[0menv0 step: [92m292 / 600[0menv0 step: [92m293 / 600[0menv0 step: [92m294 / 600[0menv0 step: [92m295 / 600[0menv0 step: [92m296 / 600[0menv0 step: [92m297 / 600[0menv0 step: [92m298 / 600[0menv0 step: [92m299 / 600[0menv0 step: [92m300 / 600[0menv0 step: [92m301 / 600[0menv0 step: [92m302 / 600[0menv0 step: [92m303 / 600[0menv0 step: [92m304 / 600[0menv0 step: [92m305 / 600[0menv0 step: [92m306 / 600[0menv0 step: [92m307 / 600[0menv0 step: [92m308 / 600[0menv0 step: [92m309 / 600[0menv0 step: [92m310 / 600[0menv0 step: [92m311 / 600[0menv0 step: [92m312 / 600[0menv0 step: [92m313 / 600[0menv0 step: [92m314 / 600[0menv0 step: [92m315 / 600[0menv0 step: [92m316 / 600[0menv0 step: [92m317 / 600[0menv0 step: [92m318 / 600[0menv0 step: [92m319 / 600[0menv0 step: [92m320 / 600[0menv0 step: [92m321 / 600[0menv0 step: [92m322 / 600[0menv0 step: [92m323 / 600[0menv0 step: [92m324 / 600[0menv0 step: [92m325 / 600[0menv0 step: [92m326 / 600[0menv0 step: [92m327 / 600[0menv0 step: [92m328 / 600[0menv0 step: [92m329 / 600[0menv0 step: [92m330 / 600[0menv0 step: [92m331 / 600[0menv0 step: [92m332 / 600[0menv0 step: [92m333 / 600[0menv0 step: [92m334 / 600[0menv0 step: [92m335 / 600[0menv0 step: [92m336 / 600[0menv0 step: [92m337 / 600[0menv0 step: [92m338 / 600[0menv0 step: [92m339 / 600[0menv0 step: [92m340 / 600[0menv0 step: [92m341 / 600[0menv0 step: [92m342 / 600[0menv0 step: [92m343 / 600[0menv0 step: [92m344 / 600[0menv0 step: [92m345 / 600[0menv0 step: [92m346 / 600[0menv0 step: [92m347 / 600[0menv0 step: [92m348 / 600[0menv0 step: [92m349 / 600[0menv0 step: [92m350 / 600[0menv0 step: [92m351 / 600[0menv0 step: [92m352 / 600[0menv0 step: [92m353 / 600[0menv0 step: [92m354 / 600[0menv0 step: [92m355 / 600[0menv0 step: [92m356 / 600[0menv0 step: [92m357 / 600[0menv0 step: [92m358 / 600[0menv0 step: [92m359 / 600[0menv0 step: [92m360 / 600[0menv0 step: [92m361 / 600[0menv0 step: [92m362 / 600[0menv0 step: [92m363 / 600[0menv0 step: [92m364 / 600[0menv0 step: [92m365 / 600[0menv0 step: [92m366 / 600[0menv0 step: [92m367 / 600[0menv0 step: [92m368 / 600[0menv0 step: [92m369 / 600[0menv0 step: [92m370 / 600[0menv0 step: [92m371 / 600[0menv0 step: [92m372 / 600[0menv0 step: [92m373 / 600[0menv0 step: [92m374 / 600[0menv0 step: [92m375 / 600[0menv0 step: [92m376 / 600[0menv0 step: [92m377 / 600[0menv0 step: [92m378 / 600[0menv0 step: [92m379 / 600[0menv0 step: [92m380 / 600[0menv0 step: [92m381 / 600[0menv0 step: [92m382 / 600[0menv0 step: [92m383 / 600[0menv0 step: [92m384 / 600[0menv0 step: [92m385 / 600[0menv0 step: [92m386 / 600[0menv0 step: [92m387 / 600[0menv0 step: [92m388 / 600[0menv0 step: [92m389 / 600[0menv0 step: [92m390 / 600[0menv0 step: [92m391 / 600[0menv0 step: [92m392 / 600[0menv0 step: [92m393 / 600[0menv0 step: [92m394 / 600[0menv0 step: [92m395 / 600[0menv0 step: [92m396 / 600[0menv0 step: [92m397 / 600[0menv0 step: [92m398 / 600[0menv0 step: [92m399 / 600[0menv0 step: [92m400 / 600[0menv0 step: [92m401 / 600[0menv0 step: [92m402 / 600[0menv0 step: [92m403 / 600[0menv0 step: [92m404 / 600[0menv0 step: [92m405 / 600[0menv0 step: [92m406 / 600[0menv0 step: [92m407 / 600[0menv0 step: [92m408 / 600[0menv0 step: [92m409 / 600[0menv0 step: [92m410 / 600[0menv0 step: [92m411 / 600[0menv0 step: [92m412 / 600[0menv0 step: [92m413 / 600[0menv0 step: [92m414 / 600[0menv0 step: [92m415 / 600[0menv0 step: [92m416 / 600[0menv0 step: [92m417 / 600[0menv0 step: [92m418 / 600[0menv0 step: [92m419 / 600[0menv0 step: [92m420 / 600[0menv0 step: [92m421 / 600[0menv0 step: [92m422 / 600[0menv0 step: [92m423 / 600[0menv0 step: [92m424 / 600[0menv0 step: [92m425 / 600[0menv0 step: [92m426 / 600[0menv0 step: [92m427 / 600[0menv0 step: [92m428 / 600[0menv0 step: [92m429 / 600[0menv0 step: [92m430 / 600[0menv0 step: [92m431 / 600[0menv0 step: [92m432 / 600[0menv0 step: [92m433 / 600[0menv0 step: [92m434 / 600[0menv0 step: [92m435 / 600[0menv0 step: [92m436 / 600[0menv0 step: [92m437 / 600[0menv0 step: [92m438 / 600[0menv0 step: [92m439 / 600[0menv0 step: [92m440 / 600[0menv0 step: [92m441 / 600[0menv0 step: [92m442 / 600[0menv0 step: [92m443 / 600[0menv0 step: [92m444 / 600[0menv0 step: [92m445 / 600[0menv0 step: [92m446 / 600[0menv0 step: [92m447 / 600[0menv0 step: [92m448 / 600[0menv0 step: [92m449 / 600[0menv0 step: [92m450 / 600[0menv0 step: [92m451 / 600[0menv0 step: [92m452 / 600[0menv0 step: [92m453 / 600[0menv0 step: [92m454 / 600[0menv0 step: [92m455 / 600[0menv0 step: [92m456 / 600[0menv0 step: [92m457 / 600[0menv0 step: [92m458 / 600[0menv0 step: [92m459 / 600[0menv0 step: [92m460 / 600[0menv0 step: [92m461 / 600[0menv0 step: [92m462 / 600[0menv0 step: [92m463 / 600[0menv0 step: [92m464 / 600[0menv0 step: [92m465 / 600[0menv0 step: [92m466 / 600[0menv0 step: [92m467 / 600[0menv0 step: [92m468 / 600[0menv0 step: [92m469 / 600[0menv0 step: [92m470 / 600[0menv0 step: [92m471 / 600[0menv0 step: [92m472 / 600[0menv0 step: [92m473 / 600[0menv0 step: [92m474 / 600[0menv0 step: [92m475 / 600[0menv0 step: [92m476 / 600[0menv0 step: [92m477 / 600[0menv0 step: [92m478 / 600[0menv0 step: [92m479 / 600[0menv0 step: [92m480 / 600[0menv0 step: [92m481 / 600[0menv0 step: [92m482 / 600[0menv0 step: [92m483 / 600[0menv0 step: [92m484 / 600[0menv0 step: [92m485 / 600[0menv0 step: [92m486 / 600[0menv0 step: [92m487 / 600[0menv0 step: [92m488 / 600[0menv0 step: [92m489 / 600[0menv0 step: [92m490 / 600[0menv0 step: [92m491 / 600[0menv0 step: [92m492 / 600[0menv0 step: [92m493 / 600[0menv0 step: [92m494 / 600[0menv0 step: [92m495 / 600[0menv0 step: [92m496 / 600[0menv0 step: [92m497 / 600[0menv0 step: [92m498 / 600[0menv0 step: [92m499 / 600[0menv0 step: [92m500 / 600[0menv0 step: [92m501 / 600[0menv0 step: [92m502 / 600[0menv0 step: [92m503 / 600[0menv0 step: [92m504 / 600[0menv0 step: [92m505 / 600[0menv0 step: [92m506 / 600[0menv0 step: [92m507 / 600[0menv0 step: [92m508 / 600[0menv0 step: [92m509 / 600[0menv0 step: [92m510 / 600[0menv0 step: [92m511 / 600[0menv0 step: [92m512 / 600[0menv0 step: [92m513 / 600[0menv0 step: [92m514 / 600[0menv0 step: [92m515 / 600[0menv0 step: [92m516 / 600[0menv0 step: [92m517 / 600[0menv0 step: [92m518 / 600[0menv0 step: [92m519 / 600[0menv0 step: [92m520 / 600[0menv0 step: [92m521 / 600[0menv0 step: [92m522 / 600[0menv0 step: [92m523 / 600[0menv0 step: [92m524 / 600[0menv0 step: [92m525 / 600[0menv0 step: [92m526 / 600[0menv0 step: [92m527 / 600[0menv0 step: [92m528 / 600[0menv0 step: [92m529 / 600[0menv0 step: [92m530 / 600[0menv0 step: [92m531 / 600[0menv0 step: [92m532 / 600[0menv0 step: [92m533 / 600[0menv0 step: [92m534 / 600[0menv0 step: [92m535 / 600[0menv0 step: [92m536 / 600[0menv0 step: [92m537 / 600[0menv0 step: [92m538 / 600[0menv0 step: [92m539 / 600[0menv0 step: [92m540 / 600[0menv0 step: [92m541 / 600[0menv0 step: [92m542 / 600[0menv0 step: [92m543 / 600[0menv0 step: [92m544 / 600[0menv0 step: [92m545 / 600[0menv0 step: [92m546 / 600[0menv0 step: [92m547 / 600[0menv0 step: [92m548 / 600[0menv0 step: [92m549 / 600[0menv0 step: [92m550 / 600[0menv0 step: [92m551 / 600[0menv0 step: [92m552 / 600[0menv0 step: [92m553 / 600[0menv0 step: [92m554 / 600[0menv0 step: [92m555 / 600[0menv0 step: [92m556 / 600[0menv0 step: [92m557 / 600[0menv0 step: [92m558 / 600[0menv0 step: [92m559 / 600[0menv0 step: [92m560 / 600[0menv0 step: [92m561 / 600[0menv0 step: [92m562 / 600[0menv0 step: [92m563 / 600[0menv0 step: [92m564 / 600[0menv0 step: [92m565 / 600[0menv0 step: [92m566 / 600[0menv0 step: [92m567 / 600[0menv0 step: [92m568 / 600[0menv0 step: [92m569 / 600[0menv0 step: [92m570 / 600[0menv0 step: [92m571 / 600[0menv0 step: [92m572 / 600[0menv0 step: [92m573 / 600[0menv0 step: [92m574 / 600[0menv0 step: [92m575 / 600[0menv0 step: [92m576 / 600[0menv0 step: [92m577 / 600[0menv0 step: [92m578 / 600[0menv0 step: [92m579 / 600[0menv0 step: [92m580 / 600[0menv0 step: [92m581 / 600[0menv0 step: [92m582 / 600[0menv0 step: [92m583 / 600[0menv0 step: [92m584 / 600[0menv0 step: [92m585 / 600[0menv0 step: [92m586 / 600[0menv0 step: [92m587 / 600[0menv0 step: [92m588 / 600[0menv0 step: [92m589 / 600[0menv0 step: [92m590 / 600[0menv0 step: [92m591 / 600[0menv0 step: [92m592 / 600[0menv0 step: [92m593 / 600[0menv0 step: [92m594 / 600[0menv0 step: [92m595 / 600[0menv0 step: [92m596 / 600[0menv0 step: [92m597 / 600[0menv0 step: [92m598 / 600[0menv0 step: [92m599 / 600[0menv0 step: [92m600 / 600[0m🎬 Video is saved to `eval_result/RoboDojo/general_pickup/l3_link/arx_x5_shot1/0_/2026-08-14_21-40-22/episode_0000000_cam_head_fail.mp4`, containing [94m601[0m frames at 640×480 resolution and 25 FPS.
🎬 Video is saved to `eval_result/RoboDojo/general_pickup/l3_link/arx_x5_shot1/0_/2026-08-14_21-40-22/episode_0000000_cam_left_wrist_fail.mp4`, containing [94m601[0m frames at 640×480 resolution and 25 FPS.
🎬 Video is saved to `eval_result/RoboDojo/general_pickup/l3_link/arx_x5_shot1/0_/2026-08-14_21-40-22/episode_0000000_cam_right_wrist_fail.mp4`, containing [94m601[0m frames at 640×480 resolution and 25 FPS.
Success nums: 0, Fail nums: 1, Unstable nums: 0
2026-08-14T21:44:29Z [246,190ms] [Warning] [carb.windowing-glfw.plugin] GLFW initialization failed.
2026-08-14T21:44:29Z [246,190ms] [Warning] [carb] Failed to startup plugin carb.windowing-glfw.plugin (interfaces: [carb::windowing::IGLContext v1.0],[carb::windowing::IWindowing v1.5]) (impl: carb.windowing-glfw.plugin)
[INFO]: Parsing configuration from: env.environment.isaac.isaac_rl_env:IsaacRLEnvCfg

[36m======================================================================================[0m
[36m[1m[INFO][IsaacLab]: Logging to file: /tmp/isaaclab/logs/isaaclab_2026-08-14_21-44-29.log[0m
[36m======================================================================================[0m

[33m21:44:30 [simulation_context.py] WARNING: The `enable_external_forces_every_iteration` parameter in the PhysxCfg is set to False. If you are experiencing noisy velocities, consider enabling this flag. You may need to slightly increase the number of velocity iterations (setting it to 1 or 2 rather than 0), together with this flag, to improve the accuracy of velocity updates.[0m
[INFO]: Base environment:
	Environment device    : cpu
	Environment seed      : 1
	Physics step-size     : 0.004
	Rendering step-size   : 0.04
	Environment step-size : 0.004
2026-08-14T21:44:30Z [247,348ms] [Warning] [isaacsim.sensors.camera.camera] 'verticalAperture' (1.5290800094604493) and 'horizontalAperture' (2.0954999923706055) are inconsistent with the pixel resolution aspect ratio (1.3333333333333333). Setting 'verticalAperture' to 1.571624994277954 to ensure square pixels.
2026-08-14T21:44:30Z [247,375ms] [Warning] [isaacsim.sensors.camera.camera] 'verticalAperture' (1.5290800094604493) and 'horizontalAperture' (2.0954999923706055) are inconsistent with the pixel resolution aspect ratio (1.3333333333333333). Setting 'verticalAperture' to 1.571624994277954 to ensure square pixels.
2026-08-14T21:44:30Z [247,402ms] [Warning] [isaacsim.sensors.camera.camera] 'verticalAperture' (1.5290800094604493) and 'horizontalAperture' (2.0954999923706055) are inconsistent with the pixel resolution aspect ratio (1.3333333333333333). Setting 'verticalAperture' to 1.571624994277954 to ensure square pixels.
[INFO]: Time taken for scene creation : 0.448340 seconds
[INFO]: Scene manager:  <class InteractiveScene>
	Number of environments: 1
	Environment spacing   : 7
	Source prim name      : /World/envs/env_0
	Global prim paths     : []
	Replicate physics     : False
[INFO]: Starting the simulation. This may take a few seconds. Please wait...
2026-08-14T21:44:30Z [247,425ms] [Warning] [omni.usd] Warning: in _ReportErrors at line 3172 of /builds/omniverse/usd-ci/USD/pxr/usd/usd/stage.cpp -- In </World/envs/env_0/robot0/camera/visuals/camera/World/mesh.material:binding>: The relationship target </OmniKit_Viewport_LightRig/Looks/Ground_Material> from </X5A/camera/visuals/camera/World/mesh.material:binding> in layer @/root/RoboDojo/Assets/Robots/x5/ARX.usd@ refers to a path outside the scope of the reference from </World/envs/env_0/robot0>.  Ignoring. (getting targets for relationship </World/envs/env_0/robot0/camera/visuals/camera/World/mesh.material:binding> on stage @anon:0x7c544e4263c0:World1.usd@ <0x5c4cb1986e90>)

2026-08-14T21:44:30Z [247,438ms] [Warning] [omni.usd] Warning: in _ReportErrors at line 3172 of /builds/omniverse/usd-ci/USD/pxr/usd/usd/stage.cpp -- In </World/envs/env_0/robot1/camera/visuals/camera/World/mesh.material:binding>: The relationship target </OmniKit_Viewport_LightRig/Looks/Ground_Material> from </X5A/camera/visuals/camera/World/mesh.material:binding> in layer @/root/RoboDojo/Assets/Robots/x5/ARX.usd@ refers to a path outside the scope of the reference from </World/envs/env_0/robot1>.  Ignoring. (getting targets for relationship </World/envs/env_0/robot1/camera/visuals/camera/World/mesh.material:binding> on stage @anon:0x7c544e4263c0:World1.usd@ <0x5c4cb1986e90>)

2026-08-14T21:44:31Z [248,307ms] [Warning] [omni.usd] Warning: in _ReportErrors at line 3172 of /builds/omniverse/usd-ci/USD/pxr/usd/usd/stage.cpp -- In </World/envs/env_0/robot0/camera/visuals/camera/World/mesh.material:binding>: The relationship target </OmniKit_Viewport_LightRig/Looks/Ground_Material> from </X5A/camera/visuals/camera/World/mesh.material:binding> in layer @/root/RoboDojo/Assets/Robots/x5/ARX.usd@ refers to a path outside the scope of the reference from </World/envs/env_0/robot0>.  Ignoring. (getting targets for relationship </World/envs/env_0/robot0/camera/visuals/camera/World/mesh.material:binding> on stage @anon:0x7c544e4263c0:World1.usd@ <0x5c4cb1986e90>)

2026-08-14T21:44:31Z [248,307ms] [Warning] [omni.usd] Warning: in _ReportErrors at line 3172 of /builds/omniverse/usd-ci/USD/pxr/usd/usd/stage.cpp -- In </World/envs/env_0/robot1/camera/visuals/camera/World/mesh.material:binding>: The relationship target </OmniKit_Viewport_LightRig/Looks/Ground_Material> from </X5A/camera/visuals/camera/World/mesh.material:binding> in layer @/root/RoboDojo/Assets/Robots/x5/ARX.usd@ refers to a path outside the scope of the reference from </World/envs/env_0/robot1>.  Ignoring. (getting targets for relationship </World/envs/env_0/robot1/camera/visuals/camera/World/mesh.material:binding> on stage @anon:0x7c544e4263c0:World1.usd@ <0x5c4cb1986e90>)

2026-08-14T21:44:31Z [248,312ms] [Warning] [omni.usd] Warning (secondary thread): in _ReportErrors at line 3172 of /builds/omniverse/usd-ci/USD/pxr/usd/usd/stage.cpp -- In </World/envs/env_0/robot0/link3/visuals/link3/node_STL_BINARY_/mesh.material:binding>: The relationship target </Flattened_Prototype_9/camera/World/Looks/ID10> from </X5A/link3/visuals/link3/node_STL_BINARY_/mesh.material:binding> in layer @/root/RoboDojo/Assets/Robots/x5/ARX.usd@ refers to a path outside the scope of the reference from </World/envs/env_0/robot0>.  Ignoring. (getting targets for relationship </World/envs/env_0/robot0/link3/visuals/link3/node_STL_BINARY_/mesh.material:binding> on stage @anon:0x7c544e4263c0:World1.usd@ <0x5c4cb1986e90>)

2026-08-14T21:44:31Z [248,312ms] [Warning] [omni.usd] Warning (secondary thread): in _ReportErrors at line 3172 of /builds/omniverse/usd-ci/USD/pxr/usd/usd/stage.cpp -- In </World/envs/env_0/robot0/camera/visuals/camera/World/mesh.material:binding>: The relationship target </OmniKit_Viewport_LightRig/Looks/Ground_Material> from </X5A/camera/visuals/camera/World/mesh.material:binding> in layer @/root/RoboDojo/Assets/Robots/x5/ARX.usd@ refers to a path outside the scope of the reference from </World/envs/env_0/robot0>.  Ignoring. (getting targets for relationship </World/envs/env_0/robot0/camera/visuals/camera/World/mesh.material:binding> on stage @anon:0x7c544e4263c0:World1.usd@ <0x5c4cb1986e90>)

2026-08-14T21:44:31Z [248,313ms] [Warning] [omni.usd] Warning (secondary thread): in _ReportErrors at line 3172 of /builds/omniverse/usd-ci/USD/pxr/usd/usd/stage.cpp -- In </World/envs/env_0/robot1/camera/visuals/camera/World/mesh.material:binding>: The relationship target </OmniKit_Viewport_LightRig/Looks/Ground_Material> from </X5A/camera/visuals/camera/World/mesh.material:binding> in layer @/root/RoboDojo/Assets/Robots/x5/ARX.usd@ refers to a path outside the scope of the reference from </World/envs/env_0/robot1>.  Ignoring. (getting targets for relationship </World/envs/env_0/robot1/camera/visuals/camera/World/mesh.material:binding> on stage @anon:0x7c544e4263c0:World1.usd@ <0x5c4cb1986e90>)

2026-08-14T21:44:31Z [248,313ms] [Warning] [omni.usd] Warning (secondary thread): in _ReportErrors at line 3172 of /builds/omniverse/usd-ci/USD/pxr/usd/usd/stage.cpp -- In </World/envs/env_0/robot1/link3/visuals/link3/node_STL_BINARY_/mesh.material:binding>: The relationship target </Flattened_Prototype_9/camera/World/Looks/ID10> from </X5A/link3/visuals/link3/node_STL_BINARY_/mesh.material:binding> in layer @/root/RoboDojo/Assets/Robots/x5/ARX.usd@ refers to a path outside the scope of the reference from </World/envs/env_0/robot1>.  Ignoring. (getting targets for relationship </World/envs/env_0/robot1/link3/visuals/link3/node_STL_BINARY_/mesh.material:binding> on stage @anon:0x7c544e4263c0:World1.usd@ <0x5c4cb1986e90>)

[INFO]: Time taken for simulation start : 1.145825 seconds
[INFO]: Completed setting up the environment...
[INFO] Resetting all environments
[l3] table collider approximation = convexDecomposition
2026-08-14T21:44:32Z [249,654ms] [Warning] [omni.physx.plugin] The rigid body at /World/envs/env_0/rigid/Crayola_Washable_Fingerpaint_Red_Blue_Yellow_3_count_8_fl_oz_bottes_each/Crayola_Washable_Fingerpaint_Red_Blue_Yellow_3_count_8_fl_oz_bottes_each_0_10 has a possibly invalid inertia tensor of {1.0, 1.0, 1.0} and a negative mass, small sphere approximated inertia was used. Either specify correct values in the mass properties, or add collider(s) to any shape(s) that you wish to automatically compute mass properties for.
2026-08-14T21:44:36Z [252,918ms] [Warning] [carb] Client omni.hydratexture.plugin has acquired [carb::settings::ISettings v1.0] 100 times. Consider accessing this interface with carb::getCachedInterface() (Performance warning)
env0 step: [92m1 / 600[0menv0 step: [92m2 / 600[0menv0 step: [92m3 / 600[0menv0 step: [92m4 / 600[0menv0 step: [92m5 / 600[0menv0 step: [92m6 / 600[0menv0 step: [92m7 / 600[0menv0 step: [92m8 / 600[0menv0 step: [92m9 / 600[0menv0 step: [92m10 / 600[0menv0 step: [92m11 / 600[0menv0 step: [92m12 / 600[0menv0 step: [92m13 / 600[0menv0 step: [92m14 / 600[0menv0 step: [92m15 / 600[0menv0 step: [92m16 / 600[0menv0 step: [92m17 / 600[0menv0 step: [92m18 / 600[0menv0 step: [92m19 / 600[0m